06-02 15:15:00.800  1824  1942 V WindowManager: Unknown focus tokens, dropping reportFocusChanged
06-02 15:15:01.974  1824  2802 W ContextImpl: Calling a method in the system process without a qualified user: android.app.ContextImpl.sendBroadcastMultiplePermissions:1228 com.android.server.TelephonyRegistry.broadcastServiceStateChanged:3085 com.android.server.TelephonyRegistry.notifyServiceStateForPhoneId:1616 com.android.internal.telephony.ITelephonyRegistry$Stub.onTransact:492 android.os.Binder.execTransactInternal:1280 
06-02 15:15:01.976  1824  2802 W ContextImpl: Calling a method in the system process without a qualified user: android.app.ContextImpl.sendBroadcastMultiplePermissions:1278 android.content.Context.sendBroadcastMultiplePermissions:2272 com.android.server.TelephonyRegistry.broadcastServiceStateChanged:3089 com.android.server.TelephonyRegistry.notifyServiceStateForPhoneId:1616 com.android.internal.telephony.ITelephonyRegistry$Stub.onTransact:492 
06-02 15:15:01.976  1824  1951 W BroadcastQueue: Permission Denial: receiving Intent { act=android.intent.action.SERVICE_STATE flg=0x1000010 (has extras) } to ProcessRecord{7329222 2379:com.android.systemui/u0a168} (pid=2379, uid=10168) requires android.permission.ACCESS_FINE_LOCATION due to sender android (uid 1001)
06-02 15:15:01.977  1824  1951 W BroadcastQueue: Permission Denial: receiving Intent { act=android.intent.action.SERVICE_STATE flg=0x1000010 (has extras) } to com.android.cellbroadcastreceiver.module/com.android.cellbroadcastreceiver.CellBroadcastReceiver requires android.permission.READ_PHONE_STATE due to sender android (uid 1001)
06-02 15:15:01.977  1824  1951 W BroadcastQueue: Permission Denial: receiving Intent { act=android.intent.action.SERVICE_STATE flg=0x1000010 (has extras) } to ProcessRecord{7329222 2379:com.android.systemui/u0a168} (pid=2379, uid=10168) requires android.permission.ACCESS_FINE_LOCATION due to sender android (uid 1001)
06-02 15:15:01.977  1824  1951 W BroadcastQueue: Permission Denial: receiving Intent { act=android.intent.action.SERVICE_STATE flg=0x1000010 (has extras) } to com.android.cellbroadcastreceiver.module/com.android.cellbroadcastreceiver.CellBroadcastReceiver requires android.permission.ACCESS_FINE_LOCATION due to sender android (uid 1001)
06-02 15:15:01.977  1824  2802 W ContextImpl: Calling a method in the system process without a qualified user: android.app.ContextImpl.sendBroadcastMultiplePermissions:1278 android.content.Context.sendBroadcastMultiplePermissions:2272 com.android.server.TelephonyRegistry.broadcastServiceStateChanged:3096 com.android.server.TelephonyRegistry.notifyServiceStateForPhoneId:1616 com.android.internal.telephony.ITelephonyRegistry$Stub.onTransact:492 
06-02 15:15:01.978  1824  2802 W ContextImpl: Calling a method in the system process without a qualified user: android.app.ContextImpl.sendBroadcastMultiplePermissions:1278 android.content.Context.sendBroadcastMultiplePermissions:2272 com.android.server.TelephonyRegistry.broadcastServiceStateChanged:3100 com.android.server.TelephonyRegistry.notifyServiceStateForPhoneId:1616 com.android.internal.telephony.ITelephonyRegistry$Stub.onTransact:492 
06-02 15:15:01.978  1824  1951 W BroadcastQueue: Permission Denial: receiving Intent { act=android.intent.action.SERVICE_STATE flg=0x1000010 (has extras) } to com.android.cellbroadcastreceiver.module/com.android.cellbroadcastreceiver.CellBroadcastReceiver requires android.permission.READ_PHONE_STATE due to sender android (uid 1001)
06-02 15:15:01.979  1824  1951 W BroadcastQueue: Appop Denial: receiving Intent { act=android.intent.action.SERVICE_STATE flg=0x1000010 (has extras) } to ProcessRecord{7329222 2379:com.android.systemui/u0a168} (pid=2379, uid=10168) excludes appop android:read_phone_state due to sender android (uid 1001)
06-02 15:15:01.980  1824  1951 W ProcessStats: Tracking association SourceState{e1d1aa9 system/1000 BTopFgs #10440} whose proc state 2 is better than process ProcessState{479b8ee org.kde.kdeconnect_tp/10193 pkg=org.kde.kdeconnect_tp} proc state 3 (11 skipped)
06-02 15:15:03.665  1824  4452 D CoreBackPreview: Window{a295ef5 u0 top.qwq2333.nullgram/org.telegram.messenger.MainIcon}: Setting back callback OnBackInvokedCallbackInfo{mCallback=android.window.IOnBackInvokedCallback$Stub$Proxy@d2dbbd7, mPriority=0}
06-02 15:15:08.863  1824  4452 D CoreBackPreview: Window{a295ef5 u0 top.qwq2333.nullgram/org.telegram.messenger.MainIcon}: Setting back callback null
06-02 15:15:08.877  1824  1942 V WindowManager: Unknown focus tokens, dropping reportFocusChanged
06-02 15:15:10.203  1824  4452 D CoreBackPreview: Window{966c788 u0 top.qwq2333.nullgram/org.telegram.messenger.MainIcon}: Setting back callback OnBackInvokedCallbackInfo{mCallback=android.window.IOnBackInvokedCallback$Stub$Proxy@213c759, mPriority=0}
06-02 15:15:12.819  1824  2233 D CoreBackPreview: Window{966c788 u0 top.qwq2333.nullgram/org.telegram.messenger.MainIcon}: Setting back callback null
06-02 15:15:12.835  1824  1942 V WindowManager: Unknown focus tokens, dropping reportFocusChanged
06-02 15:15:18.298  1824  2410 D CoreBackPreview: Window{4bf1708 u0 top.qwq2333.nullgram/org.telegram.messenger.MainIcon}: Setting back callback OnBackInvokedCallbackInfo{mCallback=android.window.IOnBackInvokedCallback$Stub$Proxy@3b03b52, mPriority=0}
06-02 15:15:22.488  1824  4452 D CoreBackPreview: Window{4bf1708 u0 top.qwq2333.nullgram/org.telegram.messenger.MainIcon}: Setting back callback null
06-02 15:15:22.503  1824  1942 V WindowManager: Unknown focus tokens, dropping reportFocusChanged
06-02 15:15:24.885  1824 17387 D CoreBackPreview: Window{4b6e7f3 u0 top.qwq2333.nullgram/org.telegram.messenger.MainIcon}: Setting back callback OnBackInvokedCallbackInfo{mCallback=android.window.IOnBackInvokedCallback$Stub$Proxy@eae4ce5, mPriority=0}
06-02 15:15:26.215  1824 17387 D CoreBackPreview: Window{4b6e7f3 u0 top.qwq2333.nullgram/org.telegram.messenger.MainIcon}: Setting back callback null
06-02 15:15:26.231  1824  1942 V WindowManager: Unknown focus tokens, dropping reportFocusChanged
06-02 15:15:27.117  1824  1824 W ProcessStats: Tracking association SourceState{e1d1aa9 system/1000 BTopFgs #10470} whose proc state 2 is better than process ProcessState{479b8ee org.kde.kdeconnect_tp/10193 pkg=org.kde.kdeconnect_tp} proc state 3 (7 skipped)
06-02 15:15:36.450  1824  2481 D CoreBackPreview: Window{fa9ca64 u0 top.qwq2333.nullgram/org.telegram.messenger.MainIcon}: Setting back callback OnBackInvokedCallbackInfo{mCallback=android.window.IOnBackInvokedCallback$Stub$Proxy@bfcf3ce, mPriority=0}
06-02 15:15:38.368  1824 15485 D CoreBackPreview: Window{fa9ca64 u0 top.qwq2333.nullgram/org.telegram.messenger.MainIcon}: Setting back callback null
06-02 15:15:38.382  1824  1942 V WindowManager: Unknown focus tokens, dropping reportFocusChanged
06-02 15:15:40.456  1824  1951 W ProcessCpuTracker: Failed to stat(/proc/11101): android.system.ErrnoException: stat failed: ENOENT (No such file or directory)
06-02 15:15:40.456  1824  1951 W ProcessCpuTracker: Skipping unknown process pid 11101
06-02 15:15:48.755  1824  2915 D CoreBackPreview: Window{e09ef0d u0 top.qwq2333.nullgram/org.telegram.messenger.MainIcon}: Setting back callback OnBackInvokedCallbackInfo{mCallback=android.window.IOnBackInvokedCallback$Stub$Proxy@320b2f, mPriority=0}
06-02 15:15:57.549  1824  1824 D CompatibilityChangeReporter: Compat change id reported: 135634846; UID 10099; state: DISABLED
06-02 15:15:57.550  1824  1824 D CompatibilityChangeReporter: Compat change id reported: 177438394; UID 10099; state: DISABLED
06-02 15:15:57.550  1824  1824 D CompatibilityChangeReporter: Compat change id reported: 135772972; UID 10099; state: DISABLED
06-02 15:15:57.550  1824  1824 D CompatibilityChangeReporter: Compat change id reported: 135754954; UID 10099; state: ENABLED
06-02 15:15:57.550  1824  1952 D CompatibilityChangeReporter: Compat change id reported: 143937733; UID 10099; state: ENABLED
06-02 15:15:57.553  1824  1824 D CompatibilityChangeReporter: Compat change id reported: 135634846; UID 10194; state: DISABLED
06-02 15:15:57.553  1824  1824 D CompatibilityChangeReporter: Compat change id reported: 177438394; UID 10194; state: DISABLED
06-02 15:15:57.553  1824  1824 D CompatibilityChangeReporter: Compat change id reported: 135772972; UID 10194; state: DISABLED
06-02 15:15:57.553  1824  1824 D CompatibilityChangeReporter: Compat change id reported: 135754954; UID 10194; state: ENABLED
06-02 15:15:57.559  1824  1824 W ProcessStats: Tracking association SourceState{e1d1aa9 system/1000 BTopFgs #10508} whose proc state 2 is better than process ProcessState{479b8ee org.kde.kdeconnect_tp/10193 pkg=org.kde.kdeconnect_tp} proc state 3 (3 skipped)
06-02 15:15:57.568  1824  1952 I ActivityManager: Start proc 12307:com.google.android.carrier/u0a99 for service {com.google.android.carrier/com.google.android.carrier.PhenotypeCommitterService}
06-02 15:15:57.568  1824  1952 D CompatibilityChangeReporter: Compat change id reported: 143937733; UID 10194; state: ENABLED
06-02 15:15:57.586  1824  1952 I ActivityManager: Start proc 12310:org.mariotaku.twidere/u0a194 for service {org.mariotaku.twidere/org.mariotaku.twidere.service.JobTaskService}
06-02 15:15:57.774  1824  4452 D CompatibilityChangeReporter: Compat change id reported: 135634846; UID 10165; state: DISABLED
06-02 15:15:57.774  1824  4452 D CompatibilityChangeReporter: Compat change id reported: 177438394; UID 10165; state: DISABLED
06-02 15:15:57.774  1824  4452 D CompatibilityChangeReporter: Compat change id reported: 135772972; UID 10165; state: DISABLED
06-02 15:15:57.774  1824  4452 D CompatibilityChangeReporter: Compat change id reported: 135754954; UID 10165; state: ENABLED
06-02 15:15:57.775  1824  1952 D CompatibilityChangeReporter: Compat change id reported: 143937733; UID 10165; state: ENABLED
06-02 15:15:57.789  1824  1952 I ActivityManager: Start proc 12372:com.google.android.turboadapter/u0a165 for service {com.google.android.turboadapter/com.google.android.turboadapter.GoogleBatteryService}
06-02 15:15:57.996  1824  2802 I ActivityManager: Process com.saitama.iconshape (pid 1756) has died: cch+25 CEM 
06-02 15:15:58.047  1824  2802 I ActivityManager: Process android.process.media (pid 26608) has died: cch+75 CEM 
06-02 15:15:58.133  1824  2481 D CompatibilityChangeReporter: Compat change id reported: 194532703; UID 10099; state: DISABLED
06-02 15:15:58.158  1824  2481 D CompatibilityChangeReporter: Compat change id reported: 135634846; UID 10153; state: DISABLED
06-02 15:15:58.158  1824  2481 D CompatibilityChangeReporter: Compat change id reported: 177438394; UID 10153; state: DISABLED
06-02 15:15:58.158  1824  2481 D CompatibilityChangeReporter: Compat change id reported: 135772972; UID 10153; state: DISABLED
06-02 15:15:58.158  1824  2481 D CompatibilityChangeReporter: Compat change id reported: 135754954; UID 10153; state: ENABLED
06-02 15:15:58.159  1824  1952 D CompatibilityChangeReporter: Compat change id reported: 143937733; UID 10153; state: ENABLED
06-02 15:15:58.173  1824  1952 I ActivityManager: Start proc 12464:com.google.android.webview:webview_service/u0a153 for service {com.google.android.webview/org.chromium.android_webview.services.VariationsSeedServer}
06-02 15:15:58.265  1824  2481 D CompatibilityChangeReporter: Compat change id reported: 161252188; UID 10165; state: ENABLED
06-02 15:15:58.278  1824  2473 D CompatibilityChangeReporter: Compat change id reported: 161145287; UID 10194; state: DISABLED
06-02 15:15:58.291  1824 17387 D CompatibilityChangeReporter: Compat change id reported: 161252188; UID 10153; state: ENABLED
06-02 15:15:58.292  1824 17387 D CompatibilityChangeReporter: Compat change id reported: 135634846; UID 99002; state: DISABLED
06-02 15:15:58.292  1824 17387 D CompatibilityChangeReporter: Compat change id reported: 177438394; UID 99002; state: DISABLED
06-02 15:15:58.292  1824 17387 D CompatibilityChangeReporter: Compat change id reported: 135772972; UID 99002; state: DISABLED
06-02 15:15:58.292  1824 17387 D CompatibilityChangeReporter: Compat change id reported: 135754954; UID 99002; state: ENABLED
06-02 15:15:58.292  1824  1952 D CompatibilityChangeReporter: Compat change id reported: 143937733; UID 10194; state: ENABLED
06-02 15:15:58.306  1824  1952 I ActivityManager: Start proc 12523:com.google.android.webview:sandboxed_process0:org.chromium.content.app.SandboxedProcessService0:0/u0i2 for  {org.mariotaku.twidere/org.chromium.content.app.SandboxedProcessService0:0}
06-02 15:15:58.355  1824 15485 W JobScheduler: Job didn't exist in JobStore: 178a0b6 #u0a154/1034 com.google.android.apps.photos/com.google.android.libraries.social.mediamonitor.MediaMonitorJobSchedulerService
06-02 15:15:58.401  1824  2802 W UriGrantsManagerService: No permission grants found for com.google.android.apps.photos
06-02 15:15:58.402  1824  2802 W UriGrantsManagerService: No permission grants found for com.google.android.apps.photos
06-02 15:15:58.560  1824 15485 W UriGrantsManagerService: No permission grants found for com.google.android.apps.photos
06-02 15:15:58.560  1824 15485 W UriGrantsManagerService: No permission grants found for com.google.android.apps.photos
06-02 15:15:58.652  1824 15485 W UriGrantsManagerService: No permission grants found for com.google.android.apps.photos
06-02 15:15:58.652  1824 15485 W UriGrantsManagerService: No permission grants found for com.google.android.apps.photos
06-02 15:16:08.642  1824  2802 D CompatibilityChangeReporter: Compat change id reported: 197654537; UID 10222; state: ENABLED
06-02 15:16:11.158  1824  1951 W ProcessStats: Tracking association SourceState{e1d1aa9 system/1000 BTopFgs #10638} whose proc state 2 is better than process ProcessState{479b8ee org.kde.kdeconnect_tp/10193 pkg=org.kde.kdeconnect_tp} proc state 3 (81 skipped)
06-02 15:16:12.788  1824  2473 D CompatibilityChangeReporter: Compat change id reported: 171306433; UID 10127; state: ENABLED
06-02 15:16:12.789  1824  2473 D CompatibilityChangeReporter: Compat change id reported: 218533173; UID 10127; state: ENABLED
06-02 15:16:13.053  1824 15485 D CompatibilityChangeReporter: Compat change id reported: 168419799; UID 10127; state: DISABLED
06-02 15:16:13.258  1824  2009 V DisplayPowerController[0]: Brightness [0.05] reason changing to: 'automatic [ dim ]', previous reason: 'automatic'.
06-02 15:16:13.258  1824  2009 I DisplayPowerController[0]: BrightnessEvent: disp=0, physDisp=local:0, brt=0.05, initBrt=0.328934, rcmdBrt=0.328934, preBrt=0.27673596, lux=166.96736, preLux=272.91354, hbmMax=1.0, hbmMode=off, rbcStrength=50, powerFactor=1.0, thrmMax=1.0, wasShortTermModelActive=false, flags=, reason=automatic [ dim ], autoBrightness=true
06-02 15:16:13.458  1824 15485 W JobScheduler: Job didn't exist in JobStore: 9ed8add #u0a154/555001486 com.google.android.apps.photos/androidx.work.impl.background.systemjob.SystemJobService
06-02 15:16:13.833  1824  2009 I DisplayPowerController[0]: BrightnessEvent: disp=0, physDisp=local:0, brt=0.05, initBrt=0.05, rcmdBrt=0.328934, preBrt=0.27673596, lux=166.96736, preLux=272.91354, hbmMax=1.0, hbmMode=off, rbcStrength=50, powerFactor=1.0, thrmMax=1.0, wasShortTermModelActive=false, flags=, reason=automatic [ dim ], autoBrightness=true
06-02 15:16:14.210  1824  2009 V DisplayPowerController[0]: Brightness [0.328934] reason changing to: 'automatic', previous reason: 'automatic [ dim ]'.
06-02 15:16:14.210  1824  2009 I DisplayPowerController[0]: BrightnessEvent: disp=0, physDisp=local:0, brt=0.328934, initBrt=0.05, rcmdBrt=0.328934, preBrt=0.27673596, lux=166.96736, preLux=272.91354, hbmMax=1.0, hbmMode=off, rbcStrength=50, powerFactor=1.0, thrmMax=1.0, wasShortTermModelActive=false, flags=, reason=automatic, autoBrightness=true
06-02 15:16:14.784  1824  2009 I DisplayPowerController[0]: BrightnessEvent: disp=0, physDisp=local:0, brt=0.328934, initBrt=0.328934, rcmdBrt=0.328934, preBrt=0.27673596, lux=166.96736, preLux=272.91354, hbmMax=1.0, hbmMode=off, rbcStrength=50, powerFactor=1.0, thrmMax=1.0, wasShortTermModelActive=false, flags=, reason=automatic, autoBrightness=true
06-02 15:16:28.106  1824  2233 W ProcessStats: Tracking association SourceState{e1d1aa9 system/1000 BTopFgs #10692} whose proc state 2 is better than process ProcessState{479b8ee org.kde.kdeconnect_tp/10193 pkg=org.kde.kdeconnect_tp} proc state 3 (49 skipped)
06-02 15:16:39.318  1824  2009 V DisplayPowerController[0]: Brightness [0.05] reason changing to: 'automatic [ dim ]', previous reason: 'automatic'.
06-02 15:16:39.319  1824  2009 I DisplayPowerController[0]: BrightnessEvent: disp=0, physDisp=local:0, brt=0.05, initBrt=0.328934, rcmdBrt=0.328934, preBrt=0.27673596, lux=166.96736, preLux=272.91354, hbmMax=1.0, hbmMode=off, rbcStrength=50, powerFactor=1.0, thrmMax=1.0, wasShortTermModelActive=false, flags=, reason=automatic [ dim ], autoBrightness=true
06-02 15:16:39.910  1824  2009 I DisplayPowerController[0]: BrightnessEvent: disp=0, physDisp=local:0, brt=0.05, initBrt=0.05, rcmdBrt=0.328934, preBrt=0.27673596, lux=166.96736, preLux=272.91354, hbmMax=1.0, hbmMode=off, rbcStrength=50, powerFactor=1.0, thrmMax=1.0, wasShortTermModelActive=false, flags=, reason=automatic [ dim ], autoBrightness=true
06-02 15:16:40.125  1824  2009 V DisplayPowerController[0]: Brightness [0.328934] reason changing to: 'automatic', previous reason: 'automatic [ dim ]'.
06-02 15:16:40.125  1824  2009 I DisplayPowerController[0]: BrightnessEvent: disp=0, physDisp=local:0, brt=0.328934, initBrt=0.05, rcmdBrt=0.328934, preBrt=0.27673596, lux=166.96736, preLux=272.91354, hbmMax=1.0, hbmMode=off, rbcStrength=50, powerFactor=1.0, thrmMax=1.0, wasShortTermModelActive=false, flags=, reason=automatic, autoBrightness=true
06-02 15:16:40.712  1824  2009 I DisplayPowerController[0]: BrightnessEvent: disp=0, physDisp=local:0, brt=0.328934, initBrt=0.328934, rcmdBrt=0.328934, preBrt=0.27673596, lux=166.96736, preLux=272.91354, hbmMax=1.0, hbmMode=off, rbcStrength=50, powerFactor=1.0, thrmMax=1.0, wasShortTermModelActive=false, flags=, reason=automatic, autoBrightness=true
06-02 15:16:49.677  1824  1940 D CompatibilityChangeReporter: Compat change id reported: 197654537; UID 10202; state: ENABLED
06-02 15:16:50.616  1824  2802 D CoreBackPreview: Window{e09ef0d u0 top.qwq2333.nullgram/org.telegram.messenger.MainIcon}: Setting back callback null
06-02 15:16:50.631  1824  1942 V WindowManager: Unknown focus tokens, dropping reportFocusChanged
06-02 15:16:52.111  1824  2802 W ProcessStats: Tracking association SourceState{e1d1aa9 system/1000 BTopFgs #10725} whose proc state 2 is better than process ProcessState{479b8ee org.kde.kdeconnect_tp/10193 pkg=org.kde.kdeconnect_tp} proc state 3 (9 skipped)
06-02 15:16:52.544  1824  2233 D CoreBackPreview: Window{2f90f0d u0 top.qwq2333.nullgram/org.telegram.messenger.MainIcon}: Setting back callback OnBackInvokedCallbackInfo{mCallback=android.window.IOnBackInvokedCallback$Stub$Proxy@e372c1f, mPriority=0}
06-02 15:16:54.509  2379  2413 D ShellBackPreview: Finishing gesture with event action: 1
06-02 15:16:54.509  2379  2413 D ShellBackPreview: onGestureFinished() mTriggerBack == false
06-02 15:16:54.509  2379  2413 D ShellBackPreview: BackAnimationController: finishAnimation()
06-02 15:16:55.391  1824  2915 D CoreBackPreview: Window{2f90f0d u0 top.qwq2333.nullgram/org.telegram.messenger.MainIcon}: Setting back callback OnBackInvokedCallbackInfo{mCallback=android.window.IOnBackInvokedCallback$Stub$Proxy@e8128e6, mPriority=0}
06-02 15:16:56.297  1824  2473 D CompatibilityChangeReporter: Compat change id reported: 168419799; UID 10202; state: DISABLED
06-02 15:16:56.302  1824  2473 D CoreBackPreview: Window{394097e u0 PopupWindow:df57fcd}: Setting back callback OnBackInvokedCallbackInfo{mCallback=android.window.IOnBackInvokedCallback$Stub$Proxy@e9e2a18, mPriority=0}
06-02 15:16:57.517  1824  2473 D CoreBackPreview: Window{394097e u0 PopupWindow:df57fcd}: Setting back callback null
06-02 15:16:57.557  1824  1942 V WindowManager: Unknown focus tokens, dropping reportFocusChanged
06-02 15:17:02.328  1824  1950 W ProcessStats: Tracking association SourceState{e1d1aa9 system/1000 BTopFgs #10780} whose proc state 2 is better than process ProcessState{479b8ee org.kde.kdeconnect_tp/10193 pkg=org.kde.kdeconnect_tp} proc state 3 (89 skipped)
06-02 15:17:07.427  1824 15485 W ContextImpl: Calling a method in the system process without a qualified user: android.app.ContextImpl.sendBroadcastMultiplePermissions:1228 com.android.server.TelephonyRegistry.broadcastServiceStateChanged:3085 com.android.server.TelephonyRegistry.notifyServiceStateForPhoneId:1616 com.android.internal.telephony.ITelephonyRegistry$Stub.onTransact:492 android.os.Binder.execTransactInternal:1280 
06-02 15:17:07.429  1824 15485 W ContextImpl: Calling a method in the system process without a qualified user: android.app.ContextImpl.sendBroadcastMultiplePermissions:1278 android.content.Context.sendBroadcastMultiplePermissions:2272 com.android.server.TelephonyRegistry.broadcastServiceStateChanged:3089 com.android.server.TelephonyRegistry.notifyServiceStateForPhoneId:1616 com.android.internal.telephony.ITelephonyRegistry$Stub.onTransact:492 
06-02 15:17:07.429  1824  1951 W BroadcastQueue: Permission Denial: receiving Intent { act=android.intent.action.SERVICE_STATE flg=0x1000010 (has extras) } to ProcessRecord{7329222 2379:com.android.systemui/u0a168} (pid=2379, uid=10168) requires android.permission.ACCESS_FINE_LOCATION due to sender android (uid 1001)
06-02 15:17:07.429  1824  1951 W BroadcastQueue: Permission Denial: receiving Intent { act=android.intent.action.SERVICE_STATE flg=0x1000010 (has extras) } to com.android.cellbroadcastreceiver.module/com.android.cellbroadcastreceiver.CellBroadcastReceiver requires android.permission.READ_PHONE_STATE due to sender android (uid 1001)
06-02 15:17:07.430  1824  1951 W BroadcastQueue: Permission Denial: receiving Intent { act=android.intent.action.SERVICE_STATE flg=0x1000010 (has extras) } to ProcessRecord{7329222 2379:com.android.systemui/u0a168} (pid=2379, uid=10168) requires android.permission.ACCESS_FINE_LOCATION due to sender android (uid 1001)
06-02 15:17:07.431  1824  1951 W BroadcastQueue: Permission Denial: receiving Intent { act=android.intent.action.SERVICE_STATE flg=0x1000010 (has extras) } to com.android.cellbroadcastreceiver.module/com.android.cellbroadcastreceiver.CellBroadcastReceiver requires android.permission.ACCESS_FINE_LOCATION due to sender android (uid 1001)
06-02 15:17:07.431  1824 15485 W ContextImpl: Calling a method in the system process without a qualified user: android.app.ContextImpl.sendBroadcastMultiplePermissions:1278 android.content.Context.sendBroadcastMultiplePermissions:2272 com.android.server.TelephonyRegistry.broadcastServiceStateChanged:3096 com.android.server.TelephonyRegistry.notifyServiceStateForPhoneId:1616 com.android.internal.telephony.ITelephonyRegistry$Stub.onTransact:492 
06-02 15:17:07.432  1824 15485 W ContextImpl: Calling a method in the system process without a qualified user: android.app.ContextImpl.sendBroadcastMultiplePermissions:1278 android.content.Context.sendBroadcastMultiplePermissions:2272 com.android.server.TelephonyRegistry.broadcastServiceStateChanged:3100 com.android.server.TelephonyRegistry.notifyServiceStateForPhoneId:1616 com.android.internal.telephony.ITelephonyRegistry$Stub.onTransact:492 
06-02 15:17:07.432  1824  1951 W BroadcastQueue: Permission Denial: receiving Intent { act=android.intent.action.SERVICE_STATE flg=0x1000010 (has extras) } to com.android.cellbroadcastreceiver.module/com.android.cellbroadcastreceiver.CellBroadcastReceiver requires android.permission.READ_PHONE_STATE due to sender android (uid 1001)
06-02 15:17:07.435  1824  1951 W BroadcastQueue: Appop Denial: receiving Intent { act=android.intent.action.SERVICE_STATE flg=0x1000010 (has extras) } to ProcessRecord{7329222 2379:com.android.systemui/u0a168} (pid=2379, uid=10168) excludes appop android:read_phone_state due to sender android (uid 1001)
06-02 15:17:07.440  1824  1951 D CompatibilityChangeReporter: Compat change id reported: 168419799; UID 10173; state: DISABLED
06-02 15:17:12.918  1824 15485 W ProcessStats: Tracking association SourceState{e1d1aa9 system/1000 BTopFgs #10816} whose proc state 2 is better than process ProcessState{479b8ee org.kde.kdeconnect_tp/10193 pkg=org.kde.kdeconnect_tp} proc state 3 (37 skipped)
06-02 15:17:19.284  1824  2915 D CompatibilityChangeReporter: Compat change id reported: 168419799; UID 10165; state: DISABLED
06-02 15:17:19.290  1824  2001 D KernelCpuUidUserSysTimeReader: Removing uids 99001-99001
06-02 15:17:19.291  1824  2001 D KernelCpuUidUserSysTimeReader: Removing uids 90001-90001
06-02 15:17:19.403  1824  1950 W ProcessCpuTracker: Failed to stat(/proc/18379): android.system.ErrnoException: stat failed: ENOENT (No such file or directory)
06-02 15:17:19.403  1824  1950 W ProcessCpuTracker: Skipping unknown process pid 18379
06-02 15:17:25.276  1824  1950 W ProcessStats: Tracking association SourceState{e1d1aa9 system/1000 BTopFgs #10882} whose proc state 2 is better than process ProcessState{479b8ee org.kde.kdeconnect_tp/10193 pkg=org.kde.kdeconnect_tp} proc state 3 (63 skipped)
06-02 15:17:37.221  1824  2462 W ProcessStats: Tracking association SourceState{e1d1aa9 system/1000 BTopFgs #10958} whose proc state 2 is better than process ProcessState{479b8ee org.kde.kdeconnect_tp/10193 pkg=org.kde.kdeconnect_tp} proc state 3 (83 skipped)
06-02 15:17:50.288  1824  1950 W ProcessStats: Tracking association SourceState{e1d1aa9 system/1000 BTopFgs #11043} whose proc state 2 is better than process ProcessState{479b8ee org.kde.kdeconnect_tp/10193 pkg=org.kde.kdeconnect_tp} proc state 3 (111 skipped)
06-02 15:17:56.842  1824  2915 W ActivityManager: Foreground service started from background can not have location/camera/microphone access: service org.kde.kdeconnect_tp/org.kde.kdeconnect.BackgroundService
06-02 15:17:56.858  1824  2233 W ActivityManager: Foreground service started from background can not have location/camera/microphone access: service org.kde.kdeconnect_tp/org.kde.kdeconnect.BackgroundService
06-02 15:17:56.868  2379  2777 D vol.VolumeDialogControl: onRemoteUpdate: stream: 100 volume: 30
06-02 15:17:56.870  2379  2777 D vol.VolumeDialogControl: onRemoteUpdate: stream: 100 volume: 30
06-02 15:17:56.870  2379  2777 D vol.VolumeDialogControl: onRemoteUpdate: stream: 100 volume: 30
06-02 15:18:00.575  1824  2233 W ProcessStats: Tracking association SourceState{e1d1aa9 system/1000 BTopFgs #11099} whose proc state 2 is better than process ProcessState{479b8ee org.kde.kdeconnect_tp/10193 pkg=org.kde.kdeconnect_tp} proc state 3 (57 skipped)
06-02 15:18:19.617  1824 15485 W ProcessStats: Tracking association SourceState{e1d1aa9 system/1000 BTopFgs #11135} whose proc state 2 is better than process ProcessState{479b8ee org.kde.kdeconnect_tp/10193 pkg=org.kde.kdeconnect_tp} proc state 3 (21 skipped)
06-02 15:18:21.802  1824 15485 W ContextImpl: Calling a method in the system process without a qualified user: android.app.ContextImpl.sendBroadcastMultiplePermissions:1228 com.android.server.TelephonyRegistry.broadcastServiceStateChanged:3085 com.android.server.TelephonyRegistry.notifyServiceStateForPhoneId:1616 com.android.internal.telephony.ITelephonyRegistry$Stub.onTransact:492 android.os.Binder.execTransactInternal:1280 
06-02 15:18:21.804  1824 15485 W ContextImpl: Calling a method in the system process without a qualified user: android.app.ContextImpl.sendBroadcastMultiplePermissions:1278 android.content.Context.sendBroadcastMultiplePermissions:2272 com.android.server.TelephonyRegistry.broadcastServiceStateChanged:3089 com.android.server.TelephonyRegistry.notifyServiceStateForPhoneId:1616 com.android.internal.telephony.ITelephonyRegistry$Stub.onTransact:492 
06-02 15:18:21.805  1824  1951 W BroadcastQueue: Permission Denial: receiving Intent { act=android.intent.action.SERVICE_STATE flg=0x1000010 (has extras) } to ProcessRecord{7329222 2379:com.android.systemui/u0a168} (pid=2379, uid=10168) requires android.permission.ACCESS_FINE_LOCATION due to sender android (uid 1001)
06-02 15:18:21.805  1824  1951 W BroadcastQueue: Permission Denial: receiving Intent { act=android.intent.action.SERVICE_STATE flg=0x1000010 (has extras) } to com.android.cellbroadcastreceiver.module/com.android.cellbroadcastreceiver.CellBroadcastReceiver requires android.permission.READ_PHONE_STATE due to sender android (uid 1001)
06-02 15:18:21.806  1824  1951 W BroadcastQueue: Permission Denial: receiving Intent { act=android.intent.action.SERVICE_STATE flg=0x1000010 (has extras) } to ProcessRecord{7329222 2379:com.android.systemui/u0a168} (pid=2379, uid=10168) requires android.permission.ACCESS_FINE_LOCATION due to sender android (uid 1001)
06-02 15:18:21.806  1824  1951 W BroadcastQueue: Permission Denial: receiving Intent { act=android.intent.action.SERVICE_STATE flg=0x1000010 (has extras) } to com.android.cellbroadcastreceiver.module/com.android.cellbroadcastreceiver.CellBroadcastReceiver requires android.permission.ACCESS_FINE_LOCATION due to sender android (uid 1001)
06-02 15:18:21.806  1824 15485 W ContextImpl: Calling a method in the system process without a qualified user: android.app.ContextImpl.sendBroadcastMultiplePermissions:1278 android.content.Context.sendBroadcastMultiplePermissions:2272 com.android.server.TelephonyRegistry.broadcastServiceStateChanged:3096 com.android.server.TelephonyRegistry.notifyServiceStateForPhoneId:1616 com.android.internal.telephony.ITelephonyRegistry$Stub.onTransact:492 
06-02 15:18:21.806  1824 15485 W ContextImpl: Calling a method in the system process without a qualified user: android.app.ContextImpl.sendBroadcastMultiplePermissions:1278 android.content.Context.sendBroadcastMultiplePermissions:2272 com.android.server.TelephonyRegistry.broadcastServiceStateChanged:3100 com.android.server.TelephonyRegistry.notifyServiceStateForPhoneId:1616 com.android.internal.telephony.ITelephonyRegistry$Stub.onTransact:492 
06-02 15:18:21.807  1824  1951 W BroadcastQueue: Permission Denial: receiving Intent { act=android.intent.action.SERVICE_STATE flg=0x1000010 (has extras) } to com.android.cellbroadcastreceiver.module/com.android.cellbroadcastreceiver.CellBroadcastReceiver requires android.permission.READ_PHONE_STATE due to sender android (uid 1001)
06-02 15:18:21.808  1824  1951 W BroadcastQueue: Appop Denial: receiving Intent { act=android.intent.action.SERVICE_STATE flg=0x1000010 (has extras) } to ProcessRecord{7329222 2379:com.android.systemui/u0a168} (pid=2379, uid=10168) excludes appop android:read_phone_state due to sender android (uid 1001)
06-02 15:18:28.926  1824  2248 I ActivityManager: Killing 21804:com.github.kr328.clash/u0a199 (adj 985): empty #17
06-02 15:18:37.196  1824  2233 W ProcessStats: Tracking association SourceState{e1d1aa9 system/1000 BTopFgs #11160} whose proc state 2 is better than process ProcessState{479b8ee org.kde.kdeconnect_tp/10193 pkg=org.kde.kdeconnect_tp} proc state 3 (11 skipped)
06-02 15:18:40.759  1824 15485 W ActivityManager: Foreground service started from background can not have location/camera/microphone access: service org.kde.kdeconnect_tp/org.kde.kdeconnect.BackgroundService
06-02 15:18:40.767  1824  2473 W ActivityManager: Foreground service started from background can not have location/camera/microphone access: service org.kde.kdeconnect_tp/org.kde.kdeconnect.BackgroundService
06-02 15:18:40.776  2379  2777 D vol.VolumeDialogControl: onRemoteUpdate: stream: 100 volume: 30
06-02 15:18:40.778  2379  2777 D vol.VolumeDialogControl: onRemoteUpdate: stream: 100 volume: 30
06-02 15:18:40.778  2379  2777 D vol.VolumeDialogControl: onRemoteUpdate: stream: 100 volume: 30
06-02 15:18:52.522  1824 15485 W ProcessStats: Tracking association SourceState{e1d1aa9 system/1000 BTopFgs #11185} whose proc state 2 is better than process ProcessState{479b8ee org.kde.kdeconnect_tp/10193 pkg=org.kde.kdeconnect_tp} proc state 3 (5 skipped)
06-02 15:18:53.100  1824  2473 E ClipboardService: Denying clipboard access to com.tencent.mm, application is not in focus nor is it a system service for user 0
06-02 15:18:53.102  1824  2473 E ClipboardService: Denying clipboard access to org.kde.kdeconnect_tp, application is not in focus nor is it a system service for user 0
06-02 15:18:53.159  1824  2233 D CoreBackPreview: Window{59b6cef u0 ClipboardOverlay}: Setting back callback OnBackInvokedCallbackInfo{mCallback=android.window.IOnBackInvokedCallback$Stub$Proxy@29ab0da, mPriority=0}
06-02 15:18:53.194  1824  2349 E ClipboardService: Denying clipboard access to com.tencent.mm, application is not in focus nor is it a system service for user 0
06-02 15:18:53.196  1824  2349 E ClipboardService: Denying clipboard access to org.kde.kdeconnect_tp, application is not in focus nor is it a system service for user 0
06-02 15:18:59.825  1824  2915 D CoreBackPreview: Window{59b6cef u0 ClipboardOverlay}: Setting back callback null
06-02 15:19:07.474  1824 15485 W ContextImpl: Calling a method in the system process without a qualified user: android.app.ContextImpl.sendBroadcastMultiplePermissions:1228 com.android.server.TelephonyRegistry.broadcastServiceStateChanged:3085 com.android.server.TelephonyRegistry.notifyServiceStateForPhoneId:1616 com.android.internal.telephony.ITelephonyRegistry$Stub.onTransact:492 android.os.Binder.execTransactInternal:1280 
06-02 15:19:07.475  1824 15485 W ContextImpl: Calling a method in the system process without a qualified user: android.app.ContextImpl.sendBroadcastMultiplePermissions:1278 android.content.Context.sendBroadcastMultiplePermissions:2272 com.android.server.TelephonyRegistry.broadcastServiceStateChanged:3089 com.android.server.TelephonyRegistry.notifyServiceStateForPhoneId:1616 com.android.internal.telephony.ITelephonyRegistry$Stub.onTransact:492 
06-02 15:19:07.476  1824  1951 W BroadcastQueue: Permission Denial: receiving Intent { act=android.intent.action.SERVICE_STATE flg=0x1000010 (has extras) } to ProcessRecord{7329222 2379:com.android.systemui/u0a168} (pid=2379, uid=10168) requires android.permission.ACCESS_FINE_LOCATION due to sender android (uid 1001)
06-02 15:19:07.476  1824  1951 W BroadcastQueue: Permission Denial: receiving Intent { act=android.intent.action.SERVICE_STATE flg=0x1000010 (has extras) } to com.android.cellbroadcastreceiver.module/com.android.cellbroadcastreceiver.CellBroadcastReceiver requires android.permission.READ_PHONE_STATE due to sender android (uid 1001)
06-02 15:19:07.477  1824  1951 W BroadcastQueue: Permission Denial: receiving Intent { act=android.intent.action.SERVICE_STATE flg=0x1000010 (has extras) } to ProcessRecord{7329222 2379:com.android.systemui/u0a168} (pid=2379, uid=10168) requires android.permission.ACCESS_FINE_LOCATION due to sender android (uid 1001)
06-02 15:19:07.477  1824  1951 W BroadcastQueue: Permission Denial: receiving Intent { act=android.intent.action.SERVICE_STATE flg=0x1000010 (has extras) } to com.android.cellbroadcastreceiver.module/com.android.cellbroadcastreceiver.CellBroadcastReceiver requires android.permission.ACCESS_FINE_LOCATION due to sender android (uid 1001)
06-02 15:19:07.479  1824 15485 W ContextImpl: Calling a method in the system process without a qualified user: android.app.ContextImpl.sendBroadcastMultiplePermissions:1278 android.content.Context.sendBroadcastMultiplePermissions:2272 com.android.server.TelephonyRegistry.broadcastServiceStateChanged:3096 com.android.server.TelephonyRegistry.notifyServiceStateForPhoneId:1616 com.android.internal.telephony.ITelephonyRegistry$Stub.onTransact:492 
06-02 15:19:07.480  1824 15485 W ContextImpl: Calling a method in the system process without a qualified user: android.app.ContextImpl.sendBroadcastMultiplePermissions:1278 android.content.Context.sendBroadcastMultiplePermissions:2272 com.android.server.TelephonyRegistry.broadcastServiceStateChanged:3100 com.android.server.TelephonyRegistry.notifyServiceStateForPhoneId:1616 com.android.internal.telephony.ITelephonyRegistry$Stub.onTransact:492 
06-02 15:19:07.482  1824  1951 W BroadcastQueue: Permission Denial: receiving Intent { act=android.intent.action.SERVICE_STATE flg=0x1000010 (has extras) } to com.android.cellbroadcastreceiver.module/com.android.cellbroadcastreceiver.CellBroadcastReceiver requires android.permission.READ_PHONE_STATE due to sender android (uid 1001)
06-02 15:19:07.483  1824  1951 W BroadcastQueue: Appop Denial: receiving Intent { act=android.intent.action.SERVICE_STATE flg=0x1000010 (has extras) } to ProcessRecord{7329222 2379:com.android.systemui/u0a168} (pid=2379, uid=10168) excludes appop android:read_phone_state due to sender android (uid 1001)
06-02 15:19:07.487  1824  1951 W ProcessStats: Tracking association SourceState{e1d1aa9 system/1000 BTopFgs #11203} whose proc state 2 is better than process ProcessState{479b8ee org.kde.kdeconnect_tp/10193 pkg=org.kde.kdeconnect_tp} proc state 3 (5 skipped)
06-02 15:19:11.956  1824  1951 D CompatibilityChangeReporter: Compat change id reported: 135634846; UID 10211; state: DISABLED
06-02 15:19:11.957  1824  1951 D CompatibilityChangeReporter: Compat change id reported: 177438394; UID 10211; state: DISABLED
06-02 15:19:11.957  1824  1951 D CompatibilityChangeReporter: Compat change id reported: 135772972; UID 10211; state: DISABLED
06-02 15:19:11.957  1824  1951 D CompatibilityChangeReporter: Compat change id reported: 135754954; UID 10211; state: ENABLED
06-02 15:19:11.958  1824  1952 D CompatibilityChangeReporter: Compat change id reported: 143937733; UID 10211; state: ENABLED
06-02 15:19:11.975  1824  1952 I ActivityManager: Start proc 26320:com.instander.android/u0a211 for broadcast {com.instander.android/com.instagram.analytics.uploadscheduler.AnalyticsUploadAlarmReceiver}
06-02 15:19:12.070  1824  2233 D CompatibilityChangeReporter: Compat change id reported: 181136395; UID 10202; state: DISABLED
06-02 15:19:12.071  1824  2233 D CompatibilityChangeReporter: Compat change id reported: 174042936; UID 10202; state: DISABLED
06-02 15:19:13.003  1824 15485 D CompatibilityChangeReporter: Compat change id reported: 161145287; UID 10211; state: DISABLED
06-02 15:19:15.020  1824  2233 I ActivityManager: Killing 21814:com.google.android.calculator/u0a130 (adj 915): empty #17
06-02 15:19:15.063  1824  2905 D CompatibilityChangeReporter: Compat change id reported: 183164979; UID 10211; state: ENABLED
06-02 15:19:15.147  1824  2233 W ActivityManager: Background start not allowed: service Intent { act=Orca.START cmp=com.instander.android/com.facebook.rti.push.service.FbnsService (has extras) } to com.instander.android/com.facebook.rti.push.service.FbnsService from pid=26320 uid=10211 pkg=com.instander.android startFg?=false
06-02 15:19:15.218  1824  2802 W ActivityManager: Background start not allowed: service Intent { act=Orca.START cmp=com.instander.android/com.facebook.rti.push.service.FbnsService (has extras) } to com.instander.android/com.facebook.rti.push.service.FbnsService from pid=26320 uid=10211 pkg=com.instander.android startFg?=false
06-02 15:19:15.222  1824  2293 D CompatibilityChangeReporter: Compat change id reported: 218533173; UID 10130; state: ENABLED
06-02 15:19:19.181  1824  2473 W ProcessStats: Tracking association SourceState{e1d1aa9 system/1000 BTopFgs #11256} whose proc state 2 is better than process ProcessState{479b8ee org.kde.kdeconnect_tp/10193 pkg=org.kde.kdeconnect_tp} proc state 3 (51 skipped)
06-02 15:19:22.631  1824  2248 D CompatibilityChangeReporter: Compat change id reported: 218533173; UID 10154; state: ENABLED
06-02 15:19:24.569   759 26492 I keystore2: keystore2::watchdog: Watchdog thread idle -> terminating. Have a great day.
06-02 15:19:30.348  1824  2473 W ProcessStats: Tracking association SourceState{e1d1aa9 system/1000 BTopFgs #11275} whose proc state 2 is better than process ProcessState{479b8ee org.kde.kdeconnect_tp/10193 pkg=org.kde.kdeconnect_tp} proc state 3 (15 skipped)
06-02 15:19:45.106  1824  2233 W ProcessStats: Tracking association SourceState{e1d1aa9 system/1000 BTopFgs #11295} whose proc state 2 is better than process ProcessState{479b8ee org.kde.kdeconnect_tp/10193 pkg=org.kde.kdeconnect_tp} proc state 3 (3 skipped)
06-02 15:19:46.135  1824  2233 W ContextImpl: Calling a method in the system process without a qualified user: android.app.ContextImpl.sendBroadcastMultiplePermissions:1228 com.android.server.TelephonyRegistry.broadcastServiceStateChanged:3085 com.android.server.TelephonyRegistry.notifyServiceStateForPhoneId:1616 com.android.internal.telephony.ITelephonyRegistry$Stub.onTransact:492 android.os.Binder.execTransactInternal:1280 
06-02 15:19:46.137  1824  2233 W ContextImpl: Calling a method in the system process without a qualified user: android.app.ContextImpl.sendBroadcastMultiplePermissions:1278 android.content.Context.sendBroadcastMultiplePermissions:2272 com.android.server.TelephonyRegistry.broadcastServiceStateChanged:3089 com.android.server.TelephonyRegistry.notifyServiceStateForPhoneId:1616 com.android.internal.telephony.ITelephonyRegistry$Stub.onTransact:492 
06-02 15:19:46.137  1824  1951 W BroadcastQueue: Permission Denial: receiving Intent { act=android.intent.action.SERVICE_STATE flg=0x1000010 (has extras) } to ProcessRecord{7329222 2379:com.android.systemui/u0a168} (pid=2379, uid=10168) requires android.permission.ACCESS_FINE_LOCATION due to sender android (uid 1001)
06-02 15:19:46.138  1824  1951 W BroadcastQueue: Permission Denial: receiving Intent { act=android.intent.action.SERVICE_STATE flg=0x1000010 (has extras) } to com.android.cellbroadcastreceiver.module/com.android.cellbroadcastreceiver.CellBroadcastReceiver requires android.permission.READ_PHONE_STATE due to sender android (uid 1001)
06-02 15:19:46.138  1824  1951 W BroadcastQueue: Permission Denial: receiving Intent { act=android.intent.action.SERVICE_STATE flg=0x1000010 (has extras) } to ProcessRecord{7329222 2379:com.android.systemui/u0a168} (pid=2379, uid=10168) requires android.permission.ACCESS_FINE_LOCATION due to sender android (uid 1001)
06-02 15:19:46.139  1824  2233 W ContextImpl: Calling a method in the system process without a qualified user: android.app.ContextImpl.sendBroadcastMultiplePermissions:1278 android.content.Context.sendBroadcastMultiplePermissions:2272 com.android.server.TelephonyRegistry.broadcastServiceStateChanged:3096 com.android.server.TelephonyRegistry.notifyServiceStateForPhoneId:1616 com.android.internal.telephony.ITelephonyRegistry$Stub.onTransact:492 
06-02 15:19:46.139  1824  1951 W BroadcastQueue: Permission Denial: receiving Intent { act=android.intent.action.SERVICE_STATE flg=0x1000010 (has extras) } to com.android.cellbroadcastreceiver.module/com.android.cellbroadcastreceiver.CellBroadcastReceiver requires android.permission.ACCESS_FINE_LOCATION due to sender android (uid 1001)
06-02 15:19:46.140  1824  2233 W ContextImpl: Calling a method in the system process without a qualified user: android.app.ContextImpl.sendBroadcastMultiplePermissions:1278 android.content.Context.sendBroadcastMultiplePermissions:2272 com.android.server.TelephonyRegistry.broadcastServiceStateChanged:3100 com.android.server.TelephonyRegistry.notifyServiceStateForPhoneId:1616 com.android.internal.telephony.ITelephonyRegistry$Stub.onTransact:492 
06-02 15:19:46.141  1824  1951 W BroadcastQueue: Permission Denial: receiving Intent { act=android.intent.action.SERVICE_STATE flg=0x1000010 (has extras) } to com.android.cellbroadcastreceiver.module/com.android.cellbroadcastreceiver.CellBroadcastReceiver requires android.permission.READ_PHONE_STATE due to sender android (uid 1001)
06-02 15:19:46.141  1824  1951 W BroadcastQueue: Appop Denial: receiving Intent { act=android.intent.action.SERVICE_STATE flg=0x1000010 (has extras) } to ProcessRecord{7329222 2379:com.android.systemui/u0a168} (pid=2379, uid=10168) excludes appop android:read_phone_state due to sender android (uid 1001)
06-02 15:20:36.240  1824  1950 I UsageStatsService: User[0] Flushing usage stats to disk
06-02 15:20:40.497  1824  1951 W ProcessCpuTracker: Failed to stat(/proc/32520): android.system.ErrnoException: stat failed: ENOENT (No such file or directory)
06-02 15:20:40.497  1824  1951 W ProcessCpuTracker: Skipping unknown process pid 32520
06-02 15:20:54.201  1824 17387 W ProcessStats: Tracking association SourceState{e1d1aa9 system/1000 BTopFgs #11376} whose proc state 2 is better than process ProcessState{479b8ee org.kde.kdeconnect_tp/10193 pkg=org.kde.kdeconnect_tp} proc state 3 (13 skipped)
06-02 15:21:12.957  1824  1941 W NotifHistoryProto: notification package name (com.maary.liveinpeace) not found in string cache
06-02 15:21:12.957  1824  1941 W NotifHistoryProto: notification channel name (前台服务) not found in string cache
06-02 15:21:12.957  1824  1941 W NotifHistoryProto: notification channel id (LIP_FOREGROUND) not found in string cache
06-02 15:21:12.957  1824  1941 W NotifHistoryProto: notification package name (com.google.android.GoogleCamera) not found in string cache
06-02 15:21:12.957  1824  1941 W NotifHistoryProto: notification channel name (后台处理) not found in string cache
06-02 15:21:12.957  1824  1941 W NotifHistoryProto: notification channel id (processing) not found in string cache
06-02 15:21:12.957  1824  1941 W NotifHistoryProto: notification package name (com.google.android.GoogleCamera) not found in string cache
06-02 15:21:12.957  1824  1941 W NotifHistoryProto: notification channel name (后台处理) not found in string cache
06-02 15:21:12.957  1824  1941 W NotifHistoryProto: notification channel id (processing) not found in string cache
06-02 15:21:12.957  1824  1941 W NotifHistoryProto: notification package name (com.google.android.GoogleCamera) not found in string cache
06-02 15:21:12.957  1824  1941 W NotifHistoryProto: notification channel name (后台处理) not found in string cache
06-02 15:21:12.957  1824  1941 W NotifHistoryProto: notification channel id (processing) not found in string cache
06-02 15:21:12.957  1824  1941 W NotifHistoryProto: notification package name (com.google.android.GoogleCamera) not found in string cache
06-02 15:21:12.958  1824  1941 W NotifHistoryProto: notification channel name (后台处理) not found in string cache
06-02 15:21:12.958  1824  1941 W NotifHistoryProto: notification channel id (processing) not found in string cache
06-02 15:21:12.958  1824  1941 W NotifHistoryProto: notification package name (com.google.android.GoogleCamera) not found in string cache
06-02 15:21:12.958  1824  1941 W NotifHistoryProto: notification channel name (后台处理) not found in string cache
06-02 15:21:12.958  1824  1941 W NotifHistoryProto: notification channel id (processing) not found in string cache
06-02 15:21:12.958  1824  1941 W NotifHistoryProto: notification package name (com.google.android.GoogleCamera) not found in string cache
06-02 15:21:12.958  1824  1941 W NotifHistoryProto: notification channel name (后台处理) not found in string cache
06-02 15:21:12.958  1824  1941 W NotifHistoryProto: notification channel id (processing) not found in string cache
06-02 15:21:12.958  1824  1941 W NotifHistoryProto: notification package name (com.google.android.GoogleCamera) not found in string cache
06-02 15:21:12.958  1824  1941 W NotifHistoryProto: notification channel name (后台处理) not found in string cache
06-02 15:21:12.958  1824  1941 W NotifHistoryProto: notification channel id (processing) not found in string cache
06-02 15:21:12.958  1824  1941 W NotifHistoryProto: notification package name (com.maary.liveinpeace) not found in string cache
06-02 15:21:12.959  1824  1941 W NotifHistoryProto: notification channel name (前台服务) not found in string cache
06-02 15:21:12.959  1824  1941 W NotifHistoryProto: notification channel id (LIP_FOREGROUND) not found in string cache
06-02 15:21:12.959  1824  1941 W NotifHistoryProto: notification package name (android) not found in string cache
06-02 15:21:12.959  1824  1941 W NotifHistoryProto: notification channel name (重要开发者消息) not found in string cache
06-02 15:21:12.959  1824  1941 W NotifHistoryProto: notification channel id (DEVELOPER_IMPORTANT) not found in string cache
06-02 15:21:12.959  1824  1941 W NotifHistoryProto: notification package name (android) not found in string cache
06-02 15:21:12.959  1824  1941 W NotifHistoryProto: notification channel name (USB 连接) not found in string cache
06-02 15:21:12.959  1824  1941 W NotifHistoryProto: notification channel id (USB) not found in string cache
06-02 15:21:12.959  1824  1941 W NotifHistoryProto: notification package name (com.github.kr328.clash) not found in string cache
06-02 15:21:12.959  1824  1941 W NotifHistoryProto: notification channel name (配置文件服务状态) not found in string cache
06-02 15:21:12.959  1824  1941 W NotifHistoryProto: notification channel id (profile_service_channel) not found in string cache
06-02 15:21:12.959  1824  1941 W NotifHistoryProto: notification package name (org.kde.kdeconnect_tp) not found in string cache
06-02 15:21:12.959  1824  1941 W NotifHistoryProto: notification channel name (媒体控制) not found in string cache
06-02 15:21:12.959  1824  1941 W NotifHistoryProto: notification channel id (media_control) not found in string cache
06-02 15:21:12.960  1824  1941 W NotifHistoryProto: notification package name (org.kde.kdeconnect_tp) not found in string cache
06-02 15:21:12.960  1824  1941 W NotifHistoryProto: notification channel name (持久性通知) not found in string cache
06-02 15:21:12.960  1824  1941 W NotifHistoryProto: notification channel id (persistent) not found in string cache
06-02 15:21:12.960  1824  1941 W NotifHistoryProto: notification package name (com.franco.kernel) not found in string cache
06-02 15:21:12.960  1824  1941 W NotifHistoryProto: notification channel name (High brightness mode service) not found in string cache
