06-02 15:24:50.111  1824  1824 W InputMethodManagerService: 	at com.android.server.inputmethod.InputMethodManagerService.clearClientSessionLocked(InputMethodManagerService.java:3160)
06-02 15:24:50.111  1824  1824 W InputMethodManagerService: 	at com.android.server.inputmethod.InputMethodManagerService.clearClientSessionsLocked(InputMethodManagerService.java:3221)
06-02 15:24:50.111  1824  1824 W InputMethodManagerService: 	at com.android.server.inputmethod.InputMethodBindingController.clearCurMethodAndSessions(InputMethodBindingController.java:367)
06-02 15:24:50.111  1824  1824 W InputMethodManagerService: 	at com.android.server.inputmethod.InputMethodBindingController.-$$Nest$mclearCurMethodAndSessions(Unknown Source:0)
06-02 15:24:50.111  1824  1824 W InputMethodManagerService: 	at com.android.server.inputmethod.InputMethodBindingController$2.onServiceDisconnected(InputMethodBindingController.java:338)
06-02 15:24:50.111  1824  1824 W InputMethodManagerService: 	at android.app.LoadedApk$ServiceDispatcher.doDeath(LoadedApk.java:2208)
06-02 15:24:50.111  1824  1824 W InputMethodManagerService: 	at android.app.LoadedApk$ServiceDispatcher$RunConnection.run(LoadedApk.java:2223)
06-02 15:24:50.111  1824  1824 W InputMethodManagerService: 	at android.os.Handler.handleCallback(Handler.java:942)
06-02 15:24:50.111  1824  1824 W InputMethodManagerService: 	at android.os.Handler.dispatchMessage(Handler.java:99)
06-02 15:24:50.111  1824  1824 W InputMethodManagerService: 	at android.os.Looper.loopOnce(Looper.java:201)
06-02 15:24:50.111  1824  1824 W InputMethodManagerService: 	at android.os.Looper.loop(Looper.java:288)
06-02 15:24:50.111  1824  1824 W InputMethodManagerService: 	at com.android.server.SystemServer.run(SystemServer.java:972)
06-02 15:24:50.111  1824  1824 W InputMethodManagerService: 	at com.android.server.SystemServer.main(SystemServer.java:657)
06-02 15:24:50.111  1824  1824 W InputMethodManagerService: 	at java.lang.reflect.Method.invoke(Native Method)
06-02 15:24:50.111  1824  1824 W InputMethodManagerService: 	at com.android.internal.os.RuntimeInit$MethodAndArgsCaller.run(RuntimeInit.java:548)
06-02 15:24:50.111  1824  1824 W InputMethodManagerService: 	at com.android.internal.os.ZygoteInit.main(ZygoteInit.java:920)
06-02 15:24:50.129  1824  7592 W ActivityManager: Scheduling restart of crashed service com.google.android.inputmethod.latin/com.android.inputmethod.latin.LatinIME in 188241ms for connection
06-02 15:24:50.136  1824  1942 W ActivityManager: setHasOverlayUi called on unknown pid: 19681
06-02 15:24:50.200  1824  7592 D CompatibilityChangeReporter: Compat change id reported: 135634846; UID 10222; state: DISABLED
06-02 15:24:50.200  1824  7592 D CompatibilityChangeReporter: Compat change id reported: 177438394; UID 10222; state: DISABLED
06-02 15:24:50.200  1824  7592 D CompatibilityChangeReporter: Compat change id reported: 135772972; UID 10222; state: DISABLED
06-02 15:24:50.201  1824  1952 D CompatibilityChangeReporter: Compat change id reported: 143937733; UID 10222; state: ENABLED
06-02 15:24:50.236  1824  1952 I ActivityManager: Start proc 21778:com.tencent.mm:push/u0a222 for service {com.tencent.mm/com.tencent.mm.booter.CoreService}
06-02 15:24:50.435  1824  1951 W ActivityManager: Rescheduling restart of crashed service com.qualcomm.atfwd/.AtFwdService in 27935ms for other
06-02 15:24:50.435  1824  1951 W ActivityManager: Rescheduling restart of crashed service com.maary.liveinpeace/.service.ForegroundService in 67935ms for other
06-02 15:24:50.435  1824  1951 W ActivityManager: Rescheduling restart of crashed service com.google.android.inputmethod.latin/com.android.inputmethod.latin.LatinIME in 107935ms for other
06-02 15:24:51.038  1824  5200 D CompatibilityChangeReporter: Compat change id reported: 197654537; UID 10132; state: ENABLED
06-02 15:24:51.038  1824  5200 D CompatibilityChangeReporter: Compat change id reported: 197654537; UID 10222; state: ENABLED
06-02 15:24:51.329  1824  1942 V WindowManager: Unknown focus tokens, dropping reportFocusChanged
06-02 15:24:51.539  1824  5200 D CompatibilityChangeReporter: Compat change id reported: 161145287; UID 10222; state: DISABLED
06-02 15:24:51.699  1824  7592 W UriGrantsManagerService: No permission grants found for com.google.android.apps.photos
06-02 15:24:51.700  1824  2331 W UriGrantsManagerService: No permission grants found for com.google.android.apps.photos
06-02 15:24:52.053  1824  4452 I ActivityManager: updateOomAdj start time is before than pendingPid added, don't delete it
06-02 15:24:52.328  1824  4428 E AppOps  : Bad call made by uid 10129. Package "com.google.android.gms" does not belong to uid 10129.
06-02 15:24:52.342  1824  4428 E AppOps  : Bad call made by uid 10129. Package "com.google.android.gms" does not belong to uid 10129.
06-02 15:24:52.346  1824  2905 E AppOps  : Bad call made by uid 10129. Package "com.google.android.gms" does not belong to uid 10129.
06-02 15:24:52.363  1824  4428 D CompatibilityChangeReporter: Compat change id reported: 161252188; UID 10127; state: ENABLED
06-02 15:24:52.367  1824  4428 D CompatibilityChangeReporter: Compat change id reported: 168419799; UID 10127; state: DISABLED
06-02 15:24:52.466  1824  4456 I ActivityManager: Process com.google.android.euicc (pid 15407) has died: cch+5 CEM 
06-02 15:24:52.505  1824  6261 I ActivityManager: Process com.google.android.apps.messaging:rcs (pid 20506) has died: prcp BFGS
06-02 15:24:52.507  1824  6261 W ActivityManager: Scheduling restart of crashed service com.google.android.apps.messaging/com.google.android.ims.binding.SystemBindingService in 145862ms for connection
06-02 15:24:52.508  1824  6261 W ActivityManager: Scheduling restart of crashed service com.google.android.apps.messaging/com.google.android.ims.service.JibeService in 185862ms for start-requested
06-02 15:24:53.856  1824  5197 D CompatibilityChangeReporter: Compat change id reported: 157233955; UID 10222; state: ENABLED
06-02 15:24:55.215  1824  5197 D CompatibilityChangeReporter: Compat change id reported: 180326732; UID 10132; state: ENABLED
06-02 15:24:55.310  1824  5297 W UriGrantsManagerService: No permission grants found for com.google.android.apps.photos
06-02 15:24:55.311  1824  5297 W UriGrantsManagerService: No permission grants found for com.google.android.apps.photos
06-02 15:24:55.576  1824  5297 W UriGrantsManagerService: No permission grants found for com.google.android.apps.photos
06-02 15:24:55.578  1824  5297 W UriGrantsManagerService: No permission grants found for com.google.android.apps.photos
06-02 15:24:55.789  1824  5197 W ContextImpl: Calling a method in the system process without a qualified user: android.app.ContextImpl.sendBroadcastMultiplePermissions:1228 com.android.server.TelephonyRegistry.broadcastServiceStateChanged:3085 com.android.server.TelephonyRegistry.notifyServiceStateForPhoneId:1616 com.android.internal.telephony.ITelephonyRegistry$Stub.onTransact:492 android.os.Binder.execTransactInternal:1280 
06-02 15:24:55.791  1824  1951 W BroadcastQueue: Permission Denial: receiving Intent { act=android.intent.action.SERVICE_STATE flg=0x1000010 (has extras) } to ProcessRecord{7329222 2379:com.android.systemui/u0a168} (pid=2379, uid=10168) requires android.permission.ACCESS_FINE_LOCATION due to sender android (uid 1001)
06-02 15:24:55.791  1824  1951 W BroadcastQueue: Permission Denial: receiving Intent { act=android.intent.action.SERVICE_STATE flg=0x1000010 (has extras) } to com.android.cellbroadcastreceiver.module/com.android.cellbroadcastreceiver.CellBroadcastReceiver requires android.permission.READ_PHONE_STATE due to sender android (uid 1001)
06-02 15:24:55.792  1824  5197 W ContextImpl: Calling a method in the system process without a qualified user: android.app.ContextImpl.sendBroadcastMultiplePermissions:1278 android.content.Context.sendBroadcastMultiplePermissions:2272 com.android.server.TelephonyRegistry.broadcastServiceStateChanged:3089 com.android.server.TelephonyRegistry.notifyServiceStateForPhoneId:1616 com.android.internal.telephony.ITelephonyRegistry$Stub.onTransact:492 
06-02 15:24:55.793  1824  1951 W BroadcastQueue: Permission Denial: receiving Intent { act=android.intent.action.SERVICE_STATE flg=0x1000010 (has extras) } to ProcessRecord{7329222 2379:com.android.systemui/u0a168} (pid=2379, uid=10168) requires android.permission.ACCESS_FINE_LOCATION due to sender android (uid 1001)
06-02 15:24:55.794  1824  1951 W BroadcastQueue: Permission Denial: receiving Intent { act=android.intent.action.SERVICE_STATE flg=0x1000010 (has extras) } to com.android.cellbroadcastreceiver.module/com.android.cellbroadcastreceiver.CellBroadcastReceiver requires android.permission.ACCESS_FINE_LOCATION due to sender android (uid 1001)
06-02 15:24:55.795  1824  5197 W ContextImpl: Calling a method in the system process without a qualified user: android.app.ContextImpl.sendBroadcastMultiplePermissions:1278 android.content.Context.sendBroadcastMultiplePermissions:2272 com.android.server.TelephonyRegistry.broadcastServiceStateChanged:3096 com.android.server.TelephonyRegistry.notifyServiceStateForPhoneId:1616 com.android.internal.telephony.ITelephonyRegistry$Stub.onTransact:492 
06-02 15:24:55.796  1824  1951 W BroadcastQueue: Permission Denial: receiving Intent { act=android.intent.action.SERVICE_STATE flg=0x1000010 (has extras) } to com.android.cellbroadcastreceiver.module/com.android.cellbroadcastreceiver.CellBroadcastReceiver requires android.permission.READ_PHONE_STATE due to sender android (uid 1001)
06-02 15:24:55.797  1824  5197 W ContextImpl: Calling a method in the system process without a qualified user: android.app.ContextImpl.sendBroadcastMultiplePermissions:1278 android.content.Context.sendBroadcastMultiplePermissions:2272 com.android.server.TelephonyRegistry.broadcastServiceStateChanged:3100 com.android.server.TelephonyRegistry.notifyServiceStateForPhoneId:1616 com.android.internal.telephony.ITelephonyRegistry$Stub.onTransact:492 
06-02 15:24:55.798  1824  1951 W BroadcastQueue: Appop Denial: receiving Intent { act=android.intent.action.SERVICE_STATE flg=0x1000010 (has extras) } to ProcessRecord{7329222 2379:com.android.systemui/u0a168} (pid=2379, uid=10168) excludes appop android:read_phone_state due to sender android (uid 1001)
06-02 15:24:55.799  1824  1951 D CompatibilityChangeReporter: Compat change id reported: 135634846; UID 10173; state: DISABLED
06-02 15:24:55.799  1824  1951 D CompatibilityChangeReporter: Compat change id reported: 177438394; UID 10173; state: DISABLED
06-02 15:24:55.799  1824  1951 D CompatibilityChangeReporter: Compat change id reported: 135772972; UID 10173; state: DISABLED
06-02 15:24:55.799  1824  1951 D CompatibilityChangeReporter: Compat change id reported: 135754954; UID 10173; state: ENABLED
06-02 15:24:55.800  1824  1952 D CompatibilityChangeReporter: Compat change id reported: 143937733; UID 10173; state: ENABLED
06-02 15:24:55.812  1824  1952 I ActivityManager: Start proc 22525:com.android.cellbroadcastreceiver.module/u0a173 for broadcast {com.android.cellbroadcastreceiver.module/com.android.cellbroadcastreceiver.CellBroadcastReceiver}
06-02 15:24:55.845  1824  5197 W ProcessStats: Tracking association SourceState{e1d1aa9 system/1000 BTopFgs #12361} whose proc state 2 is better than process ProcessState{479b8ee org.kde.kdeconnect_tp/10193 pkg=org.kde.kdeconnect_tp} proc state 3 (154 skipped)
06-02 15:24:55.912  1824  5297 W JobScheduler: Job didn't exist in JobStore: df7151f #u0a154/555001487 com.google.android.apps.photos/androidx.work.impl.background.systemjob.SystemJobService
06-02 15:24:55.920  1824  5297 D CompatibilityChangeReporter: Compat change id reported: 168419799; UID 10173; state: DISABLED
06-02 15:24:55.949  1824  5297 W UriGrantsManagerService: No permission grants found for com.google.android.apps.photos
06-02 15:24:55.949  1824  5297 W UriGrantsManagerService: No permission grants found for com.google.android.apps.photos
06-02 15:24:56.328  1824  4456 W UriGrantsManagerService: No permission grants found for com.google.android.apps.photos
06-02 15:24:56.329  1824  4456 W UriGrantsManagerService: No permission grants found for com.google.android.apps.photos
06-02 15:24:56.667  1824  5297 W UriGrantsManagerService: No permission grants found for com.google.android.apps.photos
06-02 15:24:56.667  1824  5297 W UriGrantsManagerService: No permission grants found for com.google.android.apps.photos
06-02 15:24:57.162  1824  1951 D CompatibilityChangeReporter: Compat change id reported: 168419799; UID 10222; state: DISABLED
06-02 15:24:57.594  1824  4428 D CompatibilityChangeReporter: Compat change id reported: 177438394; UID 10146; state: DISABLED
06-02 15:24:57.595  1824  4428 D CompatibilityChangeReporter: Compat change id reported: 135772972; UID 10146; state: DISABLED
06-02 15:24:57.595  1824  4428 D CompatibilityChangeReporter: Compat change id reported: 135754954; UID 10146; state: ENABLED
06-02 15:24:57.595  1824  1952 D CompatibilityChangeReporter: Compat change id reported: 143937733; UID 10146; state: ENABLED
06-02 15:24:57.605  1824  1952 I ActivityManager: Start proc 22729:com.google.android.inputmethod.latin/u0a146 for service {com.google.android.inputmethod.latin/com.android.inputmethod.latin.LatinIME}
06-02 15:24:57.689  1824  5297 D CompatibilityChangeReporter: Compat change id reported: 168419799; UID 10146; state: DISABLED
06-02 15:24:57.897  1824  5297 D CompatibilityChangeReporter: Compat change id reported: 161145287; UID 10146; state: DISABLED
06-02 15:24:58.205  1824  1951 W BroadcastQueue: Exported Denial: sending Intent { act=android.net.conn.CONNECTIVITY_CHANGE flg=0x4200010 (has extras) }, action: android.net.conn.CONNECTIVITY_CHANGE from null (uid=-1) due to receiver ProcessRecord{345c99f 22729:com.google.android.inputmethod.latin/u0a146} (uid 10146) not specifying RECEIVER_EXPORTED
06-02 15:24:58.284  1824  4428 D CompatibilityChangeReporter: Compat change id reported: 194532703; UID 10146; state: ENABLED
06-02 15:24:58.790  1824  2410 D CoreBackPreview: Window{8e2a98c u0 InputMethod}: Setting back callback OnBackInvokedCallbackInfo{mCallback=android.window.IOnBackInvokedCallback$Stub$Proxy@d24d7db, mPriority=0}
06-02 15:24:58.891  1824  5298 D CompatibilityChangeReporter: Compat change id reported: 135634846; UID 10127; state: DISABLED
06-02 15:24:58.891  1824  5298 D CompatibilityChangeReporter: Compat change id reported: 177438394; UID 10127; state: DISABLED
06-02 15:24:58.891  1824  5298 D CompatibilityChangeReporter: Compat change id reported: 135772972; UID 10127; state: DISABLED
06-02 15:24:58.892  1824  5298 D CompatibilityChangeReporter: Compat change id reported: 135754954; UID 10127; state: ENABLED
06-02 15:24:58.892  1824  1952 D CompatibilityChangeReporter: Compat change id reported: 143937733; UID 10127; state: ENABLED
06-02 15:24:58.902  1824  1952 I ActivityManager: Start proc 22972:com.google.process.gservices/u0a127 for content provider {com.google.android.gsf/com.google.android.gsf.gservices.GservicesProvider}
06-02 15:24:58.954  1824  4456 D CompatibilityChangeReporter: Compat change id reported: 135634846; UID 10060; state: DISABLED
06-02 15:24:58.954  1824  4456 D CompatibilityChangeReporter: Compat change id reported: 177438394; UID 10060; state: DISABLED
06-02 15:24:58.954  1824  4456 D CompatibilityChangeReporter: Compat change id reported: 135772972; UID 10060; state: DISABLED
06-02 15:24:58.954  1824  4456 D CompatibilityChangeReporter: Compat change id reported: 135754954; UID 10060; state: ENABLED
06-02 15:24:58.956  1824  1952 D CompatibilityChangeReporter: Compat change id reported: 143937733; UID 10060; state: ENABLED
06-02 15:24:58.973  1824  1952 I ActivityManager: Start proc 22995:android.process.acore/u0a60 for content provider {com.android.providers.userdictionary/com.android.providers.userdictionary.UserDictionaryProvider}
06-02 15:24:59.062  1824  4456 D CompatibilityChangeReporter: Compat change id reported: 168419799; UID 10060; state: DISABLED
06-02 15:24:59.211  1824  4428 W ActivityManager: Unable to start service Intent { act=com.google.android.gms.gservices.START pkg=com.google.android.gms } U=0: not found
06-02 15:24:59.212  1824  4428 W ActivityManager: Unbind failed: could not find connection for android.os.BinderProxy@261c2dc
06-02 15:24:59.287  1824  5298 D CompatibilityChangeReporter: Compat change id reported: 161145287; UID 10060; state: DISABLED
06-02 15:24:59.378  1824  4456 D CountryDetector: The first listener is added
06-02 15:24:59.751  1824  4456 D CompatibilityChangeReporter: Compat change id reported: 201794303; UID 10060; state: ENABLED
06-02 15:25:02.192  1824  5298 W UriGrantsManagerService: No permission grants found for com.google.android.apps.photos
06-02 15:25:02.194  1824  5297 W UriGrantsManagerService: No permission grants found for com.google.android.apps.photos
06-02 15:25:02.312  1824  5297 W UriGrantsManagerService: No permission grants found for com.google.android.apps.photos
06-02 15:25:02.312  1824  5297 W UriGrantsManagerService: No permission grants found for com.google.android.apps.photos
06-02 15:25:02.593  1824  5298 W UriGrantsManagerService: No permission grants found for com.google.android.apps.photos
06-02 15:25:02.594  1824  5298 W UriGrantsManagerService: No permission grants found for com.google.android.apps.photos
06-02 15:25:02.639  1824  5298 W UriGrantsManagerService: No permission grants found for com.google.android.apps.photos
06-02 15:25:02.640  1824  5298 W UriGrantsManagerService: No permission grants found for com.google.android.apps.photos
06-02 15:25:02.697  1824  1942 I ActivityManager: Killing 18844:com.google.android.GoogleCamera/u0a132 (adj 700): remove task
06-02 15:25:03.017  1824  4456 I WindowManager: WIN DEATH: Window{986d623 u0 com.google.android.GoogleCamera/com.android.camera.CameraLauncher}
06-02 15:25:03.019 18808 18808 I ActivityThread: Removing dead content provider:android.content.ContentProviderProxy@53bc826
06-02 15:25:03.035  1824  1942 W ActivityManager: setHasOverlayUi called on unknown pid: 18844
06-02 15:25:03.036  1824  1950 W UsageStatsService: Unexpected activity event reported! (com.google.android.GoogleCamera/com.google.android.apps.camera.legacy.app.activity.main.CameraActivity event : 23 instanceId : 45631600)
06-02 15:25:03.616  1824  1950 W UsageStatsService: Unexpected activity event reported! (com.android.vending/com.google.android.finsky.activities.MainActivity event : 23 instanceId : 210320438)
06-02 15:25:03.689  1824  6261 D CompatibilityChangeReporter: Compat change id reported: 205907456; UID 10202; state: ENABLED
06-02 15:25:03.691  1824  6261 D CompatibilityChangeReporter: Compat change id reported: 194833441; UID 10202; state: ENABLED
06-02 15:25:03.696  1824  1942 D CompatibilityChangeReporter: Compat change id reported: 135634846; UID 10202; state: DISABLED
06-02 15:25:03.696  1824  1942 D CompatibilityChangeReporter: Compat change id reported: 177438394; UID 10202; state: DISABLED
06-02 15:25:03.696  1824  1942 D CompatibilityChangeReporter: Compat change id reported: 135772972; UID 10202; state: DISABLED
06-02 15:25:03.696  1824  1942 D CompatibilityChangeReporter: Compat change id reported: 135754954; UID 10202; state: ENABLED
06-02 15:25:03.696  1824  1952 D CompatibilityChangeReporter: Compat change id reported: 143937733; UID 10202; state: ENABLED
06-02 15:25:03.703  1824  4428 D CoreBackPreview: Window{2240ab5 u0 Splash Screen top.qwq2333.nullgram}: Setting back callback OnBackInvokedCallbackInfo{mCallback=android.window.IOnBackInvokedCallback$Stub$Proxy@39f5cbb, mPriority=0}
06-02 15:25:03.711  1824  1952 I ActivityManager: Start proc 23692:top.qwq2333.nullgram/u0a202 for next-top-activity {top.qwq2333.nullgram/org.telegram.messenger.MainIcon}
06-02 15:25:03.801  1824  4428 D CompatibilityChangeReporter: Compat change id reported: 181136395; UID 10202; state: DISABLED
06-02 15:25:03.801  1824  4428 D CompatibilityChangeReporter: Compat change id reported: 174042936; UID 10202; state: DISABLED
06-02 15:25:05.684  1824  6261 D CompatibilityChangeReporter: Compat change id reported: 135634846; UID 10132; state: DISABLED
06-02 15:25:05.684  1824  6261 D CompatibilityChangeReporter: Compat change id reported: 177438394; UID 10132; state: DISABLED
06-02 15:25:05.684  1824  6261 D CompatibilityChangeReporter: Compat change id reported: 135772972; UID 10132; state: DISABLED
06-02 15:25:05.684  1824  6261 D CompatibilityChangeReporter: Compat change id reported: 135754954; UID 10132; state: ENABLED
06-02 15:25:05.685  1824  1952 D CompatibilityChangeReporter: Compat change id reported: 143937733; UID 10132; state: ENABLED
06-02 15:25:05.693  1824  1952 I ActivityManager: Start proc 24118:com.google.android.GoogleCamera/u0a132 for content provider {com.google.android.GoogleCamera/com.google.android.apps.camera.contentprovider.CameraContentProvider}
06-02 15:25:05.805  1824  6261 W JobScheduler: Job didn't exist in JobStore: 2d82ff9 #u0a154/1034 com.google.android.apps.photos/com.google.android.libraries.social.mediamonitor.MediaMonitorJobSchedulerService
06-02 15:25:05.901  1824  6261 W ProcessStats: Tracking association SourceState{e1d1aa9 system/1000 BTopFgs #12488} whose proc state 2 is better than process ProcessState{479b8ee org.kde.kdeconnect_tp/10193 pkg=org.kde.kdeconnect_tp} proc state 3 (121 skipped)
06-02 15:25:06.109  1824  6261 W ContextImpl: Calling a method in the system process without a qualified user: android.app.ContextImpl.sendBroadcastMultiplePermissions:1228 com.android.server.TelephonyRegistry.broadcastServiceStateChanged:3085 com.android.server.TelephonyRegistry.notifyServiceStateForPhoneId:1616 com.android.internal.telephony.ITelephonyRegistry$Stub.onTransact:492 android.os.Binder.execTransactInternal:1280 
06-02 15:25:06.110  1824  1951 W BroadcastQueue: Permission Denial: receiving Intent { act=android.intent.action.SERVICE_STATE flg=0x1000010 (has extras) } to ProcessRecord{7329222 2379:com.android.systemui/u0a168} (pid=2379, uid=10168) requires android.permission.ACCESS_FINE_LOCATION due to sender android (uid 1001)
06-02 15:25:06.110  1824  1951 W BroadcastQueue: Permission Denial: receiving Intent { act=android.intent.action.SERVICE_STATE flg=0x1000010 (has extras) } to com.android.cellbroadcastreceiver.module/com.android.cellbroadcastreceiver.CellBroadcastReceiver requires android.permission.READ_PHONE_STATE due to sender android (uid 1001)
06-02 15:25:06.110  1824  6261 W ContextImpl: Calling a method in the system process without a qualified user: android.app.ContextImpl.sendBroadcastMultiplePermissions:1278 android.content.Context.sendBroadcastMultiplePermissions:2272 com.android.server.TelephonyRegistry.broadcastServiceStateChanged:3089 com.android.server.TelephonyRegistry.notifyServiceStateForPhoneId:1616 com.android.internal.telephony.ITelephonyRegistry$Stub.onTransact:492 
06-02 15:25:06.111  1824  1951 W BroadcastQueue: Permission Denial: receiving Intent { act=android.intent.action.SERVICE_STATE flg=0x1000010 (has extras) } to ProcessRecord{7329222 2379:com.android.systemui/u0a168} (pid=2379, uid=10168) requires android.permission.ACCESS_FINE_LOCATION due to sender android (uid 1001)
06-02 15:25:06.111  1824  1951 W BroadcastQueue: Permission Denial: receiving Intent { act=android.intent.action.SERVICE_STATE flg=0x1000010 (has extras) } to com.android.cellbroadcastreceiver.module/com.android.cellbroadcastreceiver.CellBroadcastReceiver requires android.permission.ACCESS_FINE_LOCATION due to sender android (uid 1001)
06-02 15:25:06.112  1824  6261 W ContextImpl: Calling a method in the system process without a qualified user: android.app.ContextImpl.sendBroadcastMultiplePermissions:1278 android.content.Context.sendBroadcastMultiplePermissions:2272 com.android.server.TelephonyRegistry.broadcastServiceStateChanged:3096 com.android.server.TelephonyRegistry.notifyServiceStateForPhoneId:1616 com.android.internal.telephony.ITelephonyRegistry$Stub.onTransact:492 
06-02 15:25:06.113  1824  6261 W ContextImpl: Calling a method in the system process without a qualified user: android.app.ContextImpl.sendBroadcastMultiplePermissions:1278 android.content.Context.sendBroadcastMultiplePermissions:2272 com.android.server.TelephonyRegistry.broadcastServiceStateChanged:3100 com.android.server.TelephonyRegistry.notifyServiceStateForPhoneId:1616 com.android.internal.telephony.ITelephonyRegistry$Stub.onTransact:492 
06-02 15:25:06.114  1824  1951 W BroadcastQueue: Appop Denial: receiving Intent { act=android.intent.action.SERVICE_STATE flg=0x1000010 (has extras) } to ProcessRecord{7329222 2379:com.android.systemui/u0a168} (pid=2379, uid=10168) excludes appop android:read_phone_state due to sender android (uid 1001)
06-02 15:25:06.114  1824  1951 W BroadcastQueue: Permission Denial: receiving Intent { act=android.intent.action.SERVICE_STATE flg=0x1000010 (has extras) } to com.android.cellbroadcastreceiver.module/com.android.cellbroadcastreceiver.CellBroadcastReceiver requires android.permission.READ_PHONE_STATE due to sender android (uid 1001)
06-02 15:25:06.116  1824  1951 D CompatibilityChangeReporter: Compat change id reported: 168419799; UID 10173; state: DISABLED
06-02 15:25:06.268  1824  5297 W UriGrantsManagerService: No permission grants found for com.google.android.apps.photos
06-02 15:25:06.268  1824  5297 W UriGrantsManagerService: No permission grants found for com.google.android.apps.photos
06-02 15:25:06.365  1824  5297 W UriGrantsManagerService: No permission grants found for com.google.android.apps.photos
06-02 15:25:06.366  1824  5297 W UriGrantsManagerService: No permission grants found for com.google.android.apps.photos
06-02 15:25:06.403  1824  5297 W UriGrantsManagerService: No permission grants found for com.google.android.apps.photos
06-02 15:25:06.404  1824  5297 W UriGrantsManagerService: No permission grants found for com.google.android.apps.photos
06-02 15:25:06.501  1824  7592 D CompatibilityChangeReporter: Compat change id reported: 161145287; UID 10202; state: DISABLED
06-02 15:25:06.836  1824  4456 D CompatibilityChangeReporter: Compat change id reported: 157233955; UID 10202; state: ENABLED
06-02 15:25:06.896  1824  7592 I ActivityManager: com.android.vending is exempt from freezer
06-02 15:25:06.896  1824  7592 D CompatibilityChangeReporter: Compat change id reported: 135634846; UID 10120; state: DISABLED
06-02 15:25:06.896  1824  7592 D CompatibilityChangeReporter: Compat change id reported: 177438394; UID 10120; state: DISABLED
06-02 15:25:06.896  1824  7592 D CompatibilityChangeReporter: Compat change id reported: 135772972; UID 10120; state: DISABLED
06-02 15:25:06.897  1824  7592 D CompatibilityChangeReporter: Compat change id reported: 135754954; UID 10120; state: ENABLED
06-02 15:25:06.897  1824  1952 D CompatibilityChangeReporter: Compat change id reported: 143937733; UID 10120; state: ENABLED
06-02 15:25:06.914  1824  1952 I ActivityManager: Start proc 24449:com.android.vending/u0a120 for service {com.android.vending/com.google.android.finsky.billing.iab.InAppBillingService}
06-02 15:25:07.206  1824  5297 D CoreBackPreview: Window{1099e u0 top.qwq2333.nullgram/org.telegram.messenger.MainIcon}: Setting back callback OnBackInvokedCallbackInfo{mCallback=android.window.IOnBackInvokedCallback$Stub$Proxy@60e144c, mPriority=0}
06-02 15:25:07.462  1824  4456 D CompatibilityChangeReporter: Compat change id reported: 214016041; UID 10202; state: ENABLED
06-02 15:25:07.519  1824  5297 W WindowManager: Failed looking up window session=Session{ccd1449 2379:u0a10168} callers=com.android.server.wm.WindowManagerService.windowForClientLocked:6005 com.android.server.wm.Session.setOnBackInvokedCallbackInfo:944 android.view.IWindowSession$Stub.onTransact:1180 
06-02 15:25:07.519  1824  5297 E WindowManager: setOnBackInvokedCallback(): No window state for package:com.android.systemui
06-02 15:25:07.575  1824  1950 E ShortcutService: Failed to report usage via AppSearch. Couldn't report usage on a nonexistent document: (namespace: 'android$top.qwq2333.nullgram/top.qwq2333.nullgram', uri: 'compose')
06-02 15:25:07.576  1824  1950 E ShortcutService: Failed to report usage via AppSearch. Couldn't report usage on a nonexistent document: (namespace: 'android$top.qwq2333.nullgram/top.qwq2333.nullgram', uri: 'did3_194044975')
06-02 15:25:07.632  1824  1950 E ShortcutService: Failed to report usage via AppSearch. Couldn't report usage on a nonexistent document: (namespace: 'android$top.qwq2333.nullgram/top.qwq2333.nullgram', uri: 'did3_173412019')
06-02 15:25:07.664  1824  1950 E ShortcutService: Failed to report usage via AppSearch. Couldn't report usage on a nonexistent document: (namespace: 'android$top.qwq2333.nullgram/top.qwq2333.nullgram', uri: 'did3_121842618')
06-02 15:25:07.700  1824  1950 E ShortcutService: Failed to report usage via AppSearch. Couldn't report usage on a nonexistent document: (namespace: 'android$top.qwq2333.nullgram/top.qwq2333.nullgram', uri: 'did3_106828904')
06-02 15:25:07.702  1824  5197 W WindowManager: Failed looking up window session=Session{ccd1449 2379:u0a10168} callers=com.android.server.wm.WindowManagerService.windowForClientLocked:6005 com.android.server.wm.WindowManagerService.removeWindow:2056 com.android.server.wm.Session.remove:230 
06-02 15:25:07.724  1824  5197 D CompatibilityChangeReporter: Compat change id reported: 161145287; UID 10120; state: DISABLED
06-02 15:25:07.733  1824  1950 E ShortcutService: Failed to report usage via AppSearch. Couldn't report usage on a nonexistent document: (namespace: 'android$top.qwq2333.nullgram/top.qwq2333.nullgram', uri: 'did3_179256854')
06-02 15:25:07.738  1824  1950 E ShortcutService: Failed to report usage via AppSearch. Couldn't report usage on a nonexistent document: (namespace: 'android$top.qwq2333.nullgram/top.qwq2333.nullgram', uri: 'did3_405232885')
06-02 15:25:07.765  1824  1950 E ShortcutService: Failed to report usage via AppSearch. Couldn't report usage on a nonexistent document: (namespace: 'android$top.qwq2333.nullgram/top.qwq2333.nullgram', uri: 'did3_1703115579')
06-02 15:25:07.874  1824  4399 D PackageManager: Ignoring attempt to set enabled state of disabled component com.android.vending/com.google.android.finsky.systemupdateactivity.SystemUpdateActivity
06-02 15:25:07.874  1824  4399 D PackageManager: Ignoring attempt to set enabled state of disabled component com.android.vending/com.google.android.finsky.systemupdateactivity.SettingsSecurityEntryPoint
06-02 15:25:07.908  1824  4428 D CompatibilityChangeReporter: Compat change id reported: 135634846; UID 10127; state: DISABLED
06-02 15:25:07.908  1824  4428 D CompatibilityChangeReporter: Compat change id reported: 177438394; UID 10127; state: DISABLED
06-02 15:25:07.908  1824  4428 D CompatibilityChangeReporter: Compat change id reported: 135772972; UID 10127; state: DISABLED
06-02 15:25:07.909  1824  4428 D CompatibilityChangeReporter: Compat change id reported: 135754954; UID 10127; state: ENABLED
06-02 15:25:07.911  1824  1952 D CompatibilityChangeReporter: Compat change id reported: 143937733; UID 10127; state: ENABLED
06-02 15:25:07.923  1824  1952 I ActivityManager: Start proc 24666:com.google.process.gapps/u0a127 for content provider {com.google.android.gsf/com.google.android.gsf.settings.GoogleSettingsProvider}
06-02 15:25:07.992  1824  5297 D CompatibilityChangeReporter: Compat change id reported: 168419799; UID 10127; state: DISABLED
06-02 15:25:08.140  1824  5297 D CompatibilityChangeReporter: Compat change id reported: 161145287; UID 10127; state: DISABLED
06-02 15:25:08.180  1824  5297 D CompatibilityChangeReporter: Compat change id reported: 201794303; UID 10127; state: ENABLED
06-02 15:25:08.339  1824  5297 I ActivityManager: com.android.vending is exempt from freezer
06-02 15:25:08.339  1824  5297 D CompatibilityChangeReporter: Compat change id reported: 135634846; UID 10120; state: DISABLED
06-02 15:25:08.339  1824  5297 D CompatibilityChangeReporter: Compat change id reported: 177438394; UID 10120; state: DISABLED
06-02 15:25:08.339  1824  5297 D CompatibilityChangeReporter: Compat change id reported: 135772972; UID 10120; state: DISABLED
06-02 15:25:08.339  1824  5297 D CompatibilityChangeReporter: Compat change id reported: 135754954; UID 10120; state: ENABLED
06-02 15:25:08.341  1824  1952 D CompatibilityChangeReporter: Compat change id reported: 143937733; UID 10120; state: ENABLED
06-02 15:25:08.353  1824  1952 I ActivityManager: Start proc 24785:com.android.vending:background/u0a120 for service {com.android.vending/com.google.android.finsky.ipcservers.background.BackgroundGrpcServerAndroidService}
06-02 15:25:09.162  1824  2281 E HandwritingModeController: Cannot get requestId: Handwriting was not initialized.
06-02 15:25:09.182  1824  1942 V WindowManager: Unknown focus tokens, dropping reportFocusChanged
06-02 15:25:09.737  1824  1942 V WindowManager: Unknown focus tokens, dropping reportFocusChanged
06-02 15:25:09.947  1824  2462 D CompatibilityChangeReporter: Compat change id reported: 161252188; UID 10127; state: ENABLED
06-02 15:25:13.256  1824  2462 D CompatibilityChangeReporter: Compat change id reported: 161145287; UID 10132; state: DISABLED
06-02 15:25:14.184  1824  1950 W ActivityManager: Rescheduling restart of crashed service com.qualcomm.atfwd/.AtFwdService in 0ms for mem-pressure-event
06-02 15:25:14.184  1824  1950 W ActivityManager: Rescheduling restart of crashed service com.maary.liveinpeace/.service.ForegroundService in 0ms for mem-pressure-event
06-02 15:25:14.185  1824  1950 W ActivityManager: Rescheduling restart of crashed service com.google.android.apps.messaging/com.google.android.ims.binding.SystemBindingService in 0ms for mem-pressure-event
06-02 15:25:14.185  1824  1950 W ActivityManager: Rescheduling restart of crashed service com.google.android.apps.messaging/com.google.android.ims.service.JibeService in 0ms for mem-pressure-event
06-02 15:25:14.187  1824  1951 D CompatibilityChangeReporter: Compat change id reported: 135634846; UID 10089; state: DISABLED
06-02 15:25:14.188  1824  1951 D CompatibilityChangeReporter: Compat change id reported: 177438394; UID 10089; state: DISABLED
06-02 15:25:14.188  1824  1951 D CompatibilityChangeReporter: Compat change id reported: 135772972; UID 10089; state: DISABLED
06-02 15:25:14.188  1824  1951 D CompatibilityChangeReporter: Compat change id reported: 135754954; UID 10089; state: DISABLED
06-02 15:25:14.189  1824  1952 D CompatibilityChangeReporter: Compat change id reported: 143937733; UID 10089; state: DISABLED
06-02 15:25:14.204  1824  1951 D CompatibilityChangeReporter: Compat change id reported: 135634846; UID 10264; state: DISABLED
06-02 15:25:14.204  1824  1951 D CompatibilityChangeReporter: Compat change id reported: 177438394; UID 10264; state: DISABLED
06-02 15:25:14.204  1824  1951 D CompatibilityChangeReporter: Compat change id reported: 135772972; UID 10264; state: DISABLED
06-02 15:25:14.204  1824  1951 D CompatibilityChangeReporter: Compat change id reported: 135754954; UID 10264; state: ENABLED
06-02 15:25:14.206  1824  1951 D CompatibilityChangeReporter: Compat change id reported: 135634846; UID 10121; state: DISABLED
06-02 15:25:14.206  1824  1951 D CompatibilityChangeReporter: Compat change id reported: 177438394; UID 10121; state: DISABLED
06-02 15:25:14.206  1824  1951 D CompatibilityChangeReporter: Compat change id reported: 135772972; UID 10121; state: DISABLED
06-02 15:25:14.206  1824  1951 D CompatibilityChangeReporter: Compat change id reported: 135754954; UID 10121; state: ENABLED
06-02 15:25:14.208  1824  1952 I ActivityManager: Start proc 25347:com.qualcomm.telephony/u0a89 for service {com.qualcomm.atfwd/com.qualcomm.atfwd.AtFwdService}
06-02 15:25:14.209  1824  1952 D CompatibilityChangeReporter: Compat change id reported: 143937733; UID 10264; state: ENABLED
06-02 15:25:14.224  1824  1952 I ActivityManager: Start proc 25348:com.maary.liveinpeace/u0a264 for service {com.maary.liveinpeace/com.maary.liveinpeace.service.ForegroundService}
06-02 15:25:14.225  1824  1952 D CompatibilityChangeReporter: Compat change id reported: 143937733; UID 10121; state: ENABLED
06-02 15:25:14.239  1824  1952 I ActivityManager: Start proc 25357:com.google.android.apps.messaging:rcs/u0a121 for service {com.google.android.apps.messaging/com.google.android.ims.binding.SystemBindingService}
06-02 15:25:14.296  1824  2462 D CompatibilityChangeReporter: Compat change id reported: 168419799; UID 10089; state: DISABLED
06-02 15:25:14.426  1824  2462 D CompatibilityChangeReporter: Compat change id reported: 168419799; UID 10264; state: DISABLED
06-02 15:25:14.428  1824  2462 W ActivityManager: Stopping service due to app idle: u0a264 -1m6s48ms com.maary.liveinpeace/.service.ForegroundService
06-02 15:25:14.694  1824  1882 D CompatibilityChangeReporter: Compat change id reported: 161145287; UID 10121; state: DISABLED
06-02 15:25:14.765  1824  1951 D CompatibilityChangeReporter: Compat change id reported: 135634846; UID 10121; state: DISABLED
06-02 15:25:14.765  1824  1951 D CompatibilityChangeReporter: Compat change id reported: 177438394; UID 10121; state: DISABLED
06-02 15:25:14.765  1824  1951 D CompatibilityChangeReporter: Compat change id reported: 135772972; UID 10121; state: DISABLED
06-02 15:25:14.765  1824  1951 D CompatibilityChangeReporter: Compat change id reported: 135754954; UID 10121; state: ENABLED
06-02 15:25:14.765  1824  1952 D CompatibilityChangeReporter: Compat change id reported: 143937733; UID 10121; state: ENABLED
06-02 15:25:14.778  1824  1952 I ActivityManager: Start proc 25479:com.google.android.apps.messaging/u0a121 for broadcast {com.google.android.apps.messaging/com.google.android.apps.messaging.rcsprovisioning.RcsProvisioningBroadcastReceiver}
06-02 15:25:14.914  1824  4399 D CompatibilityChangeReporter: Compat change id reported: 194532703; UID 10121; state: ENABLED
06-02 15:25:15.259 25348 25348 I ActivityThread: handleStopService: token=android.os.BinderProxy@b4ca5d7 not found.
06-02 15:25:15.375  1824  4399 D CompatibilityChangeReporter: Compat change id reported: 161145287; UID 10264; state: DISABLED
06-02 15:25:15.418  1824  4399 W ActivityManager: Service done with onDestroy, but executeNesting=2: ServiceRecord{e186ea u0 com.maary.liveinpeace/.service.ForegroundService}
06-02 15:25:15.934  1824  4399 W ProcessStats: Tracking association SourceState{e1d1aa9 system/1000 BTopFgs #12612} whose proc state 2 is better than process ProcessState{479b8ee org.kde.kdeconnect_tp/10193 pkg=org.kde.kdeconnect_tp} proc state 3 (129 skipped)
06-02 15:25:16.158  1824  4399 W ContextImpl: Calling a method in the system process without a qualified user: android.app.ContextImpl.sendBroadcastMultiplePermissions:1228 com.android.server.TelephonyRegistry.broadcastServiceStateChanged:3085 com.android.server.TelephonyRegistry.notifyServiceStateForPhoneId:1616 com.android.internal.telephony.ITelephonyRegistry$Stub.onTransact:492 android.os.Binder.execTransactInternal:1280 
06-02 15:25:16.160  1824  4399 W ContextImpl: Calling a method in the system process without a qualified user: android.app.ContextImpl.sendBroadcastMultiplePermissions:1278 android.content.Context.sendBroadcastMultiplePermissions:2272 com.android.server.TelephonyRegistry.broadcastServiceStateChanged:3089 com.android.server.TelephonyRegistry.notifyServiceStateForPhoneId:1616 com.android.internal.telephony.ITelephonyRegistry$Stub.onTransact:492 
06-02 15:25:16.160  1824  1951 W BroadcastQueue: Permission Denial: receiving Intent { act=android.intent.action.SERVICE_STATE flg=0x1000010 (has extras) } to ProcessRecord{7329222 2379:com.android.systemui/u0a168} (pid=2379, uid=10168) requires android.permission.ACCESS_FINE_LOCATION due to sender android (uid 1001)
06-02 15:25:16.160  1824  1951 W BroadcastQueue: Permission Denial: receiving Intent { act=android.intent.action.SERVICE_STATE flg=0x1000010 (has extras) } to com.android.cellbroadcastreceiver.module/com.android.cellbroadcastreceiver.CellBroadcastReceiver requires android.permission.READ_PHONE_STATE due to sender android (uid 1001)
06-02 15:25:16.161  1824  1951 W BroadcastQueue: Permission Denial: receiving Intent { act=android.intent.action.SERVICE_STATE flg=0x1000010 (has extras) } to ProcessRecord{7329222 2379:com.android.systemui/u0a168} (pid=2379, uid=10168) requires android.permission.ACCESS_FINE_LOCATION due to sender android (uid 1001)
06-02 15:25:16.161  1824  1951 W BroadcastQueue: Permission Denial: receiving Intent { act=android.intent.action.SERVICE_STATE flg=0x1000010 (has extras) } to com.android.cellbroadcastreceiver.module/com.android.cellbroadcastreceiver.CellBroadcastReceiver requires android.permission.ACCESS_FINE_LOCATION due to sender android (uid 1001)
06-02 15:25:16.161  1824  4399 W ContextImpl: Calling a method in the system process without a qualified user: android.app.ContextImpl.sendBroadcastMultiplePermissions:1278 android.content.Context.sendBroadcastMultiplePermissions:2272 com.android.server.TelephonyRegistry.broadcastServiceStateChanged:3096 com.android.server.TelephonyRegistry.notifyServiceStateForPhoneId:1616 com.android.internal.telephony.ITelephonyRegistry$Stub.onTransact:492 
06-02 15:25:16.162  1824  4399 W ContextImpl: Calling a method in the system process without a qualified user: android.app.ContextImpl.sendBroadcastMultiplePermissions:1278 android.content.Context.sendBroadcastMultiplePermissions:2272 com.android.server.TelephonyRegistry.broadcastServiceStateChanged:3100 com.android.server.TelephonyRegistry.notifyServiceStateForPhoneId:1616 com.android.internal.telephony.ITelephonyRegistry$Stub.onTransact:492 
06-02 15:25:16.162  1824  1951 W BroadcastQueue: Permission Denial: receiving Intent { act=android.intent.action.SERVICE_STATE flg=0x1000010 (has extras) } to com.android.cellbroadcastreceiver.module/com.android.cellbroadcastreceiver.CellBroadcastReceiver requires android.permission.READ_PHONE_STATE due to sender android (uid 1001)
06-02 15:25:16.163  1824  1951 W BroadcastQueue: Appop Denial: receiving Intent { act=android.intent.action.SERVICE_STATE flg=0x1000010 (has extras) } to ProcessRecord{7329222 2379:com.android.systemui/u0a168} (pid=2379, uid=10168) excludes appop android:read_phone_state due to sender android (uid 1001)
06-02 15:25:16.695  1824  6261 W UriGrantsManagerService: No permission grants found for com.google.android.apps.photos
06-02 15:25:16.695  1824  6261 W UriGrantsManagerService: No permission grants found for com.google.android.apps.photos
06-02 15:25:16.774  1824  4399 W UriGrantsManagerService: No permission grants found for com.google.android.apps.photos
06-02 15:25:16.774  1824  6261 W UriGrantsManagerService: No permission grants found for com.google.android.apps.photos
06-02 15:25:16.808  1824  2462 W UriGrantsManagerService: No permission grants found for com.google.android.apps.photos
06-02 15:25:16.808  1824  2462 W UriGrantsManagerService: No permission grants found for com.google.android.apps.photos
06-02 15:25:16.867  1824  4399 W UriGrantsManagerService: No permission grants found for com.google.android.apps.photos
06-02 15:25:16.868  1824  4399 W UriGrantsManagerService: No permission grants found for com.google.android.apps.photos
06-02 15:25:16.938  1824  6261 W UriGrantsManagerService: No permission grants found for com.google.android.apps.photos
06-02 15:25:16.939  1824  6261 W UriGrantsManagerService: No permission grants found for com.google.android.apps.photos
06-02 15:25:16.976  1824  4399 W UriGrantsManagerService: No permission grants found for com.google.android.apps.photos
06-02 15:25:16.977  1824  4399 W UriGrantsManagerService: No permission grants found for com.google.android.apps.photos
06-02 15:25:17.631   759 24516 I keystore2: keystore2::watchdog: Watchdog thread idle -> terminating. Have a great day.
06-02 15:25:18.774  1824  4399 D CompatibilityChangeReporter: Compat change id reported: 168419799; UID 10120; state: DISABLED
06-02 15:25:27.586  1824  5297 D CoreBackPreview: Window{bce2cb5 u0 VolumeDialogImpl}: Setting back callback OnBackInvokedCallbackInfo{mCallback=android.window.IOnBackInvokedCallback$Stub$Proxy@6db4ebb, mPriority=0}
06-02 15:25:27.760  1824  1950 W ProcessStats: Tracking association SourceState{e1d1aa9 system/1000 BTopFgs #12685} whose proc state 2 is better than process ProcessState{479b8ee org.kde.kdeconnect_tp/10193 pkg=org.kde.kdeconnect_tp} proc state 3 (95 skipped)
06-02 15:25:30.591  1824  1951 W BroadcastQueue: Exported Denial: sending Intent { act=android.net.conn.CONNECTIVITY_CHANGE flg=0x4200010 (has extras) }, action: android.net.conn.CONNECTIVITY_CHANGE from null (uid=-1) due to receiver ProcessRecord{7b54b91 25479:com.google.android.apps.messaging/u0a121} (uid 10121) not specifying RECEIVER_EXPORTED
06-02 15:25:31.000  1824  4399 D CompatibilityChangeReporter: Compat change id reported: 168419799; UID 10127; state: DISABLED
06-02 15:25:31.365  1824  6261 D CoreBackPreview: Window{bce2cb5 u0 VolumeDialogImpl}: Setting back callback null
06-02 15:25:32.999  1824  6261 D CompatibilityChangeReporter: Compat change id reported: 135634846; UID 10195; state: DISABLED
06-02 15:25:32.999  1824  6261 D CompatibilityChangeReporter: Compat change id reported: 177438394; UID 10195; state: DISABLED
06-02 15:25:32.999  1824  6261 D CompatibilityChangeReporter: Compat change id reported: 135772972; UID 10195; state: DISABLED
06-02 15:25:32.999  1824  6261 D CompatibilityChangeReporter: Compat change id reported: 135754954; UID 10195; state: ENABLED
06-02 15:25:33.000  1824  1952 D CompatibilityChangeReporter: Compat change id reported: 143937733; UID 10195; state: ENABLED
06-02 15:25:33.010  1824  6261 D CompatibilityChangeReporter: Compat change id reported: 161252188; UID 10199; state: DISABLED
06-02 15:25:33.011  1824  6261 D CompatibilityChangeReporter: Compat change id reported: 135634846; UID 10199; state: DISABLED
06-02 15:25:33.011  1824  6261 D CompatibilityChangeReporter: Compat change id reported: 177438394; UID 10199; state: DISABLED
06-02 15:25:33.011  1824  6261 D CompatibilityChangeReporter: Compat change id reported: 135772972; UID 10199; state: DISABLED
06-02 15:25:33.011  1824  6261 D CompatibilityChangeReporter: Compat change id reported: 135754954; UID 10199; state: ENABLED
06-02 15:25:33.013  1824  1952 I ActivityManager: Start proc 27309:com.maary.shareas/u0a195 for service {com.maary.shareas/com.maary.shareas.QSTileService}
06-02 15:25:33.013  1824  1952 D CompatibilityChangeReporter: Compat change id reported: 143937733; UID 10199; state: ENABLED
06-02 15:25:33.015  1824  6261 D CompatibilityChangeReporter: Compat change id reported: 135634846; UID 10130; state: DISABLED
06-02 15:25:33.015  1824  6261 D CompatibilityChangeReporter: Compat change id reported: 177438394; UID 10130; state: DISABLED
06-02 15:25:33.015  1824  6261 D CompatibilityChangeReporter: Compat change id reported: 135772972; UID 10130; state: DISABLED
06-02 15:25:33.015  1824  6261 D CompatibilityChangeReporter: Compat change id reported: 135754954; UID 10130; state: ENABLED
06-02 15:25:33.027  1824  1952 I ActivityManager: Start proc 27310:com.github.kr328.clash/u0a199 for service {com.github.kr328.clash/com.github.kr328.clash.TileService}
06-02 15:25:33.027  1824  1952 D CompatibilityChangeReporter: Compat change id reported: 143937733; UID 10130; state: ENABLED
06-02 15:25:33.051  1824  1952 I ActivityManager: Start proc 27313:com.google.android.calculator/u0a130 for service {com.google.android.calculator/com.android.calculator2.CalculatorTileService}
06-02 15:25:33.125  1824  4399 D CompatibilityChangeReporter: Compat change id reported: 168419799; UID 10199; state: DISABLED
06-02 15:25:33.145  1824  4399 D CompatibilityChangeReporter: Compat change id reported: 168419799; UID 10130; state: DISABLED
06-02 15:25:33.292  1824  4399 D CompatibilityChangeReporter: Compat change id reported: 161145287; UID 10199; state: DISABLED
06-02 15:25:38.514  2379  3492 D PowerUI : can't show warning due to - plugged: true status unknown: false
06-02 15:25:39.281  1824  1950 W ProcessStats: Tracking association SourceState{e1d1aa9 system/1000 BTopFgs #12748} whose proc state 2 is better than process ProcessState{479b8ee org.kde.kdeconnect_tp/10193 pkg=org.kde.kdeconnect_tp} proc state 3 (69 skipped)
06-02 15:25:40.282  1824  2462 D CompatibilityChangeReporter: Compat change id reported: 161145287; UID 10130; state: DISABLED
06-02 15:25:40.307  1824  2462 I UsbPortManager: AIDL UsbDataStatus:1
06-02 15:25:40.307  1824  2462 I UsbPortManager: ClientCallback AIDL V1: port0
06-02 15:25:40.307  1824  1939 I UsbPortManager: USB port changed: port=UsbPort{id=port0, supportedModes=dualsupportedContaminantProtectionModes=4supportsEnableContaminantPresenceProtection=falsesupportsEnableContaminantPresenceDetection=false, status=UsbPortStatus{connected=false, currentMode=none, currentPowerRole=no-power, currentDataRole=no-data, supportedRoleCombinations=[no-power:no-data], contaminantDetectionStatus=2, contaminantProtectionStatus=0, usbDataStatus=enabled, isPowerTransferLimited=false, powerBrickConnectionStatus=unknown}, canChangeMode=true, canChangePowerRole=false, canChangeDataRole=false, connectedAtMillis=0, lastConnectDurationMillis=121422
06-02 15:25:40.364  1824  1951 W BroadcastQueue: Background execution not allowed: receiving Intent { act=android.intent.action.ACTION_POWER_DISCONNECTED flg=0x4000010 (has extras) } to com.google.android.gms/.chimera.GmsIntentOperationService$PersistentTrustedReceiver
06-02 15:25:40.378  1824  1951 D CompatibilityChangeReporter: Compat change id reported: 135634846; UID 10124; state: DISABLED
06-02 15:25:40.384  1824  1951 D CompatibilityChangeReporter: Compat change id reported: 177438394; UID 10124; state: DISABLED
