06-02 15:25:40.385  1824  1951 D CompatibilityChangeReporter: Compat change id reported: 135772972; UID 10124; state: DISABLED
06-02 15:25:40.385  1824  1951 D CompatibilityChangeReporter: Compat change id reported: 135754954; UID 10124; state: ENABLED
06-02 15:25:40.385  1824  1952 D CompatibilityChangeReporter: Compat change id reported: 143937733; UID 10124; state: ENABLED
06-02 15:25:40.405  1824  1952 I ActivityManager: Start proc 27946:com.google.android.apps.turbo/u0a124 for broadcast {com.google.android.apps.turbo/com.google.android.apps.turbo.deadline.library.DeadlineUpdateReceiver}
06-02 15:25:40.498  1824  4399 E AppOps  : Bad call made by uid 10129. Package "com.google.android.gms" does not belong to uid 10129.
06-02 15:25:40.506  1824  4399 E AppOps  : Bad call made by uid 10129. Package "com.google.android.gms" does not belong to uid 10129.
06-02 15:25:40.507  1824  4399 E AppOps  : Bad call made by uid 10129. Package "com.google.android.gms" does not belong to uid 10129.
06-02 15:25:40.524  1824  2462 D CompatibilityChangeReporter: Compat change id reported: 168419799; UID 10124; state: DISABLED
06-02 15:25:40.603  1824  1950 W ProcessCpuTracker: Failed to stat(/proc/27968): android.system.ErrnoException: stat failed: ENOENT (No such file or directory)
06-02 15:25:40.604  1824  1950 W ProcessCpuTracker: Skipping unknown process pid 27968
06-02 15:25:40.673  1824  4399 D CompatibilityChangeReporter: Compat change id reported: 161145287; UID 10124; state: DISABLED
06-02 15:25:40.674  1824  6261 D CompatibilityChangeReporter: Compat change id reported: 194532703; UID 10124; state: ENABLED
06-02 15:25:42.017  1824  1882 W ContextImpl: Calling a method in the system process without a qualified user: android.app.ContextImpl.sendBroadcastMultiplePermissions:1228 com.android.server.TelephonyRegistry.broadcastServiceStateChanged:3085 com.android.server.TelephonyRegistry.notifyServiceStateForPhoneId:1616 com.android.internal.telephony.ITelephonyRegistry$Stub.onTransact:492 android.os.Binder.execTransactInternal:1280 
06-02 15:25:42.019  1824  1882 W ContextImpl: Calling a method in the system process without a qualified user: android.app.ContextImpl.sendBroadcastMultiplePermissions:1278 android.content.Context.sendBroadcastMultiplePermissions:2272 com.android.server.TelephonyRegistry.broadcastServiceStateChanged:3089 com.android.server.TelephonyRegistry.notifyServiceStateForPhoneId:1616 com.android.internal.telephony.ITelephonyRegistry$Stub.onTransact:492 
06-02 15:25:42.019  1824  1951 W BroadcastQueue: Permission Denial: receiving Intent { act=android.intent.action.SERVICE_STATE flg=0x1000010 (has extras) } to ProcessRecord{7329222 2379:com.android.systemui/u0a168} (pid=2379, uid=10168) requires android.permission.ACCESS_FINE_LOCATION due to sender android (uid 1001)
06-02 15:25:42.019  1824  1951 W BroadcastQueue: Permission Denial: receiving Intent { act=android.intent.action.SERVICE_STATE flg=0x1000010 (has extras) } to com.android.cellbroadcastreceiver.module/com.android.cellbroadcastreceiver.CellBroadcastReceiver requires android.permission.READ_PHONE_STATE due to sender android (uid 1001)
06-02 15:25:42.020  1824  1951 W BroadcastQueue: Permission Denial: receiving Intent { act=android.intent.action.SERVICE_STATE flg=0x1000010 (has extras) } to ProcessRecord{7329222 2379:com.android.systemui/u0a168} (pid=2379, uid=10168) requires android.permission.ACCESS_FINE_LOCATION due to sender android (uid 1001)
06-02 15:25:42.021  1824  1951 W BroadcastQueue: Permission Denial: receiving Intent { act=android.intent.action.SERVICE_STATE flg=0x1000010 (has extras) } to com.android.cellbroadcastreceiver.module/com.android.cellbroadcastreceiver.CellBroadcastReceiver requires android.permission.ACCESS_FINE_LOCATION due to sender android (uid 1001)
06-02 15:25:42.021  1824  1882 W ContextImpl: Calling a method in the system process without a qualified user: android.app.ContextImpl.sendBroadcastMultiplePermissions:1278 android.content.Context.sendBroadcastMultiplePermissions:2272 com.android.server.TelephonyRegistry.broadcastServiceStateChanged:3096 com.android.server.TelephonyRegistry.notifyServiceStateForPhoneId:1616 com.android.internal.telephony.ITelephonyRegistry$Stub.onTransact:492 
06-02 15:25:42.022  1824  1882 W ContextImpl: Calling a method in the system process without a qualified user: android.app.ContextImpl.sendBroadcastMultiplePermissions:1278 android.content.Context.sendBroadcastMultiplePermissions:2272 com.android.server.TelephonyRegistry.broadcastServiceStateChanged:3100 com.android.server.TelephonyRegistry.notifyServiceStateForPhoneId:1616 com.android.internal.telephony.ITelephonyRegistry$Stub.onTransact:492 
06-02 15:25:42.024  1824  1951 W BroadcastQueue: Permission Denial: receiving Intent { act=android.intent.action.SERVICE_STATE flg=0x1000010 (has extras) } to com.android.cellbroadcastreceiver.module/com.android.cellbroadcastreceiver.CellBroadcastReceiver requires android.permission.READ_PHONE_STATE due to sender android (uid 1001)
06-02 15:25:42.024  1824  1951 W BroadcastQueue: Appop Denial: receiving Intent { act=android.intent.action.SERVICE_STATE flg=0x1000010 (has extras) } to ProcessRecord{7329222 2379:com.android.systemui/u0a168} (pid=2379, uid=10168) excludes appop android:read_phone_state due to sender android (uid 1001)
06-02 15:25:43.292  1824  1939 D UsbDeviceManager: Clear notification
06-02 15:25:43.306  1824  1951 D CompatibilityChangeReporter: Compat change id reported: 135634846; UID 10066; state: DISABLED
06-02 15:25:43.307  1824  1951 D CompatibilityChangeReporter: Compat change id reported: 177438394; UID 10066; state: DISABLED
06-02 15:25:43.307  1824  1951 D CompatibilityChangeReporter: Compat change id reported: 135772972; UID 10066; state: DISABLED
06-02 15:25:43.307  1824  1951 D CompatibilityChangeReporter: Compat change id reported: 135754954; UID 10066; state: ENABLED
06-02 15:25:43.308  1824  1952 D CompatibilityChangeReporter: Compat change id reported: 143937733; UID 10066; state: ENABLED
06-02 15:25:43.324  1824  1952 I ActivityManager: Start proc 28199:android.process.media/u0a66 for broadcast {com.android.mtp/com.android.mtp.MtpReceiver}
06-02 15:25:43.411  1824  7592 D CompatibilityChangeReporter: Compat change id reported: 168419799; UID 10066; state: DISABLED
06-02 15:25:43.510  1824  1824 I NotificationService: Cannot find enqueued record for key: -1|android|2147483647|ranker_group|1000|ranker_group
06-02 15:25:47.092  1824  4399 W ContextImpl: Calling a method in the system process without a qualified user: android.app.ContextImpl.sendBroadcastMultiplePermissions:1228 com.android.server.TelephonyRegistry.broadcastServiceStateChanged:3085 com.android.server.TelephonyRegistry.notifyServiceStateForPhoneId:1616 com.android.internal.telephony.ITelephonyRegistry$Stub.onTransact:492 android.os.Binder.execTransactInternal:1280 
06-02 15:25:47.094  1824  4399 W ContextImpl: Calling a method in the system process without a qualified user: android.app.ContextImpl.sendBroadcastMultiplePermissions:1278 android.content.Context.sendBroadcastMultiplePermissions:2272 com.android.server.TelephonyRegistry.broadcastServiceStateChanged:3089 com.android.server.TelephonyRegistry.notifyServiceStateForPhoneId:1616 com.android.internal.telephony.ITelephonyRegistry$Stub.onTransact:492 
06-02 15:25:47.095  1824  1951 W BroadcastQueue: Permission Denial: receiving Intent { act=android.intent.action.SERVICE_STATE flg=0x1000010 (has extras) } to ProcessRecord{7329222 2379:com.android.systemui/u0a168} (pid=2379, uid=10168) requires android.permission.ACCESS_FINE_LOCATION due to sender android (uid 1001)
06-02 15:25:47.095  1824  1951 W BroadcastQueue: Permission Denial: receiving Intent { act=android.intent.action.SERVICE_STATE flg=0x1000010 (has extras) } to com.android.cellbroadcastreceiver.module/com.android.cellbroadcastreceiver.CellBroadcastReceiver requires android.permission.READ_PHONE_STATE due to sender android (uid 1001)
06-02 15:25:47.096  1824  1951 W BroadcastQueue: Permission Denial: receiving Intent { act=android.intent.action.SERVICE_STATE flg=0x1000010 (has extras) } to ProcessRecord{7329222 2379:com.android.systemui/u0a168} (pid=2379, uid=10168) requires android.permission.ACCESS_FINE_LOCATION due to sender android (uid 1001)
06-02 15:25:47.096  1824  1951 W BroadcastQueue: Permission Denial: receiving Intent { act=android.intent.action.SERVICE_STATE flg=0x1000010 (has extras) } to com.android.cellbroadcastreceiver.module/com.android.cellbroadcastreceiver.CellBroadcastReceiver requires android.permission.ACCESS_FINE_LOCATION due to sender android (uid 1001)
06-02 15:25:47.096  1824  4399 W ContextImpl: Calling a method in the system process without a qualified user: android.app.ContextImpl.sendBroadcastMultiplePermissions:1278 android.content.Context.sendBroadcastMultiplePermissions:2272 com.android.server.TelephonyRegistry.broadcastServiceStateChanged:3096 com.android.server.TelephonyRegistry.notifyServiceStateForPhoneId:1616 com.android.internal.telephony.ITelephonyRegistry$Stub.onTransact:492 
06-02 15:25:47.099  1824  4399 W ContextImpl: Calling a method in the system process without a qualified user: android.app.ContextImpl.sendBroadcastMultiplePermissions:1278 android.content.Context.sendBroadcastMultiplePermissions:2272 com.android.server.TelephonyRegistry.broadcastServiceStateChanged:3100 com.android.server.TelephonyRegistry.notifyServiceStateForPhoneId:1616 com.android.internal.telephony.ITelephonyRegistry$Stub.onTransact:492 
06-02 15:25:47.100  1824  1951 W BroadcastQueue: Permission Denial: receiving Intent { act=android.intent.action.SERVICE_STATE flg=0x1000010 (has extras) } to com.android.cellbroadcastreceiver.module/com.android.cellbroadcastreceiver.CellBroadcastReceiver requires android.permission.READ_PHONE_STATE due to sender android (uid 1001)
06-02 15:25:47.101  1824  1951 W BroadcastQueue: Appop Denial: receiving Intent { act=android.intent.action.SERVICE_STATE flg=0x1000010 (has extras) } to ProcessRecord{7329222 2379:com.android.systemui/u0a168} (pid=2379, uid=10168) excludes appop android:read_phone_state due to sender android (uid 1001)
06-02 15:25:53.746  1824  1950 W ProcessStats: Tracking association SourceState{e1d1aa9 system/1000 BTopFgs #12822} whose proc state 2 is better than process ProcessState{479b8ee org.kde.kdeconnect_tp/10193 pkg=org.kde.kdeconnect_tp} proc state 3 (91 skipped)
06-02 15:25:54.818  1824  1950 W ProcessCpuTracker: Failed to stat(/proc/29052): android.system.ErrnoException: stat failed: ENOENT (No such file or directory)
06-02 15:25:54.818  1824  1950 W ProcessCpuTracker: Skipping unknown process pid 29052
06-02 15:26:04.731  1824  1824 W ProcessStats: Tracking association SourceState{e1d1aa9 system/1000 BTopFgs #12845} whose proc state 2 is better than process ProcessState{479b8ee org.kde.kdeconnect_tp/10193 pkg=org.kde.kdeconnect_tp} proc state 3 (21 skipped)
06-02 15:26:04.734  1824  1824 D CompatibilityChangeReporter: Compat change id reported: 135634846; UID 10194; state: DISABLED
06-02 15:26:04.735  1824  1824 D CompatibilityChangeReporter: Compat change id reported: 177438394; UID 10194; state: DISABLED
06-02 15:26:04.735  1824  1824 D CompatibilityChangeReporter: Compat change id reported: 135772972; UID 10194; state: DISABLED
06-02 15:26:04.735  1824  1824 D CompatibilityChangeReporter: Compat change id reported: 135754954; UID 10194; state: ENABLED
06-02 15:26:04.735  1824  1952 D CompatibilityChangeReporter: Compat change id reported: 143937733; UID 10194; state: ENABLED
06-02 15:26:04.747  1824  1824 D CompatibilityChangeReporter: Compat change id reported: 168419799; UID 10121; state: DISABLED
06-02 15:26:04.756  1824  1952 I ActivityManager: Start proc 29669:org.mariotaku.twidere/u0a194 for service {org.mariotaku.twidere/org.mariotaku.twidere.service.JobTaskService}
06-02 15:26:04.769  1824  2372 D CompatibilityChangeReporter: Compat change id reported: 177438394; UID 10134; state: DISABLED
06-02 15:26:04.769  1824  2372 D CompatibilityChangeReporter: Compat change id reported: 135772972; UID 10134; state: DISABLED
06-02 15:26:04.769  1824  2372 D CompatibilityChangeReporter: Compat change id reported: 135754954; UID 10134; state: ENABLED
06-02 15:26:04.770  1824  1952 D CompatibilityChangeReporter: Compat change id reported: 143937733; UID 10134; state: ENABLED
06-02 15:26:04.780  1824  7592 D CompatibilityChangeReporter: Compat change id reported: 168419799; UID 10124; state: DISABLED
06-02 15:26:04.784  1824  1952 I ActivityManager: Start proc 29674:com.google.android.calendar/u0a134 for service {com.google.android.calendar/com.google.android.syncadapters.calendar.CalendarSyncAdapterService}
06-02 15:26:04.800  1824  6261 W JobScheduler: Job didn't exist in JobStore: e935a01 #u0a154/1034 com.google.android.apps.photos/com.google.android.libraries.social.mediamonitor.MediaMonitorJobSchedulerService
06-02 15:26:04.830  1824  6261 W UriGrantsManagerService: No permission grants found for com.google.android.apps.photos
06-02 15:26:04.831  1824  6261 W UriGrantsManagerService: No permission grants found for com.google.android.apps.photos
06-02 15:26:04.832  1824  5297 D CompatibilityChangeReporter: Compat change id reported: 135634846; UID 10165; state: DISABLED
06-02 15:26:04.832  1824  5297 D CompatibilityChangeReporter: Compat change id reported: 177438394; UID 10165; state: DISABLED
06-02 15:26:04.832  1824  5297 D CompatibilityChangeReporter: Compat change id reported: 135772972; UID 10165; state: DISABLED
06-02 15:26:04.832  1824  5297 D CompatibilityChangeReporter: Compat change id reported: 135754954; UID 10165; state: ENABLED
06-02 15:26:04.833  1824  1952 D CompatibilityChangeReporter: Compat change id reported: 143937733; UID 10165; state: ENABLED
06-02 15:26:04.848  1824  1952 I ActivityManager: Start proc 29695:com.google.android.turboadapter/u0a165 for service {com.google.android.turboadapter/com.google.android.turboadapter.GoogleBatteryService}
06-02 15:26:04.877  1824  6261 D CompatibilityChangeReporter: Compat change id reported: 168419799; UID 10194; state: DISABLED
06-02 15:26:04.929  1824  2462 W UriGrantsManagerService: No permission grants found for com.google.android.apps.photos
06-02 15:26:04.930  1824  2462 W UriGrantsManagerService: No permission grants found for com.google.android.apps.photos
06-02 15:26:04.955  1824  1882 D CompatibilityChangeReporter: Compat change id reported: 168419799; UID 10165; state: DISABLED
06-02 15:26:05.018  1824  4424 W UriGrantsManagerService: No permission grants found for com.google.android.apps.photos
06-02 15:26:05.018  1824  2462 I ActivityManager: Process com.google.android.apps.messaging (pid 25479) has died: cch+5 CEM 
06-02 15:26:05.019  1824  2331 W UriGrantsManagerService: No permission grants found for com.google.android.apps.photos
06-02 15:26:05.025  1824  6261 I ActivityManager: Process com.github.kr328.clash (pid 27310) has died: cch+55 CEM 
06-02 15:26:05.026  1824  6261 W ActivityManager: Scheduling restart of crashed service com.github.kr328.clash/.TileService in 1000ms for connection
06-02 15:26:05.180  1824  4424 D CompatibilityChangeReporter: Compat change id reported: 161145287; UID 10134; state: DISABLED
06-02 15:26:05.291  1824  4424 D CompatibilityChangeReporter: Compat change id reported: 135634846; UID 10076; state: DISABLED
06-02 15:26:05.291  1824  4424 D CompatibilityChangeReporter: Compat change id reported: 177438394; UID 10076; state: DISABLED
06-02 15:26:05.291  1824  4424 D CompatibilityChangeReporter: Compat change id reported: 135772972; UID 10076; state: DISABLED
06-02 15:26:05.292  1824  4424 D CompatibilityChangeReporter: Compat change id reported: 135754954; UID 10076; state: ENABLED
06-02 15:26:05.292  1824  1952 D CompatibilityChangeReporter: Compat change id reported: 143937733; UID 10076; state: ENABLED
06-02 15:26:05.306  1824  1952 I ActivityManager: Start proc 29840:com.android.providers.calendar/u0a76 for content provider {com.android.providers.calendar/com.android.providers.calendar.CalendarProvider2}
06-02 15:26:05.386  1824  4399 D CompatibilityChangeReporter: Compat change id reported: 161145287; UID 10194; state: DISABLED
06-02 15:26:05.405  1824  4424 D CompatibilityChangeReporter: Compat change id reported: 135634846; UID 99003; state: DISABLED
06-02 15:26:05.405  1824  4424 D CompatibilityChangeReporter: Compat change id reported: 177438394; UID 99003; state: DISABLED
06-02 15:26:05.406  1824  4424 D CompatibilityChangeReporter: Compat change id reported: 135772972; UID 99003; state: DISABLED
06-02 15:26:05.406  1824  4424 D CompatibilityChangeReporter: Compat change id reported: 135754954; UID 99003; state: ENABLED
06-02 15:26:05.406  1824  1952 D CompatibilityChangeReporter: Compat change id reported: 143937733; UID 10194; state: ENABLED
06-02 15:26:05.427  1824  1952 I ActivityManager: Start proc 29884:com.google.android.webview:sandboxed_process0:org.chromium.content.app.SandboxedProcessService0:0/u0i3 for  {org.mariotaku.twidere/org.chromium.content.app.SandboxedProcessService0:0}
06-02 15:26:05.493  1824  5297 D CompatibilityChangeReporter: Compat change id reported: 194532703; UID 10134; state: ENABLED
06-02 15:26:05.507  1824  5297 D CompatibilityChangeReporter: Compat change id reported: 161145287; UID 10076; state: DISABLED
06-02 15:26:05.508  1824  4399 D CompatibilityChangeReporter: Compat change id reported: 201794303; UID 10134; state: ENABLED
06-02 15:26:05.520  1824  4399 D CompatibilityChangeReporter: Compat change id reported: 143231523; UID 10134; state: DISABLED
06-02 15:26:05.530  1824  5297 D CompatibilityChangeReporter: Compat change id reported: 143231523; UID 10076; state: DISABLED
06-02 15:26:05.729  1824  5297 D CompatibilityChangeReporter: Compat change id reported: 135634846; UID 10153; state: DISABLED
06-02 15:26:05.730  1824  5297 D CompatibilityChangeReporter: Compat change id reported: 177438394; UID 10153; state: DISABLED
06-02 15:26:05.730  1824  5297 D CompatibilityChangeReporter: Compat change id reported: 135772972; UID 10153; state: DISABLED
06-02 15:26:05.730  1824  5297 D CompatibilityChangeReporter: Compat change id reported: 135754954; UID 10153; state: ENABLED
06-02 15:26:05.731  1824  1952 D CompatibilityChangeReporter: Compat change id reported: 143937733; UID 10153; state: ENABLED
06-02 15:26:05.742  1824  1952 I ActivityManager: Start proc 29999:com.google.android.webview:webview_service/u0a153 for service {com.google.android.webview/org.chromium.android_webview.services.ComponentsProviderService}
06-02 15:26:05.838  1824  2462 D CompatibilityChangeReporter: Compat change id reported: 168419799; UID 10153; state: DISABLED
06-02 15:26:06.028  1824  1951 D CompatibilityChangeReporter: Compat change id reported: 135634846; UID 10199; state: DISABLED
06-02 15:26:06.029  1824  1951 D CompatibilityChangeReporter: Compat change id reported: 177438394; UID 10199; state: DISABLED
06-02 15:26:06.029  1824  1951 D CompatibilityChangeReporter: Compat change id reported: 135772972; UID 10199; state: DISABLED
06-02 15:26:06.029  1824  1951 D CompatibilityChangeReporter: Compat change id reported: 135754954; UID 10199; state: ENABLED
06-02 15:26:06.030  1824  1952 D CompatibilityChangeReporter: Compat change id reported: 143937733; UID 10199; state: ENABLED
06-02 15:26:06.042  1824  1952 I ActivityManager: Start proc 30071:com.github.kr328.clash/u0a199 for service {com.github.kr328.clash/com.github.kr328.clash.TileService}
06-02 15:26:06.118  1824  4399 D CompatibilityChangeReporter: Compat change id reported: 168419799; UID 10199; state: DISABLED
06-02 15:26:09.641  1824  1824 W JobScheduler: Job didn't exist in JobStore: abb48d9 #1000/100016 com.android.calendar/com.google/dicedsteve@gmail.com:android
06-02 15:26:09.648  1824  1824 W JobScheduler: Job didn't exist in JobStore: 90e9995 #1000/100017 com.android.calendar/com.google/dicedsteve@gmail.com:android
06-02 15:26:09.862  1824  1824 W JobScheduler: Job didn't exist in JobStore: ebdcae #1000/100017 com.android.calendar/com.google/dicedsteve@gmail.com:android
06-02 15:26:09.864  1824  1824 W JobScheduler: Job didn't exist in JobStore: f0fe3c8 #1000/100015 com.android.calendar/com.google/dicedsteve@gmail.com:android
06-02 15:26:10.976  1824  1824 W JobScheduler: Job didn't exist in JobStore: c8a9219 #1000/100015 com.android.calendar/com.google/dicedsteve@gmail.com:android
06-02 15:26:12.081  1824  4399 I ActivityManager: Killing 22995:android.process.acore/u0a60 (adj 985): empty #17
06-02 15:26:12.125  1824  4399 D CountryDetector: No listener is left
06-02 15:26:14.952  1824  2310 W ProcessStats: Tracking association SourceState{e1d1aa9 system/1000 BTopFgs #13026} whose proc state 2 is better than process ProcessState{479b8ee org.kde.kdeconnect_tp/10193 pkg=org.kde.kdeconnect_tp} proc state 3 (205 skipped)
06-02 15:26:17.998  1824  1882 W JobScheduler: Job didn't exist in JobStore: 6052063 #u0a134/1 com.google.android.calendar/.jobservices.CalendarProviderObserverJobService
06-02 15:26:26.990  1824  1950 W ProcessStats: Tracking association SourceState{e1d1aa9 system/1000 BTopFgs #13080} whose proc state 2 is better than process ProcessState{479b8ee org.kde.kdeconnect_tp/10193 pkg=org.kde.kdeconnect_tp} proc state 3 (75 skipped)
06-02 15:26:28.003  1824  1882 W JobScheduler: Job didn't exist in JobStore: cc3c1de #u0a134/10 com.google.android.calendar/.jobservices.CalendarProviderObserverForNotificationsJobService
06-02 15:26:29.377  1824  1882 D CompatibilityChangeReporter: Compat change id reported: 171306433; UID 10134; state: ENABLED
06-02 15:26:29.377  1824  1882 D CompatibilityChangeReporter: Compat change id reported: 218533173; UID 10134; state: ENABLED
06-02 15:26:35.233  1824  1950 I ActivityManager: Killing 24666:com.google.process.gapps/u0a127 (adj 965): empty #17
06-02 15:26:40.368  1824  1951 W ProcessStats: Tracking association SourceState{e1d1aa9 system/1000 BTopFgs #13123} whose proc state 2 is better than process ProcessState{479b8ee org.kde.kdeconnect_tp/10193 pkg=org.kde.kdeconnect_tp} proc state 3 (49 skipped)
06-02 15:26:40.429  1824  1882 D CompatibilityChangeReporter: Compat change id reported: 161252188; UID 10165; state: ENABLED
06-02 15:26:40.432  1824  1882 D CompatibilityChangeReporter: Compat change id reported: 168419799; UID 10165; state: DISABLED
06-02 15:26:40.461  1824  1824 D CompatibilityChangeReporter: Compat change id reported: 135634846; UID 10099; state: DISABLED
06-02 15:26:40.461  1824  1824 D CompatibilityChangeReporter: Compat change id reported: 177438394; UID 10099; state: DISABLED
06-02 15:26:40.462  1824  1824 D CompatibilityChangeReporter: Compat change id reported: 135772972; UID 10099; state: DISABLED
06-02 15:26:40.462  1824  1824 D CompatibilityChangeReporter: Compat change id reported: 135754954; UID 10099; state: ENABLED
06-02 15:26:40.462  1824  1952 D CompatibilityChangeReporter: Compat change id reported: 143937733; UID 10099; state: ENABLED
06-02 15:26:40.482  1824  1952 I ActivityManager: Start proc 32587:com.google.android.carrier/u0a99 for service {com.google.android.carrier/com.google.android.carrier.CheckinService}
06-02 15:26:40.570  1824  4399 D CompatibilityChangeReporter: Compat change id reported: 168419799; UID 10099; state: DISABLED
06-02 15:26:40.723  1824  6261 D CompatibilityChangeReporter: Compat change id reported: 194532703; UID 10099; state: DISABLED
06-02 15:26:40.727  1824  4399 W JobScheduler: Job didn't exist in JobStore: d9b7621 #u0a99/9 com.google.android.carrier/.CheckinService
06-02 15:26:40.734  1824  6261 I ActivityManager: Killing 25348:com.maary.liveinpeace/u0a264 (adj 975): empty #17
06-02 15:26:55.609  1824  4424 W ProcessStats: Tracking association SourceState{e1d1aa9 system/1000 BTopFgs #13182} whose proc state 2 is better than process ProcessState{479b8ee org.kde.kdeconnect_tp/10193 pkg=org.kde.kdeconnect_tp} proc state 3 (41 skipped)
06-02 15:27:04.462  1824  1951 D CompatibilityChangeReporter: Compat change id reported: 135634846; UID 10211; state: DISABLED
06-02 15:27:04.463  1824  1951 D CompatibilityChangeReporter: Compat change id reported: 177438394; UID 10211; state: DISABLED
06-02 15:27:04.463  1824  1951 D CompatibilityChangeReporter: Compat change id reported: 135772972; UID 10211; state: DISABLED
06-02 15:27:04.464  1824  1951 D CompatibilityChangeReporter: Compat change id reported: 135754954; UID 10211; state: ENABLED
06-02 15:27:04.466  1824  1952 D CompatibilityChangeReporter: Compat change id reported: 143937733; UID 10211; state: ENABLED
06-02 15:27:04.488  1824  1952 I ActivityManager: Start proc 3287:com.instander.android/u0a211 for broadcast {com.instander.android/com.instagram.analytics.uploadscheduler.AnalyticsUploadAlarmReceiver}
06-02 15:27:04.591  1824  4424 D CompatibilityChangeReporter: Compat change id reported: 168419799; UID 10211; state: DISABLED
06-02 15:27:05.503  1824  5560 D CompatibilityChangeReporter: Compat change id reported: 161145287; UID 10211; state: DISABLED
06-02 15:27:05.760  1824  2481 W ProcessStats: Tracking association SourceState{e1d1aa9 system/1000 BTopFgs #13210} whose proc state 2 is better than process ProcessState{479b8ee org.kde.kdeconnect_tp/10193 pkg=org.kde.kdeconnect_tp} proc state 3 (29 skipped)
06-02 15:27:07.637  1824  2481 D CompatibilityChangeReporter: Compat change id reported: 183164979; UID 10211; state: ENABLED
06-02 15:27:07.712  1824  2481 W ActivityManager: Background start not allowed: service Intent { act=Orca.START cmp=com.instander.android/com.facebook.rti.push.service.FbnsService (has extras) } to com.instander.android/com.facebook.rti.push.service.FbnsService from pid=3287 uid=10211 pkg=com.instander.android startFg?=false
06-02 15:27:07.752  1824  4424 W ActivityManager: Background start not allowed: service Intent { act=Orca.START cmp=com.instander.android/com.facebook.rti.push.service.FbnsService (has extras) } to com.instander.android/com.facebook.rti.push.service.FbnsService from pid=3287 uid=10211 pkg=com.instander.android startFg?=false
06-02 15:27:07.916  1824  4424 I ActivityManager: Killing 24785:com.android.vending:background/u0a120 (adj 975): empty #17
06-02 15:27:10.128  1824  2009 I PowerGroup: Powering off display group due to timeout (groupId= 0, uid= 1000, millisSinceLastUserActivity=30000, lastUserActivityEvent=other)...
06-02 15:27:10.129  1824  2009 I PowerManagerService: Going to sleep due to timeout (uid 1000, screenOffTimeout=30000, activityTimeoutWM=-1, maxDimRatio=0.20000005, maxDimDur=7000)...
06-02 15:27:10.153  1824  2281 D CompatibilityChangeReporter: Compat change id reported: 156215187; UID 10146; state: ENABLED
06-02 15:27:10.158  1824  4424 D CompatibilityChangeReporter: Compat change id reported: 171306433; UID 10168; state: ENABLED
06-02 15:27:10.158  1824  4424 D CompatibilityChangeReporter: Compat change id reported: 218533173; UID 10168; state: ENABLED
06-02 15:27:10.212  1824  2009 I DisplayPowerController[0]: BrightnessEvent: disp=0, physDisp=local:0, brt=0.328934, initBrt=0.328934, rcmdBrt=0.328934, preBrt=0.27673596, lux=295.11713, preLux=241.03206, hbmMax=1.0, hbmMode=off, rbcStrength=50, powerFactor=1.0, thrmMax=1.0, wasShortTermModelActive=false, flags=, reason=automatic, autoBrightness=true
06-02 15:27:10.644  1824  2009 I DisplayPowerController[0]: Blocking screen off
06-02 15:27:10.644  1824  2009 I DisplayPowerController[0]: Unblocked screen off after 0 ms
06-02 15:27:10.669  1824  2009 D ActivityTaskManager: Top Process State changed to PROCESS_STATE_TOP_SLEEPING
06-02 15:27:10.693  1824  2009 V DisplayPowerController[0]: Brightness [0.0] reason changing to: 'screen_off', previous reason: 'automatic'.
06-02 15:27:10.693  1824  2009 I DisplayPowerController[0]: BrightnessEvent: disp=0, physDisp=local:0, brt=0.0, initBrt=0.328934, rcmdBrt=NaN, preBrt=NaN, lux=0.0, preLux=0.0, hbmMax=1.0, hbmMode=off, rbcStrength=50, powerFactor=1.0, thrmMax=1.0, wasShortTermModelActive=false, flags=, reason=screen_off, autoBrightness=true
06-02 15:27:10.694  1824  2009 I DisplayPowerController[0]: BrightnessEvent: disp=0, physDisp=local:0, brt=0.0, initBrt=0.0, rcmdBrt=NaN, preBrt=NaN, lux=0.0, preLux=0.0, hbmMax=1.0, hbmMode=off, rbcStrength=50, powerFactor=1.0, thrmMax=1.0, wasShortTermModelActive=false, flags=, reason=screen_off, autoBrightness=true
06-02 15:27:10.836  1824  2009 I DisplayPowerController[0]: BrightnessEvent: disp=0, physDisp=local:0, brt=0.0, initBrt=0.0, rcmdBrt=NaN, preBrt=NaN, lux=0.0, preLux=0.0, hbmMax=1.0, hbmMode=off, rbcStrength=50, powerFactor=1.0, thrmMax=1.0, wasShortTermModelActive=false, flags=, reason=screen_off, autoBrightness=true
06-02 15:27:10.837  1824  2009 I DreamManagerService: Entering dreamland.
06-02 15:27:10.840  1824  2009 I PowerManagerService: Dozing...
06-02 15:27:10.843  1824  1939 I DreamController: Starting dream: name=ComponentInfo{com.android.systemui/com.android.systemui.doze.DozeService}, isPreviewMode=false, canDoze=true, userId=0, reason='power manager request'
06-02 15:27:10.924  1824  2009 I DisplayPowerController[0]: BrightnessEvent: disp=0, physDisp=local:0, brt=0.0, initBrt=0.0, rcmdBrt=NaN, preBrt=NaN, lux=0.0, preLux=0.0, hbmMax=1.0, hbmMode=off, rbcStrength=50, powerFactor=1.0, thrmMax=1.0, wasShortTermModelActive=false, flags=, reason=screen_off, autoBrightness=true
06-02 15:27:10.928  1824 20330 D BiometricUtils: isEncrypted: false isLockdown: false
06-02 15:27:10.929  1824  1824 D BiometricScheduler/Fingerprint21: [Added] {[12] com.android.server.biometrics.sensors.fingerprint.hidl.FingerprintUpdateActiveUserClient, proto=1, owner=android, cookie=0, requestId=-1, userId=0}, new queue size: 1
06-02 15:27:10.929  1824  1824 D BiometricScheduler/Fingerprint21: [Polled] {[12] com.android.server.biometrics.sensors.fingerprint.hidl.FingerprintUpdateActiveUserClient, proto=1, owner=android, cookie=0, requestId=-1, userId=0}, State: 0
06-02 15:27:10.929  1824  1824 D BiometricScheduler/Fingerprint21: [Started] {[12] com.android.server.biometrics.sensors.fingerprint.hidl.FingerprintUpdateActiveUserClient, proto=1, owner=android, cookie=0, requestId=-1, userId=0}
06-02 15:27:10.929  1824  1824 D FingerprintUpdateActiveUserClient: Already user: com.android.server.biometrics.sensors.fingerprint.hidl.Fingerprint21$$ExternalSyntheticLambda20@b422155, returning
06-02 15:27:10.929  1824  1824 D BiometricSchedulerOperation: [Finished / destroy]: {[12] com.android.server.biometrics.sensors.fingerprint.hidl.FingerprintUpdateActiveUserClient, proto=1, owner=android, cookie=0, requestId=-1, userId=0}
06-02 15:27:10.929  1824  1824 V BiometricSchedulerOperation: started: {[12] com.android.server.biometrics.sensors.fingerprint.hidl.FingerprintUpdateActiveUserClient, proto=1, owner=android, cookie=0, requestId=-1, userId=0}, State: 5
06-02 15:27:10.930  1824  1824 D BiometricScheduler/Fingerprint21: [Added] {[13] com.android.server.biometrics.sensors.fingerprint.hidl.FingerprintAuthenticationClient, proto=3, owner=com.android.systemui, cookie=0, requestId=3, userId=0}, new queue size: 1
06-02 15:27:10.931  1824  1824 V BiometricScheduler/Fingerprint21: Not idle, current operation: {[12] com.android.server.biometrics.sensors.fingerprint.hidl.FingerprintUpdateActiveUserClient, proto=1, owner=android, cookie=0, requestId=-1, userId=0}, State: 5
06-02 15:27:10.931  1824  1824 D BiometricScheduler/Fingerprint21: [Finishing] {[12] com.android.server.biometrics.sensors.fingerprint.hidl.FingerprintUpdateActiveUserClient, proto=1, owner=android, cookie=0, requestId=-1, userId=0}, success: true
06-02 15:27:10.931  1824  1824 D BiometricScheduler/Fingerprint21: [Polled] {[13] com.android.server.biometrics.sensors.fingerprint.hidl.FingerprintAuthenticationClient, proto=3, owner=com.android.systemui, cookie=0, requestId=3, userId=0}, State: 0
06-02 15:27:10.931  1824  1824 D GestureAvailabilityTracker: Notifying gesture availability, active=false
06-02 15:27:10.931  1824  1824 D BiometricScheduler/Fingerprint21: [Started] {[13] com.android.server.biometrics.sensors.fingerprint.hidl.FingerprintAuthenticationClient, proto=3, owner=com.android.systemui, cookie=0, requestId=3, userId=0}
06-02 15:27:10.931  1824  1824 D BiometricCoexCoordinator: addAuthenticationClient(OtherFp), client: {[13] com.android.server.biometrics.sensors.fingerprint.hidl.FingerprintAuthenticationClient, proto=3, owner=com.android.systemui, cookie=0, requestId=3, userId=0}
06-02 15:27:10.931  1824  1824 D BiometricStateCallback: State updated from 0 to 2, client {[13] com.android.server.biometrics.sensors.fingerprint.hidl.FingerprintAuthenticationClient, proto=3, owner=com.android.systemui, cookie=0, requestId=3, userId=0}
06-02 15:27:10.932  1824  1824 D Biometrics/AuthenticationClient: Requesting auth for com.android.systemui
06-02 15:27:10.959  1824  1824 V BiometricSchedulerOperation: started: {[13] com.android.server.biometrics.sensors.fingerprint.hidl.FingerprintAuthenticationClient, proto=3, owner=com.android.systemui, cookie=0, requestId=3, userId=0}, State: 2
06-02 15:27:10.962  1824  1824 I PowerManagerService: onFlip(): Face up.
06-02 15:27:10.990  1824 20330 D CompatibilityChangeReporter: Compat change id reported: 171306433; UID 10127; state: ENABLED
06-02 15:27:10.990  1824 20330 D CompatibilityChangeReporter: Compat change id reported: 218533173; UID 10127; state: ENABLED
06-02 15:27:11.133  1824  2331 W AppOps  : Noting op not finished: uid 10127 pkg com.google.android.gms code 113 startTime of in progress event=1685690692365
06-02 15:27:11.157  1824  1881 W AppOps  : Noting op not finished: uid 10127 pkg com.google.android.gms code 113 startTime of in progress event=1685690692365
06-02 15:27:11.208  1824  1951 D CompatibilityChangeReporter: Compat change id reported: 135634846; UID 10128; state: DISABLED
06-02 15:27:11.208  1824  1951 D CompatibilityChangeReporter: Compat change id reported: 177438394; UID 10128; state: DISABLED
06-02 15:27:11.208  1824  1951 D CompatibilityChangeReporter: Compat change id reported: 135772972; UID 10128; state: DISABLED
06-02 15:27:11.208  1824  1951 D CompatibilityChangeReporter: Compat change id reported: 135754954; UID 10128; state: ENABLED
06-02 15:27:11.208  1824  1952 D CompatibilityChangeReporter: Compat change id reported: 143937733; UID 10128; state: ENABLED
06-02 15:27:11.221  1824  1952 I ActivityManager: Start proc 4248:com.google.android.apps.wellbeing/u0a128 for broadcast {com.google.android.apps.wellbeing/com.google.android.apps.wellbeing.fences.screen.ScreenOnOffReceiver_Receiver}
06-02 15:27:11.249  1824  2331 W AppOps  : Noting op not finished: uid 10127 pkg com.google.android.gms code 113 startTime of in progress event=1685690692365
06-02 15:27:11.264  1824  2905 W AppOps  : Noting op not finished: uid 10127 pkg com.google.android.gms code 113 startTime of in progress event=1685690692365
06-02 15:27:15.180  1824  1824 D BiometricService: Sensor ID(1008), oemStrength: 255, updatedStrength: 255, modality 8, state: 0, cookie: 0, sensorId 1008, hasEnrollments: false cannot participate in Keystore operations
06-02 15:27:15.185   759 18229 I keystore2: keystore2::authorization: on_lock_screen_event(LockScreenEvent(1), user_id=0, password.is_some()=false, unlocking_sids=Some([6548949491713035371]))
06-02 15:27:15.186   759 18229 I keystore2: keystore2::super_key: Locking screen bound for user 0 sids [6548949491713035371]
06-02 15:27:16.441  1824  1951 W ProcessStats: Tracking association SourceState{e1d1aa9 system/1000 BTopFgs #13357} whose proc state 2 is better than process ProcessState{479b8ee org.kde.kdeconnect_tp/10193 pkg=org.kde.kdeconnect_tp} proc state 3 (257 skipped)
06-02 15:27:18.664  1824 20330 D CompatibilityChangeReporter: Compat change id reported: 161145287; UID 10128; state: DISABLED
06-02 15:28:07.629   759  3529 I keystore2: keystore2::watchdog: Watchdog thread idle -> terminating. Have a great day.
06-02 15:28:08.667  1824  1951 W ProcessStats: Tracking association SourceState{e1d1aa9 system/1000 BTopFgs #13383} whose proc state 2 is better than process ProcessState{479b8ee org.kde.kdeconnect_tp/10193 pkg=org.kde.kdeconnect_tp} proc state 3 (41 skipped)
06-02 15:29:55.638  1824  1951 W ProcessStats: Tracking association SourceState{e1d1aa9 system/1000 BTopFgs #13401} whose proc state 2 is better than process ProcessState{479b8ee org.kde.kdeconnect_tp/10193 pkg=org.kde.kdeconnect_tp} proc state 3 (21 skipped)
06-02 15:30:38.139  1824  1824 D CompatibilityChangeReporter: Compat change id reported: 135634846; UID 10190; state: DISABLED
06-02 15:30:38.139  1824  1824 D CompatibilityChangeReporter: Compat change id reported: 177438394; UID 10190; state: DISABLED
06-02 15:30:38.139  1824  1824 D CompatibilityChangeReporter: Compat change id reported: 135772972; UID 10190; state: DISABLED
06-02 15:30:38.139  1824  1824 D CompatibilityChangeReporter: Compat change id reported: 135754954; UID 10190; state: DISABLED
06-02 15:30:38.140  1824  1952 D CompatibilityChangeReporter: Compat change id reported: 143937733; UID 10190; state: DISABLED
06-02 15:30:38.143  1824  1824 D CompatibilityChangeReporter: Compat change id reported: 168419799; UID 10202; state: DISABLED
06-02 15:30:38.161  1824  1952 I ActivityManager: Start proc 6191:com.hengye.share/u0a190 for service {com.hengye.share/androidx.work.impl.background.systemjob.SystemJobService}
06-02 15:30:38.227  1824  2331 W AppOps  : Noting op not finished: uid 10127 pkg com.google.android.gms code 113 startTime of in progress event=1685690692365
06-02 15:30:38.243  1824 20330 W AppOps  : Noting op not finished: uid 10127 pkg com.google.android.gms code 113 startTime of in progress event=1685690692365
06-02 15:30:38.528  1824  2331 D CompatibilityChangeReporter: Compat change id reported: 161145287; UID 10190; state: DISABLED
06-02 15:30:38.700  1824 20330 W ActivityManager: Background start not allowed: service Intent { cmp=com.hengye.share/com.wbp.sdk.service.WBPServiceProxy (has extras) } to com.hengye.share/com.wbp.sdk.service.WBPServiceProxy from pid=6191 uid=10190 pkg=com.hengye.share startFg?=false
06-02 15:30:38.713  1824 20330 W ActivityManager: Background start not allowed: service Intent { act=com.wbp.sdk.action.service.1004 cmp=com.hengye.share/com.wbp.sdk.service.WBPushService (has extras) } to com.hengye.share/com.wbp.sdk.service.WBPushService from pid=6191 uid=10190 pkg=com.hengye.share startFg?=false
06-02 15:30:39.216  1824  2331 I ActivityManager: Killing 27309:com.maary.shareas/u0a195 (adj 975): empty #17
06-02 15:30:39.227  1824  2331 D CompatibilityChangeReporter: Compat change id reported: 194532703; UID 10190; state: DISABLED
06-02 15:30:42.253  1824  2293 D CompatibilityChangeReporter: Compat change id reported: 218533173; UID 10195; state: DISABLED
06-02 15:31:18.130  1824  1951 W BroadcastQueue: Permission Denial: broadcasting Intent { act=android.net.conn.CONNECTIVITY_CHANGE flg=0x4200010 (has extras) } from null (pid=-1, uid=-1) requires com.tencent.bugly.BuglyBroadcastReceiver.permission due to registered receiver BroadcastFilter{7a5999c 10190/u0 ReceiverList{e8b750f 6191 com.hengye.share/10190/u0 remote:7c89a6e}}
06-02 15:31:31.584  1824  1824 W Looper  : Slow delivery took 1131ms main h=android.os.Handler c=com.android.internal.os.BinderCallsStats$1@341dec4 m=0
06-02 15:31:31.590  1824  1824 W Looper  : Drained
06-02 15:31:31.592  1824 20330 W ProcessStats: Tracking association SourceState{e1d1aa9 system/1000 BTopFgs #13438} whose proc state 2 is better than process ProcessState{479b8ee org.kde.kdeconnect_tp/10193 pkg=org.kde.kdeconnect_tp} proc state 3 (51 skipped)
06-02 15:32:52.159  1824  2248 D CompatibilityChangeReporter: Compat change id reported: 218533173; UID 10130; state: ENABLED
06-02 15:33:05.687  1824  2905 W ActivityManager: Background start not allowed: service Intent { cmp=com.google.android.apps.photos/com.google.android.libraries.social.mediamonitor.BackgroundThreadNotifierIntentService (has extras) } to com.google.android.apps.photos/com.google.android.libraries.social.mediamonitor.BackgroundThreadNotifierIntentService from pid=18808 uid=10154 pkg=com.google.android.apps.photos startFg?=false
06-02 15:33:05.697  1824  2331 W ActivityManager: Background start not allowed: service Intent { cmp=com.google.android.apps.photos/com.google.android.libraries.social.mediamonitor.BackgroundThreadNotifierIntentService (has extras) } to com.google.android.apps.photos/com.google.android.libraries.social.mediamonitor.BackgroundThreadNotifierIntentService from pid=18808 uid=10154 pkg=com.google.android.apps.photos startFg?=false
06-02 15:33:26.147  1824  2331 D CompatibilityChangeReporter: Compat change id reported: 168419799; UID 10211; state: DISABLED
06-02 15:33:42.933  1824  2001 D KernelCpuUidUserSysTimeReader: Removing uids 99002-99002
06-02 15:33:44.307   759  6542 I keystore2: keystore2::watchdog: Watchdog thread idle -> terminating. Have a great day.
06-02 15:33:44.338  1824  1881 W ActivityManager: Background start not allowed: service Intent { cmp=com.google.android.apps.photos/com.google.android.libraries.social.mediamonitor.BackgroundThreadNotifierIntentService (has extras) } to com.google.android.apps.photos/com.google.android.libraries.social.mediamonitor.BackgroundThreadNotifierIntentService from pid=18808 uid=10154 pkg=com.google.android.apps.photos startFg?=false
06-02 15:33:44.345  1824  2331 W ActivityManager: Background start not allowed: service Intent { cmp=com.google.android.apps.photos/com.google.android.libraries.social.mediamonitor.BackgroundThreadNotifierIntentService (has extras) } to com.google.android.apps.photos/com.google.android.libraries.social.mediamonitor.BackgroundThreadNotifierIntentService from pid=18808 uid=10154 pkg=com.google.android.apps.photos startFg?=false
06-02 15:33:44.351  1824  1881 W ActivityManager: Background start not allowed: service Intent { cmp=com.google.android.apps.photos/com.google.android.libraries.social.mediamonitor.BackgroundThreadNotifierIntentService (has extras) } to com.google.android.apps.photos/com.google.android.libraries.social.mediamonitor.BackgroundThreadNotifierIntentService from pid=18808 uid=10154 pkg=com.google.android.apps.photos startFg?=false
06-02 15:33:44.352  1824  1881 W ActivityManager: Background start not allowed: service Intent { cmp=com.google.android.apps.photos/com.google.android.libraries.social.mediamonitor.BackgroundThreadNotifierIntentService (has extras) } to com.google.android.apps.photos/com.google.android.libraries.social.mediamonitor.BackgroundThreadNotifierIntentService from pid=18808 uid=10154 pkg=com.google.android.apps.photos startFg?=false
06-02 15:34:02.167  1824  4399 W AppOps  : Noting op not finished: uid 10127 pkg com.google.android.gms code 113 startTime of in progress event=1685690692365
06-02 15:34:02.176  1824  4399 W ProcessStats: Tracking association SourceState{e1d1aa9 system/1000 BTopFgs #13474} whose proc state 2 is better than process ProcessState{479b8ee org.kde.kdeconnect_tp/10193 pkg=org.kde.kdeconnect_tp} proc state 3 (47 skipped)
06-02 15:34:02.178  1824  4399 W AppOps  : Noting op not finished: uid 10127 pkg com.google.android.gms code 113 startTime of in progress event=1685690692365
06-02 15:36:08.076  1824  2905 E ClipboardService: Denying clipboard access to com.tencent.mm, application is not in focus nor is it a system service for user 0
06-02 15:36:08.076  1824  2905 E ClipboardService: Denying clipboard access to org.kde.kdeconnect_tp, application is not in focus nor is it a system service for user 0
06-02 15:36:08.158  1824  2349 E ClipboardService: Denying clipboard access to com.tencent.mm, application is not in focus nor is it a system service for user 0
06-02 15:36:08.159  1824  2349 E ClipboardService: Denying clipboard access to org.kde.kdeconnect_tp, application is not in focus nor is it a system service for user 0
06-02 15:36:10.418  1824  2905 E ClipboardService: Denying clipboard access to com.tencent.mm, application is not in focus nor is it a system service for user 0
06-02 15:36:10.419  1824  2905 E ClipboardService: Denying clipboard access to org.kde.kdeconnect_tp, application is not in focus nor is it a system service for user 0
06-02 15:36:10.436  1824  2349 E ClipboardService: Denying clipboard access to com.tencent.mm, application is not in focus nor is it a system service for user 0
06-02 15:36:10.437  1824  2349 E ClipboardService: Denying clipboard access to org.kde.kdeconnect_tp, application is not in focus nor is it a system service for user 0
06-02 15:36:14.213  1824  2331 E ClipboardService: Denying clipboard access to com.tencent.mm, application is not in focus nor is it a system service for user 0
06-02 15:36:14.214  1824  2331 E ClipboardService: Denying clipboard access to org.kde.kdeconnect_tp, application is not in focus nor is it a system service for user 0
06-02 15:36:14.230  1824  2349 E ClipboardService: Denying clipboard access to com.tencent.mm, application is not in focus nor is it a system service for user 0
06-02 15:36:14.231  1824  2349 E ClipboardService: Denying clipboard access to org.kde.kdeconnect_tp, application is not in focus nor is it a system service for user 0
06-02 15:36:19.459  1824  1824 V Biometrics/AcquisitionClient: Acquired: 7 0, shouldSend: true
06-02 15:36:19.827  1824  1824 V Biometrics/AcquisitionClient: Acquired: 0 0, shouldSend: true
06-02 15:36:19.829  1824  1824 V BiometricLogger: Authentication latency: 370
06-02 15:36:19.853  1824  1824 V ALSProbe: Enable ALS: 182523646
06-02 15:36:19.853  1824  1824 V Biometrics/AuthenticationClient: onAuthenticated(false), ID:0, Owner: com.android.systemui, isBP: false, listener: com.android.server.biometrics.sensors.ClientMonitorCallbackConverter@7b3a50a, requireConfirmation: false, user: 0, clientMonitor: {[13] com.android.server.biometrics.sensors.fingerprint.hidl.FingerprintAuthenticationClient, proto=3, owner=com.android.systemui, cookie=0, requestId=3, userId=0}
06-02 15:36:19.853  1824  1824 W Biometrics/AuthenticationClient: Allowing background authentication, this is allowed only for platform or test invocations
06-02 15:36:19.862  1824  1881 I PowerGroup: Waking up power group from Dozing (groupId=0, uid=10168, reason=WAKE_REASON_LIFT, details=com.android.systemui:NODOZE pickup)...
06-02 15:36:19.862  1824  1881 I PowerManagerService: Waking up from Dozing (uid=10168, reason=WAKE_REASON_LIFT, details=com.android.systemui:NODOZE pickup)...
06-02 15:36:19.863  1824  1824 E ActivityManager: Cancel pending or running compactions as system is awake
06-02 15:36:19.865  1824  2009 I DisplayPowerController[0]: Blocking screen on until initial contents have been drawn.
06-02 15:36:19.866  1824  2009 V DisplayPowerController[0]: Brightness [0.328934] reason changing to: 'manual', previous reason: 'screen_off'.
06-02 15:36:19.867  1824  2009 I DisplayPowerController[0]: BrightnessEvent: disp=0, physDisp=local:0, brt=0.328934, initBrt=0.0, rcmdBrt=NaN, preBrt=NaN, lux=NaN, preLux=NaN, hbmMax=1.0, hbmMode=off, rbcStrength=50, powerFactor=1.0, thrmMax=1.0, wasShortTermModelActive=false, flags=invalid_lux , reason=manual, autoBrightness=true
06-02 15:36:19.868  1824  2009 I DisplayPowerController[0]: BrightnessEvent: disp=0, physDisp=local:0, brt=0.328934, initBrt=0.328934, rcmdBrt=NaN, preBrt=NaN, lux=NaN, preLux=NaN, hbmMax=1.0, hbmMode=off, rbcStrength=50, powerFactor=1.0, thrmMax=1.0, wasShortTermModelActive=false, flags=invalid_lux , reason=manual, autoBrightness=true
06-02 15:36:19.880  1824  1824 W ProcessStats: Tracking association SourceState{e1d1aa9 system/1000 BTopFgs #13493} whose proc state 2 is better than process ProcessState{479b8ee org.kde.kdeconnect_tp/10193 pkg=org.kde.kdeconnect_tp} proc state 3 (21 skipped)
06-02 15:36:19.987  1824  1824 V ALSProbe: Finishing next consumer
06-02 15:36:19.989  1824  2009 V DisplayPowerController[0]: Brightness [0.3494528] reason changing to: 'automatic', previous reason: 'manual'.
06-02 15:36:19.989  1824  2009 I DisplayPowerController[0]: BrightnessEvent: disp=0, physDisp=local:0, brt=0.3494528, initBrt=0.328934, rcmdBrt=0.3494528, preBrt=NaN, lux=329.29477, preLux=NaN, hbmMax=1.0, hbmMode=off, rbcStrength=50, powerFactor=1.0, thrmMax=1.0, wasShortTermModelActive=false, flags=, reason=automatic, autoBrightness=true
06-02 15:36:19.989  1824  2009 I DisplayPowerController[0]: BrightnessEvent: disp=0, physDisp=local:0, brt=0.3494528, initBrt=0.3494528, rcmdBrt=0.3494528, preBrt=NaN, lux=329.29477, preLux=NaN, hbmMax=1.0, hbmMode=off, rbcStrength=50, powerFactor=1.0, thrmMax=1.0, wasShortTermModelActive=false, flags=, reason=automatic, autoBrightness=true
06-02 15:36:19.990  1824  2009 I DisplayPowerController[0]: BrightnessEvent: disp=0, physDisp=local:0, brt=0.3494528, initBrt=0.3494528, rcmdBrt=0.3494528, preBrt=NaN, lux=329.29477, preLux=NaN, hbmMax=1.0, hbmMode=off, rbcStrength=50, powerFactor=1.0, thrmMax=1.0, wasShortTermModelActive=false, flags=, reason=automatic, autoBrightness=true
06-02 15:36:19.991  1824  1824 I BrightnessSynchronizer: [41] New Update 0.3494528(f) set brightness values:  90(i)
06-02 15:36:19.991  1824  1824 I BrightnessSynchronizer: New PendingUpdate: {[42] 0.3494528(f), mUpdatedTypes=0, mConfirmedTypes=0, mTimeUpdated=0}, prev=null
06-02 15:36:19.991  1824  1824 I BrightnessSynchronizer: Swallowing update of 90(i) by update: {[41] 0.3494528(f), mUpdatedTypes=1, mConfirmedTypes=1, mTimeUpdated=1664851}
06-02 15:36:19.991  1824  1824 I BrightnessSynchronizer: Completed Update: {[41] 0.3494528(f), mUpdatedTypes=1, mConfirmedTypes=1, mTimeUpdated=1664851}
06-02 15:36:20.016  1824  2009 I DisplayPowerController[0]: Unblocked screen on after 151 ms
