06-02 15:24:11.137  2379 32527 D PowerUI : can't show warning due to - plugged: true status unknown: false
06-02 15:24:11.755  2379  2889 D PowerUI : can't show warning due to - plugged: true status unknown: false
06-02 15:24:11.844  1824  1950 W ProcessCpuTracker: Failed to stat(/proc/17656): android.system.ErrnoException: stat failed: ENOENT (No such file or directory)
06-02 15:24:11.845  1824  1950 W ProcessCpuTracker: Skipping unknown process pid 17656
06-02 15:24:13.343  1824  7592 D CoreBackPreview: Window{1e69151 u0 VolumeDialogImpl}: Setting back callback OnBackInvokedCallbackInfo{mCallback=android.window.IOnBackInvokedCallback$Stub$Proxy@61a6ab7, mPriority=0}
06-02 15:24:14.969  1824  6261 W ContextImpl: Calling a method in the system process without a qualified user: android.app.ContextImpl.sendBroadcastMultiplePermissions:1228 com.android.server.TelephonyRegistry.broadcastServiceStateChanged:3085 com.android.server.TelephonyRegistry.notifyServiceStateForPhoneId:1616 com.android.internal.telephony.ITelephonyRegistry$Stub.onTransact:492 android.os.Binder.execTransactInternal:1280 
06-02 15:24:14.970  1824  1951 W BroadcastQueue: Permission Denial: receiving Intent { act=android.intent.action.SERVICE_STATE flg=0x1000010 (has extras) } to ProcessRecord{7329222 2379:com.android.systemui/u0a168} (pid=2379, uid=10168) requires android.permission.ACCESS_FINE_LOCATION due to sender android (uid 1001)
06-02 15:24:14.970  1824  6261 W ContextImpl: Calling a method in the system process without a qualified user: android.app.ContextImpl.sendBroadcastMultiplePermissions:1278 android.content.Context.sendBroadcastMultiplePermissions:2272 com.android.server.TelephonyRegistry.broadcastServiceStateChanged:3089 com.android.server.TelephonyRegistry.notifyServiceStateForPhoneId:1616 com.android.internal.telephony.ITelephonyRegistry$Stub.onTransact:492 
06-02 15:24:14.971  1824  1951 W BroadcastQueue: Permission Denial: receiving Intent { act=android.intent.action.SERVICE_STATE flg=0x1000010 (has extras) } to com.android.cellbroadcastreceiver.module/com.android.cellbroadcastreceiver.CellBroadcastReceiver requires android.permission.READ_PHONE_STATE due to sender android (uid 1001)
06-02 15:24:14.971  1824  1951 W BroadcastQueue: Permission Denial: receiving Intent { act=android.intent.action.SERVICE_STATE flg=0x1000010 (has extras) } to ProcessRecord{7329222 2379:com.android.systemui/u0a168} (pid=2379, uid=10168) requires android.permission.ACCESS_FINE_LOCATION due to sender android (uid 1001)
06-02 15:24:14.971  1824  1951 W BroadcastQueue: Permission Denial: receiving Intent { act=android.intent.action.SERVICE_STATE flg=0x1000010 (has extras) } to com.android.cellbroadcastreceiver.module/com.android.cellbroadcastreceiver.CellBroadcastReceiver requires android.permission.ACCESS_FINE_LOCATION due to sender android (uid 1001)
06-02 15:24:14.972  1824  6261 W ContextImpl: Calling a method in the system process without a qualified user: android.app.ContextImpl.sendBroadcastMultiplePermissions:1278 android.content.Context.sendBroadcastMultiplePermissions:2272 com.android.server.TelephonyRegistry.broadcastServiceStateChanged:3096 com.android.server.TelephonyRegistry.notifyServiceStateForPhoneId:1616 com.android.internal.telephony.ITelephonyRegistry$Stub.onTransact:492 
06-02 15:24:14.974  1824  6261 W ContextImpl: Calling a method in the system process without a qualified user: android.app.ContextImpl.sendBroadcastMultiplePermissions:1278 android.content.Context.sendBroadcastMultiplePermissions:2272 com.android.server.TelephonyRegistry.broadcastServiceStateChanged:3100 com.android.server.TelephonyRegistry.notifyServiceStateForPhoneId:1616 com.android.internal.telephony.ITelephonyRegistry$Stub.onTransact:492 
06-02 15:24:14.974  1824  1951 W BroadcastQueue: Permission Denial: receiving Intent { act=android.intent.action.SERVICE_STATE flg=0x1000010 (has extras) } to com.android.cellbroadcastreceiver.module/com.android.cellbroadcastreceiver.CellBroadcastReceiver requires android.permission.READ_PHONE_STATE due to sender android (uid 1001)
06-02 15:24:14.975  1824  1951 W BroadcastQueue: Appop Denial: receiving Intent { act=android.intent.action.SERVICE_STATE flg=0x1000010 (has extras) } to ProcessRecord{7329222 2379:com.android.systemui/u0a168} (pid=2379, uid=10168) excludes appop android:read_phone_state due to sender android (uid 1001)
06-02 15:24:17.085  2379  3492 D PowerUI : can't show warning due to - plugged: true status unknown: false
06-02 15:24:18.975  1824  7592 W WindowManager: Failed looking up window session=Session{ccd1449 2379:u0a10168} callers=com.android.server.wm.WindowManagerService.windowForClientLocked:6005 com.android.server.wm.Session.setOnBackInvokedCallbackInfo:944 android.view.IWindowSession$Stub.onTransact:1180 
06-02 15:24:18.975  1824  7592 E WindowManager: setOnBackInvokedCallback(): No window state for package:com.android.systemui
06-02 15:24:20.076  1824 17387 W ContextImpl: Calling a method in the system process without a qualified user: android.app.ContextImpl.sendBroadcastMultiplePermissions:1228 com.android.server.TelephonyRegistry.broadcastServiceStateChanged:3085 com.android.server.TelephonyRegistry.notifyServiceStateForPhoneId:1616 com.android.internal.telephony.ITelephonyRegistry$Stub.onTransact:492 android.os.Binder.execTransactInternal:1280 
06-02 15:24:20.078  1824 17387 W ContextImpl: Calling a method in the system process without a qualified user: android.app.ContextImpl.sendBroadcastMultiplePermissions:1278 android.content.Context.sendBroadcastMultiplePermissions:2272 com.android.server.TelephonyRegistry.broadcastServiceStateChanged:3089 com.android.server.TelephonyRegistry.notifyServiceStateForPhoneId:1616 com.android.internal.telephony.ITelephonyRegistry$Stub.onTransact:492 
06-02 15:24:20.078  1824  1951 W BroadcastQueue: Permission Denial: receiving Intent { act=android.intent.action.SERVICE_STATE flg=0x1000010 (has extras) } to ProcessRecord{7329222 2379:com.android.systemui/u0a168} (pid=2379, uid=10168) requires android.permission.ACCESS_FINE_LOCATION due to sender android (uid 1001)
06-02 15:24:20.078  1824  1951 W BroadcastQueue: Permission Denial: receiving Intent { act=android.intent.action.SERVICE_STATE flg=0x1000010 (has extras) } to com.android.cellbroadcastreceiver.module/com.android.cellbroadcastreceiver.CellBroadcastReceiver requires android.permission.READ_PHONE_STATE due to sender android (uid 1001)
06-02 15:24:20.079  1824  1951 W BroadcastQueue: Permission Denial: receiving Intent { act=android.intent.action.SERVICE_STATE flg=0x1000010 (has extras) } to ProcessRecord{7329222 2379:com.android.systemui/u0a168} (pid=2379, uid=10168) requires android.permission.ACCESS_FINE_LOCATION due to sender android (uid 1001)
06-02 15:24:20.079  1824  1951 W BroadcastQueue: Permission Denial: receiving Intent { act=android.intent.action.SERVICE_STATE flg=0x1000010 (has extras) } to com.android.cellbroadcastreceiver.module/com.android.cellbroadcastreceiver.CellBroadcastReceiver requires android.permission.ACCESS_FINE_LOCATION due to sender android (uid 1001)
06-02 15:24:20.079  1824 17387 W ContextImpl: Calling a method in the system process without a qualified user: android.app.ContextImpl.sendBroadcastMultiplePermissions:1278 android.content.Context.sendBroadcastMultiplePermissions:2272 com.android.server.TelephonyRegistry.broadcastServiceStateChanged:3096 com.android.server.TelephonyRegistry.notifyServiceStateForPhoneId:1616 com.android.internal.telephony.ITelephonyRegistry$Stub.onTransact:492 
06-02 15:24:20.080  1824 17387 W ContextImpl: Calling a method in the system process without a qualified user: android.app.ContextImpl.sendBroadcastMultiplePermissions:1278 android.content.Context.sendBroadcastMultiplePermissions:2272 com.android.server.TelephonyRegistry.broadcastServiceStateChanged:3100 com.android.server.TelephonyRegistry.notifyServiceStateForPhoneId:1616 com.android.internal.telephony.ITelephonyRegistry$Stub.onTransact:492 
06-02 15:24:20.080  1824  1951 W BroadcastQueue: Permission Denial: receiving Intent { act=android.intent.action.SERVICE_STATE flg=0x1000010 (has extras) } to com.android.cellbroadcastreceiver.module/com.android.cellbroadcastreceiver.CellBroadcastReceiver requires android.permission.READ_PHONE_STATE due to sender android (uid 1001)
06-02 15:24:20.081  1824  1951 W BroadcastQueue: Appop Denial: receiving Intent { act=android.intent.action.SERVICE_STATE flg=0x1000010 (has extras) } to ProcessRecord{7329222 2379:com.android.systemui/u0a168} (pid=2379, uid=10168) excludes appop android:read_phone_state due to sender android (uid 1001)
06-02 15:24:20.082  1824  1951 W ProcessStats: Tracking association SourceState{e1d1aa9 system/1000 BTopFgs #12018} whose proc state 2 is better than process ProcessState{479b8ee org.kde.kdeconnect_tp/10193 pkg=org.kde.kdeconnect_tp} proc state 3 (77 skipped)
06-02 15:24:20.947  1824 17387 D CompatibilityChangeReporter: Compat change id reported: 197654537; UID 10120; state: ENABLED
06-02 15:24:21.023  2379  4190 D PowerUI : can't show warning due to - plugged: true status unknown: false
06-02 15:24:21.077  1824  2281 E HandwritingModeController: Cannot get requestId: Handwriting was not initialized.
06-02 15:24:21.872  1824  2915 E AppOps  : Bad call made by uid 10129. Package "com.google.android.gms" does not belong to uid 10129.
06-02 15:24:21.882  1824  2915 E AppOps  : Bad call made by uid 10129. Package "com.google.android.gms" does not belong to uid 10129.
06-02 15:24:21.884  1824  5560 E AppOps  : Bad call made by uid 10129. Package "com.google.android.gms" does not belong to uid 10129.
06-02 15:24:22.322  1824 15485 I ActivityManager: Process com.google.android.carrier (pid 12307) has died: cch+75 CEM 
06-02 15:24:22.344  1824 15485 I ActivityManager: Process org.mariotaku.twidere (pid 12310) has died: cch+65 CEM 
06-02 15:24:22.347  1824 15485 I ActivityManager: Killing 12523:com.google.android.webview:sandboxed_process0:org.chromium.content.app.SandboxedProcessService0:0/u0a194i2 (adj 0): isolated not needed
06-02 15:24:22.507  1824 15485 D CompatibilityChangeReporter: Compat change id reported: 161252188; UID 10120; state: ENABLED
06-02 15:24:22.507  1824 15485 I ActivityTaskManager: START u0 {act=android.intent.action.MAIN cat=[android.intent.category.LAUNCHER] flg=0x10200000 cmp=com.android.vending/.AssetBrowserActivity bnds=[872,1685][1013,1844]} from uid 10163
06-02 15:24:22.552  1824 15485 D CompatibilityChangeReporter: Compat change id reported: 194480991; UID 10120; state: ENABLED
06-02 15:24:22.553  1824 15485 D CompatibilityChangeReporter: Compat change id reported: 174042980; UID 10120; state: DISABLED
06-02 15:24:22.554  1824 15485 I ActivityTaskManager: Launching r: ActivityRecord{92c1c12 u0 com.android.vending/.AssetBrowserActivity} from background: ActivityRecord{37fa409 u0 com.google.android.apps.nexuslauncher/.NexusLauncherActivity} t944}. New task: false
06-02 15:24:22.556  1824 15485 D CompatibilityChangeReporter: Compat change id reported: 205907456; UID 10120; state: ENABLED
06-02 15:24:22.559  1824 15485 D CompatibilityChangeReporter: Compat change id reported: 194833441; UID 10120; state: ENABLED
06-02 15:24:22.565  1824 15485 I ActivityTaskManager: The Process com.android.vending Already Exists in BG. So sending its PID: 3428
06-02 15:24:22.566  1824 15485 D CompatibilityChangeReporter: Compat change id reported: 168419799; UID 10120; state: DISABLED
06-02 15:24:22.567  1824 15485 D CompatibilityChangeReporter: Compat change id reported: 181136395; UID 10120; state: DISABLED
06-02 15:24:22.567  1824 15485 D CompatibilityChangeReporter: Compat change id reported: 174042936; UID 10120; state: DISABLED
06-02 15:24:23.026  1824 15485 D CoreBackPreview: Window{4b4e0b u0 com.android.vending/com.android.vending.AssetBrowserActivity}: Setting back callback OnBackInvokedCallbackInfo{mCallback=android.window.IOnBackInvokedCallback$Stub$Proxy@87e4900, mPriority=-1}
06-02 15:24:23.026  1824 15485 D CoreBackPreview: Window{4b4e0b u0 com.android.vending/com.android.vending.AssetBrowserActivity}: Setting back callback OnBackInvokedCallbackInfo{mCallback=android.window.IOnBackInvokedCallback$Stub$Proxy@e034539, mPriority=0}
06-02 15:24:23.032  1824 17399 D CompatibilityChangeReporter: Compat change id reported: 161145287; UID 10120; state: DISABLED
06-02 15:24:23.223  1824  4424 D CompatibilityChangeReporter: Compat change id reported: 214016041; UID 10120; state: ENABLED
06-02 15:24:23.305  1824  2281 E HandwritingModeController: Cannot get requestId: Handwriting was not initialized.
06-02 15:24:23.326  1824  1942 V WindowManager: Unknown focus tokens, dropping reportFocusChanged
06-02 15:24:23.983  1824 15485 D CompatibilityChangeReporter: Compat change id reported: 161252188; UID 10132; state: DISABLED
06-02 15:24:23.983  1824 15485 I ActivityTaskManager: START u0 {act=android.intent.action.MAIN cat=[android.intent.category.LAUNCHER] flg=0x10200000 cmp=com.google.android.GoogleCamera/com.android.camera.CameraLauncher bnds=[863,1365][1022,1647]} from uid 10163
06-02 15:24:24.019  1824 15485 D CompatibilityChangeReporter: Compat change id reported: 194480991; UID 10132; state: ENABLED
06-02 15:24:24.020  1824 15485 D CompatibilityChangeReporter: Compat change id reported: 174042980; UID 10132; state: DISABLED
06-02 15:24:24.021  1824 15485 D CompatibilityChangeReporter: Compat change id reported: 197654537; UID 10132; state: ENABLED
06-02 15:24:24.026  1824 15485 D CompatibilityChangeReporter: Compat change id reported: 184838306; UID 10132; state: DISABLED
06-02 15:24:24.027  1824 15485 D CompatibilityChangeReporter: Compat change id reported: 185004937; UID 10132; state: DISABLED
06-02 15:24:24.029  1824 15485 D CompatibilityChangeReporter: Compat change id reported: 181136395; UID 10132; state: DISABLED
06-02 15:24:24.029  1824 15485 D CompatibilityChangeReporter: Compat change id reported: 174042936; UID 10132; state: DISABLED
06-02 15:24:24.034  1824 15485 D CompatibilityChangeReporter: Compat change id reported: 205907456; UID 10132; state: DISABLED
06-02 15:24:24.039  1824 15485 D CompatibilityChangeReporter: Compat change id reported: 194833441; UID 10132; state: DISABLED
06-02 15:24:24.040  1824 20330 D CoreBackPreview: Window{4b4e0b u0 com.android.vending/com.android.vending.AssetBrowserActivity}: Setting back callback OnBackInvokedCallbackInfo{mCallback=android.window.IOnBackInvokedCallback$Stub$Proxy@3e52c6e, mPriority=-1}
06-02 15:24:24.049  2379  6440 D PowerUI : can't show warning due to - plugged: true status unknown: false
06-02 15:24:24.065  1824 15485 D CompatibilityChangeReporter: Compat change id reported: 168419799; UID 10132; state: DISABLED
06-02 15:24:24.072  1824 17399 D CoreBackPreview: Window{c525b46 u0 Splash Screen com.google.android.GoogleCamera}: Setting back callback OnBackInvokedCallbackInfo{mCallback=android.window.IOnBackInvokedCallback$Stub$Proxy@ac8e5d2, mPriority=0}
06-02 15:24:24.072  1824  1942 D CompatibilityChangeReporter: Compat change id reported: 135634846; UID 10132; state: DISABLED
06-02 15:24:24.073  1824  1942 D CompatibilityChangeReporter: Compat change id reported: 177438394; UID 10132; state: DISABLED
06-02 15:24:24.073  1824  1942 D CompatibilityChangeReporter: Compat change id reported: 135772972; UID 10132; state: DISABLED
06-02 15:24:24.074  1824  1942 D CompatibilityChangeReporter: Compat change id reported: 135754954; UID 10132; state: ENABLED
06-02 15:24:24.075  1824  1952 D CompatibilityChangeReporter: Compat change id reported: 143937733; UID 10132; state: ENABLED
06-02 15:24:24.096  1824  1952 I ActivityManager: Start proc 18844:com.google.android.GoogleCamera/u0a132 for next-top-activity {com.google.android.GoogleCamera/com.android.camera.CameraLauncher}
06-02 15:24:24.651  1824 20330 D CompatibilityChangeReporter: Compat change id reported: 189229956; UID 10132; state: DISABLED
06-02 15:24:24.652  1824 20330 D CompatibilityChangeReporter: Compat change id reported: 191513214; UID 10132; state: DISABLED
06-02 15:24:24.657  1824  4456 W WindowManager: Failed looking up window session=Session{a398d1c 18844:u0a10132} callers=com.android.server.wm.WindowManagerService.windowForClientLocked:6005 com.android.server.wm.Session.updateRequestedVisibilities:701 android.view.IWindowSession$Stub.onTransact:1075 
06-02 15:24:24.674  1824 20330 D CoreBackPreview: Window{986d623 u0 com.google.android.GoogleCamera/com.android.camera.CameraLauncher}: Setting back callback OnBackInvokedCallbackInfo{mCallback=android.window.IOnBackInvokedCallback$Stub$Proxy@81f4995, mPriority=0}
06-02 15:24:25.003  1824 15485 I ActivityManager: Process com.google.android.webview:webview_service (pid 12464) has died: cch+65 CEM 
06-02 15:24:25.066  1824 15485 I ActivityManager: Process com.instander.android (pid 26320) has died: cch+55 CEM 
06-02 15:24:25.273  1824  5197 D CompatibilityChangeReporter: Compat change id reported: 214016041; UID 10132; state: DISABLED
06-02 15:24:25.377  1824 20330 E AppOps  : Bad call made by uid 10129. Package "com.google.android.gms" does not belong to uid 10129.
06-02 15:24:25.400  1824  5302 E AppOps  : Bad call made by uid 10129. Package "com.google.android.gms" does not belong to uid 10129.
06-02 15:24:25.401  1824  5302 E AppOps  : Bad call made by uid 10129. Package "com.google.android.gms" does not belong to uid 10129.
06-02 15:24:25.428  1824  5297 D CoreBackPreview: Window{c525b46 u0 Splash Screen com.google.android.GoogleCamera EXITING}: Setting back callback null
06-02 15:24:25.443  1824  5197 I ActivityManager: Process com.google.android.apps.safetyhub (pid 5417) has died: cch+55 CEM 
06-02 15:24:25.448  1824  5302 W ContextImpl: Calling a method in the system process without a qualified user: android.app.ContextImpl.sendBroadcastMultiplePermissions:1228 com.android.server.TelephonyRegistry.broadcastServiceStateChanged:3085 com.android.server.TelephonyRegistry.notifyServiceStateForPhoneId:1616 com.android.internal.telephony.ITelephonyRegistry$Stub.onTransact:492 android.os.Binder.execTransactInternal:1280 
06-02 15:24:25.449  1824  1951 W BroadcastQueue: Permission Denial: receiving Intent { act=android.intent.action.SERVICE_STATE flg=0x1000010 (has extras) } to ProcessRecord{7329222 2379:com.android.systemui/u0a168} (pid=2379, uid=10168) requires android.permission.ACCESS_FINE_LOCATION due to sender android (uid 1001)
06-02 15:24:25.449  1824  1951 W BroadcastQueue: Permission Denial: receiving Intent { act=android.intent.action.SERVICE_STATE flg=0x1000010 (has extras) } to com.android.cellbroadcastreceiver.module/com.android.cellbroadcastreceiver.CellBroadcastReceiver requires android.permission.READ_PHONE_STATE due to sender android (uid 1001)
06-02 15:24:25.450  1824  5302 W ContextImpl: Calling a method in the system process without a qualified user: android.app.ContextImpl.sendBroadcastMultiplePermissions:1278 android.content.Context.sendBroadcastMultiplePermissions:2272 com.android.server.TelephonyRegistry.broadcastServiceStateChanged:3089 com.android.server.TelephonyRegistry.notifyServiceStateForPhoneId:1616 com.android.internal.telephony.ITelephonyRegistry$Stub.onTransact:492 
06-02 15:24:25.450  1824  1951 W BroadcastQueue: Permission Denial: receiving Intent { act=android.intent.action.SERVICE_STATE flg=0x1000010 (has extras) } to ProcessRecord{7329222 2379:com.android.systemui/u0a168} (pid=2379, uid=10168) requires android.permission.ACCESS_FINE_LOCATION due to sender android (uid 1001)
06-02 15:24:25.450  1824  1951 W BroadcastQueue: Permission Denial: receiving Intent { act=android.intent.action.SERVICE_STATE flg=0x1000010 (has extras) } to com.android.cellbroadcastreceiver.module/com.android.cellbroadcastreceiver.CellBroadcastReceiver requires android.permission.ACCESS_FINE_LOCATION due to sender android (uid 1001)
06-02 15:24:25.451  1824  5302 W ContextImpl: Calling a method in the system process without a qualified user: android.app.ContextImpl.sendBroadcastMultiplePermissions:1278 android.content.Context.sendBroadcastMultiplePermissions:2272 com.android.server.TelephonyRegistry.broadcastServiceStateChanged:3096 com.android.server.TelephonyRegistry.notifyServiceStateForPhoneId:1616 com.android.internal.telephony.ITelephonyRegistry$Stub.onTransact:492 
06-02 15:24:25.451  1824  1951 W BroadcastQueue: Permission Denial: receiving Intent { act=android.intent.action.SERVICE_STATE flg=0x1000010 (has extras) } to com.android.cellbroadcastreceiver.module/com.android.cellbroadcastreceiver.CellBroadcastReceiver requires android.permission.READ_PHONE_STATE due to sender android (uid 1001)
06-02 15:24:25.455  1824  5302 W ContextImpl: Calling a method in the system process without a qualified user: android.app.ContextImpl.sendBroadcastMultiplePermissions:1278 android.content.Context.sendBroadcastMultiplePermissions:2272 com.android.server.TelephonyRegistry.broadcastServiceStateChanged:3100 com.android.server.TelephonyRegistry.notifyServiceStateForPhoneId:1616 com.android.internal.telephony.ITelephonyRegistry$Stub.onTransact:492 
06-02 15:24:25.462  1824  1951 W BroadcastQueue: Appop Denial: receiving Intent { act=android.intent.action.SERVICE_STATE flg=0x1000010 (has extras) } to ProcessRecord{7329222 2379:com.android.systemui/u0a168} (pid=2379, uid=10168) excludes appop android:read_phone_state due to sender android (uid 1001)
06-02 15:24:25.622  1824  5297 I ActivityManager: Process android.process.media (pid 14327) has died: cch+75 CEM 
06-02 15:24:25.716  1824  5302 I ActivityManager: Process com.google.android.apps.messaging (pid 20636) has died: cch+35 CEM 
06-02 15:24:25.731  2379  7771 D PowerUI : can't show warning due to - plugged: true status unknown: false
06-02 15:24:25.744  1824  4424 I ActivityManager: Process com.google.process.gapps (pid 3682) has died: cch+85 CEM 
06-02 15:24:25.762  1824  5560 D CompatibilityChangeReporter: Compat change id reported: 149924527; UID 10132; state: ENABLED
06-02 15:24:25.765  1824  5515 D CompatibilityChangeReporter: Compat change id reported: 132649864; UID 10132; state: DISABLED
06-02 15:24:25.780  1824  5302 D CompatibilityChangeReporter: Compat change id reported: 182734110; UID 10132; state: ENABLED
06-02 15:24:25.958  1824  5302 I ActivityManager: Process com.github.kr328.clash (pid 15852) has died: cch+35 CEM 
06-02 15:24:25.961  1824  5302 W ActivityManager: Scheduling restart of crashed service com.github.kr328.clash/.TileService in 10000ms for connection
06-02 15:24:25.965  1824  2462 I ActivityManager: Process com.google.android.gms.unstable (pid 14371) has died: cch+45 CEM 
06-02 15:24:25.993  1824  1950 W ActivityManager: Rescheduling restart of crashed service com.github.kr328.clash/.TileService in 19969ms for mem-pressure-event
06-02 15:24:26.155  1824  2462 I ActivityManager: Process com.google.android.turboadapter (pid 12372) has died: cch+55 CEM 
06-02 15:24:26.188  1824  1882 I ActivityManager: Process com.maary.shareas (pid 15849) has died: cch+25 CEM 
06-02 15:24:26.205  1824  2410 I ActivityManager: Process com.mgoogle.android.gms (pid 24836) has died: cch+35 CEM 
06-02 15:24:26.219  1824  1950 W ActivityManager: Rescheduling restart of crashed service com.github.kr328.clash/.TileService in 29743ms for mem-pressure-event
06-02 15:24:26.434  1824  2293 D CompatibilityChangeReporter: Compat change id reported: 218533173; UID 10195; state: DISABLED
06-02 15:24:26.583  1824  2410 I ActivityManager: Process com.google.android.calculator (pid 15855) has died: cch+5 CEM 
06-02 15:24:26.598  1824  2293 D CompatibilityChangeReporter: Compat change id reported: 218533173; UID 10130; state: ENABLED
06-02 15:24:26.893  1824 17399 I ActivityManager: Process com.android.cellbroadcastreceiver.module (pid 4245) has died: cch+5 CEM 
06-02 15:24:27.045  1824 17387 I ActivityManager: Process com.google.android.apps.turbo (pid 19232) has died: prev LAST
06-02 15:24:27.066  1824 17387 D CompatibilityChangeReporter: Compat change id reported: 135634846; UID 10127; state: DISABLED
06-02 15:24:27.066  1824 17387 D CompatibilityChangeReporter: Compat change id reported: 177438394; UID 10127; state: DISABLED
06-02 15:24:27.066  1824 17387 D CompatibilityChangeReporter: Compat change id reported: 135772972; UID 10127; state: DISABLED
06-02 15:24:27.066  1824 17387 D CompatibilityChangeReporter: Compat change id reported: 135754954; UID 10127; state: ENABLED
06-02 15:24:27.066  1824  1952 D CompatibilityChangeReporter: Compat change id reported: 143937733; UID 10127; state: ENABLED
06-02 15:24:27.094  1824  1952 I ActivityManager: Start proc 19264:com.google.process.gapps/u0a127 for content provider {com.google.android.gsf/com.google.android.gsf.settings.GoogleSettingsProvider}
06-02 15:24:27.106  1824  4442 E PackageDexUsage: Unsupported context?
06-02 15:24:27.110  1824  1882 D CompatibilityChangeReporter: Compat change id reported: 135634846; UID 10199; state: DISABLED
06-02 15:24:27.110  1824  1882 D CompatibilityChangeReporter: Compat change id reported: 177438394; UID 10199; state: DISABLED
06-02 15:24:27.110  1824  1882 D CompatibilityChangeReporter: Compat change id reported: 135772972; UID 10199; state: DISABLED
06-02 15:24:27.110  1824  1882 D CompatibilityChangeReporter: Compat change id reported: 135754954; UID 10199; state: ENABLED
06-02 15:24:27.110  1824  1952 D CompatibilityChangeReporter: Compat change id reported: 143937733; UID 10199; state: ENABLED
06-02 15:24:27.123  1824  1952 I ActivityManager: Start proc 19272:com.github.kr328.clash/u0a199 for service {com.github.kr328.clash/com.github.kr328.clash.TileService}
06-02 15:24:27.463  1824  5197 I ActivityManager: Process top.qwq2333.nullgram (pid 1934) has died: prev LAST
06-02 15:24:27.471  1824  2802 I WindowManager: WIN DEATH: Window{2f90f0d u0 top.qwq2333.nullgram/org.telegram.messenger.MainIcon}
06-02 15:24:27.509  1824  1942 W ActivityManager: setHasOverlayUi called on unknown pid: 1934
06-02 15:24:27.512  1824  1950 W UsageStatsService: Unexpected activity event reported! (top.qwq2333.nullgram/org.telegram.ui.LaunchActivity event : 23 instanceId : 183673626)
06-02 15:24:27.596  1824  5197 D CompatibilityChangeReporter: Compat change id reported: 161145287; UID 10127; state: DISABLED
06-02 15:24:27.662  1824  2905 D CompatibilityChangeReporter: Compat change id reported: 201794303; UID 10127; state: ENABLED
06-02 15:24:27.676  1824 17387 D CompatibilityChangeReporter: Compat change id reported: 161145287; UID 10132; state: DISABLED
06-02 15:24:29.414  1824  5515 I WindowManager: WIN DEATH: Window{4b4e0b u0 com.android.vending/com.android.vending.AssetBrowserActivity}
06-02 15:24:29.417  1824  2481 I ActivityManager: Process com.android.vending (pid 3428) has died: cch CAC 
06-02 15:24:29.424  1824  1942 W ActivityManager: setHasOverlayUi called on unknown pid: 3428
06-02 15:24:29.425  1824  1950 W UsageStatsService: Unexpected activity event reported! (com.android.vending/com.google.android.finsky.activities.MainActivity event : 23 instanceId : 210320438)
06-02 15:24:30.999  1824  1950 W ProcessStats: Tracking association SourceState{e1d1aa9 system/1000 BTopFgs #12173} whose proc state 2 is better than process ProcessState{479b8ee org.kde.kdeconnect_tp/10193 pkg=org.kde.kdeconnect_tp} proc state 3 (201 skipped)
06-02 15:24:32.446  2379 10681 D PowerUI : can't show warning due to - plugged: true status unknown: false
06-02 15:24:32.891  1824  5515 W ContextImpl: Calling a method in the system process without a qualified user: android.app.ContextImpl.sendBroadcastMultiplePermissions:1228 com.android.server.TelephonyRegistry.broadcastServiceStateChanged:3085 com.android.server.TelephonyRegistry.notifyServiceStateForPhoneId:1616 com.android.internal.telephony.ITelephonyRegistry$Stub.onTransact:492 android.os.Binder.execTransactInternal:1280 
06-02 15:24:32.893  1824  1951 W BroadcastQueue: Permission Denial: receiving Intent { act=android.intent.action.SERVICE_STATE flg=0x1000010 (has extras) } to ProcessRecord{7329222 2379:com.android.systemui/u0a168} (pid=2379, uid=10168) requires android.permission.ACCESS_FINE_LOCATION due to sender android (uid 1001)
06-02 15:24:32.893  1824  1951 W BroadcastQueue: Permission Denial: receiving Intent { act=android.intent.action.SERVICE_STATE flg=0x1000010 (has extras) } to com.android.cellbroadcastreceiver.module/com.android.cellbroadcastreceiver.CellBroadcastReceiver requires android.permission.READ_PHONE_STATE due to sender android (uid 1001)
06-02 15:24:32.893  1824  5515 W ContextImpl: Calling a method in the system process without a qualified user: android.app.ContextImpl.sendBroadcastMultiplePermissions:1278 android.content.Context.sendBroadcastMultiplePermissions:2272 com.android.server.TelephonyRegistry.broadcastServiceStateChanged:3089 com.android.server.TelephonyRegistry.notifyServiceStateForPhoneId:1616 com.android.internal.telephony.ITelephonyRegistry$Stub.onTransact:492 
06-02 15:24:32.894  1824  1951 W BroadcastQueue: Permission Denial: receiving Intent { act=android.intent.action.SERVICE_STATE flg=0x1000010 (has extras) } to ProcessRecord{7329222 2379:com.android.systemui/u0a168} (pid=2379, uid=10168) requires android.permission.ACCESS_FINE_LOCATION due to sender android (uid 1001)
06-02 15:24:32.894  1824  1951 W BroadcastQueue: Permission Denial: receiving Intent { act=android.intent.action.SERVICE_STATE flg=0x1000010 (has extras) } to com.android.cellbroadcastreceiver.module/com.android.cellbroadcastreceiver.CellBroadcastReceiver requires android.permission.ACCESS_FINE_LOCATION due to sender android (uid 1001)
06-02 15:24:32.895  1824  5515 W ContextImpl: Calling a method in the system process without a qualified user: android.app.ContextImpl.sendBroadcastMultiplePermissions:1278 android.content.Context.sendBroadcastMultiplePermissions:2272 com.android.server.TelephonyRegistry.broadcastServiceStateChanged:3096 com.android.server.TelephonyRegistry.notifyServiceStateForPhoneId:1616 com.android.internal.telephony.ITelephonyRegistry$Stub.onTransact:492 
06-02 15:24:32.896  1824  5515 W ContextImpl: Calling a method in the system process without a qualified user: android.app.ContextImpl.sendBroadcastMultiplePermissions:1278 android.content.Context.sendBroadcastMultiplePermissions:2272 com.android.server.TelephonyRegistry.broadcastServiceStateChanged:3100 com.android.server.TelephonyRegistry.notifyServiceStateForPhoneId:1616 com.android.internal.telephony.ITelephonyRegistry$Stub.onTransact:492 
06-02 15:24:32.896  1824  1951 W BroadcastQueue: Permission Denial: receiving Intent { act=android.intent.action.SERVICE_STATE flg=0x1000010 (has extras) } to com.android.cellbroadcastreceiver.module/com.android.cellbroadcastreceiver.CellBroadcastReceiver requires android.permission.READ_PHONE_STATE due to sender android (uid 1001)
06-02 15:24:32.900  1824  1951 W BroadcastQueue: Appop Denial: receiving Intent { act=android.intent.action.SERVICE_STATE flg=0x1000010 (has extras) } to ProcessRecord{7329222 2379:com.android.systemui/u0a168} (pid=2379, uid=10168) excludes appop android:read_phone_state due to sender android (uid 1001)
06-02 15:24:32.901  1824  1951 D CompatibilityChangeReporter: Compat change id reported: 135634846; UID 10173; state: DISABLED
06-02 15:24:32.901  1824  1951 D CompatibilityChangeReporter: Compat change id reported: 177438394; UID 10173; state: DISABLED
06-02 15:24:32.901  1824  1951 D CompatibilityChangeReporter: Compat change id reported: 135772972; UID 10173; state: DISABLED
06-02 15:24:32.901  1824  1951 D CompatibilityChangeReporter: Compat change id reported: 135754954; UID 10173; state: ENABLED
06-02 15:24:32.901  1824  1952 D CompatibilityChangeReporter: Compat change id reported: 143937733; UID 10173; state: ENABLED
06-02 15:24:32.915  1824  1952 I ActivityManager: Start proc 20066:com.android.cellbroadcastreceiver.module/u0a173 for broadcast {com.android.cellbroadcastreceiver.module/com.android.cellbroadcastreceiver.CellBroadcastReceiver}
06-02 15:24:35.269  2379 27391 D PowerUI : can't show warning due to - plugged: true status unknown: false
06-02 15:24:38.507  2379 32527 D PowerUI : can't show warning due to - plugged: true status unknown: false
06-02 15:24:38.519  1824  1951 D CompatibilityChangeReporter: Compat change id reported: 135634846; UID 10124; state: DISABLED
06-02 15:24:38.519  1824  1951 D CompatibilityChangeReporter: Compat change id reported: 177438394; UID 10124; state: DISABLED
06-02 15:24:38.519  1824  1951 D CompatibilityChangeReporter: Compat change id reported: 135772972; UID 10124; state: DISABLED
06-02 15:24:38.519  1824  1951 D CompatibilityChangeReporter: Compat change id reported: 135754954; UID 10124; state: ENABLED
06-02 15:24:38.519  1824  1952 D CompatibilityChangeReporter: Compat change id reported: 143937733; UID 10124; state: ENABLED
06-02 15:24:38.534  1824  1952 I ActivityManager: Start proc 20743:com.google.android.apps.turbo/u0a124 for broadcast {com.google.android.apps.turbo/com.google.android.apps.turbo.deadline.library.DeadlineUpdateReceiver}
06-02 15:24:38.959  1824  2905 D CompatibilityChangeReporter: Compat change id reported: 194532703; UID 10124; state: ENABLED
06-02 15:24:38.982  1824  2905 D CompatibilityChangeReporter: Compat change id reported: 161145287; UID 10124; state: DISABLED
06-02 15:24:39.021  1824  2905 D CompatibilityChangeReporter: Compat change id reported: 135634846; UID 10165; state: DISABLED
06-02 15:24:39.022  1824  2905 D CompatibilityChangeReporter: Compat change id reported: 177438394; UID 10165; state: DISABLED
06-02 15:24:39.022  1824  2905 D CompatibilityChangeReporter: Compat change id reported: 135772972; UID 10165; state: DISABLED
06-02 15:24:39.022  1824  2905 D CompatibilityChangeReporter: Compat change id reported: 135754954; UID 10165; state: ENABLED
06-02 15:24:39.023  1824  1952 D CompatibilityChangeReporter: Compat change id reported: 143937733; UID 10165; state: ENABLED
06-02 15:24:39.046  1824  1952 I ActivityManager: Start proc 20829:com.google.android.turboadapter/u0a165 for service {com.google.android.turboadapter/com.google.android.turboadapter.GoogleBatteryService}
06-02 15:24:39.516  1824  4428 D CompatibilityChangeReporter: Compat change id reported: 168419799; UID 10132; state: DISABLED
06-02 15:24:39.752  1824  2481 D CompatibilityChangeReporter: Compat change id reported: 161252188; UID 10165; state: ENABLED
06-02 15:24:39.840  1824  2905 I ActivityManager: Process com.android.cellbroadcastreceiver.module (pid 20066) has died: cch+5 CEM 
06-02 15:24:39.853  1824  2481 I ActivityManager: Process com.github.kr328.clash (pid 19272) has died: cch+5 CEM 
06-02 15:24:39.860  1824  1950 W ProcessCpuTracker: Failed to stat(/proc/19272): android.system.ErrnoException: stat failed: ENOENT (No such file or directory)
06-02 15:24:39.860  1824  1950 W ProcessCpuTracker: Skipping unknown process pid 19272
06-02 15:24:39.868  1824  1950 W ProcessCpuTracker: Failed to stat(/proc/20066): android.system.ErrnoException: stat failed: ENOENT (No such file or directory)
06-02 15:24:39.868  1824  1950 W ProcessCpuTracker: Skipping unknown process pid 20066
06-02 15:24:39.897  1824  1950 W ProcessCpuTracker: Failed to stat(/proc/20926): android.system.ErrnoException: stat failed: ENOENT (No such file or directory)
06-02 15:24:39.897  1824  1950 W ProcessCpuTracker: Skipping unknown process pid 20926
06-02 15:24:40.005  1824  2905 D CompatibilityChangeReporter: Compat change id reported: 149924527; UID 10154; state: ENABLED
06-02 15:24:40.006  1824  2905 D CompatibilityChangeReporter: Compat change id reported: 132649864; UID 10154; state: DISABLED
06-02 15:24:40.010  1824  2905 D CompatibilityChangeReporter: Compat change id reported: 182734110; UID 10154; state: ENABLED
06-02 15:24:40.221  1824  2905 W UriGrantsManagerService: No permission grants found for com.google.android.apps.photos
06-02 15:24:40.222  1824  2905 W UriGrantsManagerService: No permission grants found for com.google.android.apps.photos
06-02 15:24:40.361  1824  2905 W UriGrantsManagerService: No permission grants found for com.google.android.apps.photos
06-02 15:24:40.361  1824  2905 W UriGrantsManagerService: No permission grants found for com.google.android.apps.photos
06-02 15:24:40.926  2379  2889 D PowerUI : can't show warning due to - plugged: true status unknown: false
06-02 15:24:45.171  1824  5515 D CompatibilityChangeReporter: Compat change id reported: 135634846; UID 10204; state: DISABLED
06-02 15:24:45.171  1824  5515 D CompatibilityChangeReporter: Compat change id reported: 177438394; UID 10204; state: DISABLED
06-02 15:24:45.172  1824  5515 D CompatibilityChangeReporter: Compat change id reported: 135772972; UID 10204; state: DISABLED
06-02 15:24:45.172  1824  5515 D CompatibilityChangeReporter: Compat change id reported: 135754954; UID 10204; state: DISABLED
06-02 15:24:45.174  1824  1952 D CompatibilityChangeReporter: Compat change id reported: 143937733; UID 10204; state: DISABLED
06-02 15:24:45.189  1824  1952 I ActivityManager: Start proc 21405:com.mgoogle.android.gms/u0a204 for content provider {com.mgoogle.android.gms/org.microg.mgms.settings.SettingsProvider}
06-02 15:24:45.276  1824  5515 D CompatibilityChangeReporter: Compat change id reported: 168419799; UID 10204; state: DISABLED
06-02 15:24:45.405  1824  5515 D CompatibilityChangeReporter: Compat change id reported: 171306433; UID 10204; state: DISABLED
06-02 15:24:45.422  1824  1950 W ProcessStats: Tracking association SourceState{e1d1aa9 system/1000 BTopFgs #12255} whose proc state 2 is better than process ProcessState{479b8ee org.kde.kdeconnect_tp/10193 pkg=org.kde.kdeconnect_tp} proc state 3 (55 skipped)
06-02 15:24:47.653  1824  2905 I ActivityManager: Process com.google.android.turboadapter (pid 20829) has died: cch+5 CEM 
06-02 15:24:47.802  1824  2905 I ActivityManager: Process com.google.android.apps.turbo (pid 20743) has died: cch+5 CEM 
06-02 15:24:48.314  1824  2481 I ActivityManager: Process com.google.process.gservices (pid 3558) has died: prev LAST
06-02 15:24:48.364  1824  2905 I ActivityManager: Process com.qualcomm.telephony (pid 19969) has died: svcb SVC 
06-02 15:24:48.370  1824  2905 W ActivityManager: Scheduling restart of crashed service com.qualcomm.atfwd/.AtFwdService in 30000ms for start-requested
06-02 15:24:48.395  1824  4399 I ActivityManager: Process com.google.process.gapps (pid 19264) has died: prev LAST
06-02 15:24:49.028  1824  2481 I ActivityManager: Process com.maary.liveinpeace (pid 16897) has died: prcp FGS 
06-02 15:24:49.032  1824  2481 W ActivityManager: Scheduling restart of crashed service com.maary.liveinpeace/.service.ForegroundService in 69338ms for start-requested
06-02 15:24:49.734  1824  4399 D CompatibilityChangeReporter: Compat change id reported: 149924527; UID 10146; state: ENABLED
06-02 15:24:49.734  1824  4399 D CompatibilityChangeReporter: Compat change id reported: 132649864; UID 10146; state: DISABLED
06-02 15:24:49.745  1824  4399 D CompatibilityChangeReporter: Compat change id reported: 182734110; UID 10146; state: ENABLED
06-02 15:24:50.002  1824  2905 W JobScheduler: Job didn't exist in JobStore: 48d5c07 #u0a154/1034 com.google.android.apps.photos/com.google.android.libraries.social.mediamonitor.MediaMonitorJobSchedulerService
06-02 15:24:50.023  1824  2905 I ActivityManager: Process com.tencent.mm:push (pid 7373) has died: svc SVC 
06-02 15:24:50.024  1824  2905 W ActivityManager: Scheduling restart of crashed service com.tencent.mm/.booter.CoreService in 108345ms for start-requested
06-02 15:24:50.025  1824  2905 W ActivityManager: Scheduling restart of crashed service com.tencent.mm/.ipcinvoker.wx_extension.service.PushProcessIPCService in 148345ms for connection
06-02 15:24:50.103  1824  7592 I ActivityManager: Process com.google.android.inputmethod.latin (pid 19681) has died: prcp IMPB
06-02 15:24:50.106  1824  4428 I WindowManager: WIN DEATH: Window{682f67a u0 InputMethod}
06-02 15:24:50.107  1824  1824 W InputMethodManagerService: Session failed to close due to remote exception
06-02 15:24:50.107  1824  1824 W InputMethodManagerService: android.os.DeadObjectException
06-02 15:24:50.107  1824  1824 W InputMethodManagerService: 	at android.os.BinderProxy.transactNative(Native Method)
06-02 15:24:50.107  1824  1824 W InputMethodManagerService: 	at android.os.BinderProxy.transact(BinderProxy.java:584)
06-02 15:24:50.107  1824  1824 W InputMethodManagerService: 	at com.android.internal.view.IInputMethodSession$Stub$Proxy.finishSession(IInputMethodSession.java:358)
06-02 15:24:50.107  1824  1824 W InputMethodManagerService: 	at com.android.server.inputmethod.InputMethodManagerService.finishSessionLocked(InputMethodManagerService.java:3188)
06-02 15:24:50.107  1824  1824 W InputMethodManagerService: 	at com.android.server.inputmethod.InputMethodManagerService.clearClientSessionLocked(InputMethodManagerService.java:3160)
06-02 15:24:50.107  1824  1824 W InputMethodManagerService: 	at com.android.server.inputmethod.InputMethodManagerService.clearClientSessionsLocked(InputMethodManagerService.java:3221)
06-02 15:24:50.107  1824  1824 W InputMethodManagerService: 	at com.android.server.inputmethod.InputMethodBindingController.clearCurMethodAndSessions(InputMethodBindingController.java:367)
06-02 15:24:50.107  1824  1824 W InputMethodManagerService: 	at com.android.server.inputmethod.InputMethodBindingController.-$$Nest$mclearCurMethodAndSessions(Unknown Source:0)
06-02 15:24:50.107  1824  1824 W InputMethodManagerService: 	at com.android.server.inputmethod.InputMethodBindingController$2.onServiceDisconnected(InputMethodBindingController.java:338)
06-02 15:24:50.107  1824  1824 W InputMethodManagerService: 	at android.app.LoadedApk$ServiceDispatcher.doDeath(LoadedApk.java:2208)
06-02 15:24:50.107  1824  1824 W InputMethodManagerService: 	at android.app.LoadedApk$ServiceDispatcher$RunConnection.run(LoadedApk.java:2223)
06-02 15:24:50.107  1824  1824 W InputMethodManagerService: 	at android.os.Handler.handleCallback(Handler.java:942)
06-02 15:24:50.107  1824  1824 W InputMethodManagerService: 	at android.os.Handler.dispatchMessage(Handler.java:99)
06-02 15:24:50.107  1824  1824 W InputMethodManagerService: 	at android.os.Looper.loopOnce(Looper.java:201)
06-02 15:24:50.107  1824  1824 W InputMethodManagerService: 	at android.os.Looper.loop(Looper.java:288)
06-02 15:24:50.107  1824  1824 W InputMethodManagerService: 	at com.android.server.SystemServer.run(SystemServer.java:972)
06-02 15:24:50.107  1824  1824 W InputMethodManagerService: 	at com.android.server.SystemServer.main(SystemServer.java:657)
06-02 15:24:50.107  1824  1824 W InputMethodManagerService: 	at java.lang.reflect.Method.invoke(Native Method)
06-02 15:24:50.107  1824  1824 W InputMethodManagerService: 	at com.android.internal.os.RuntimeInit$MethodAndArgsCaller.run(RuntimeInit.java:548)
06-02 15:24:50.107  1824  1824 W InputMethodManagerService: 	at com.android.internal.os.ZygoteInit.main(ZygoteInit.java:920)
06-02 15:24:50.109  1824  1824 W InputMethodManagerService: Session failed to close due to remote exception
06-02 15:24:50.109  1824  1824 W InputMethodManagerService: android.os.DeadObjectException
06-02 15:24:50.109  1824  1824 W InputMethodManagerService: 	at android.os.BinderProxy.transactNative(Native Method)
06-02 15:24:50.109  1824  1824 W InputMethodManagerService: 	at android.os.BinderProxy.transact(BinderProxy.java:584)
06-02 15:24:50.109  1824  1824 W InputMethodManagerService: 	at com.android.internal.view.IInputMethodSession$Stub$Proxy.finishSession(IInputMethodSession.java:358)
06-02 15:24:50.109  1824  1824 W InputMethodManagerService: 	at com.android.server.inputmethod.InputMethodManagerService.finishSessionLocked(InputMethodManagerService.java:3188)
06-02 15:24:50.109  1824  1824 W InputMethodManagerService: 	at com.android.server.inputmethod.InputMethodManagerService.clearClientSessionLocked(InputMethodManagerService.java:3160)
06-02 15:24:50.109  1824  1824 W InputMethodManagerService: 	at com.android.server.inputmethod.InputMethodManagerService.clearClientSessionsLocked(InputMethodManagerService.java:3221)
06-02 15:24:50.109  1824  1824 W InputMethodManagerService: 	at com.android.server.inputmethod.InputMethodBindingController.clearCurMethodAndSessions(InputMethodBindingController.java:367)
06-02 15:24:50.109  1824  1824 W InputMethodManagerService: 	at com.android.server.inputmethod.InputMethodBindingController.-$$Nest$mclearCurMethodAndSessions(Unknown Source:0)
06-02 15:24:50.109  1824  1824 W InputMethodManagerService: 	at com.android.server.inputmethod.InputMethodBindingController$2.onServiceDisconnected(InputMethodBindingController.java:338)
06-02 15:24:50.109  1824  1824 W InputMethodManagerService: 	at android.app.LoadedApk$ServiceDispatcher.doDeath(LoadedApk.java:2208)
06-02 15:24:50.109  1824  1824 W InputMethodManagerService: 	at android.app.LoadedApk$ServiceDispatcher$RunConnection.run(LoadedApk.java:2223)
06-02 15:24:50.109  1824  1824 W InputMethodManagerService: 	at android.os.Handler.handleCallback(Handler.java:942)
06-02 15:24:50.109  1824  1824 W InputMethodManagerService: 	at android.os.Handler.dispatchMessage(Handler.java:99)
06-02 15:24:50.109  1824  1824 W InputMethodManagerService: 	at android.os.Looper.loopOnce(Looper.java:201)
06-02 15:24:50.109  1824  1824 W InputMethodManagerService: 	at android.os.Looper.loop(Looper.java:288)
06-02 15:24:50.109  1824  1824 W InputMethodManagerService: 	at com.android.server.SystemServer.run(SystemServer.java:972)
06-02 15:24:50.109  1824  1824 W InputMethodManagerService: 	at com.android.server.SystemServer.main(SystemServer.java:657)
06-02 15:24:50.109  1824  1824 W InputMethodManagerService: 	at java.lang.reflect.Method.invoke(Native Method)
06-02 15:24:50.109  1824  1824 W InputMethodManagerService: 	at com.android.internal.os.RuntimeInit$MethodAndArgsCaller.run(RuntimeInit.java:548)
06-02 15:24:50.109  1824  1824 W InputMethodManagerService: 	at com.android.internal.os.ZygoteInit.main(ZygoteInit.java:920)
06-02 15:24:50.110  1824  1824 W InputMethodManagerService: Session failed to close due to remote exception
06-02 15:24:50.110  1824  1824 W InputMethodManagerService: android.os.DeadObjectException
06-02 15:24:50.110  1824  1824 W InputMethodManagerService: 	at android.os.BinderProxy.transactNative(Native Method)
06-02 15:24:50.110  1824  1824 W InputMethodManagerService: 	at android.os.BinderProxy.transact(BinderProxy.java:584)
06-02 15:24:50.110  1824  1824 W InputMethodManagerService: 	at com.android.internal.view.IInputMethodSession$Stub$Proxy.finishSession(IInputMethodSession.java:358)
06-02 15:24:50.110  1824  1824 W InputMethodManagerService: 	at com.android.server.inputmethod.InputMethodManagerService.finishSessionLocked(InputMethodManagerService.java:3188)
06-02 15:24:50.110  1824  1824 W InputMethodManagerService: 	at com.android.server.inputmethod.InputMethodManagerService.clearClientSessionLocked(InputMethodManagerService.java:3160)
06-02 15:24:50.110  1824  1824 W InputMethodManagerService: 	at com.android.server.inputmethod.InputMethodManagerService.clearClientSessionsLocked(InputMethodManagerService.java:3221)
06-02 15:24:50.110  1824  1824 W InputMethodManagerService: 	at com.android.server.inputmethod.InputMethodBindingController.clearCurMethodAndSessions(InputMethodBindingController.java:367)
06-02 15:24:50.110  1824  1824 W InputMethodManagerService: 	at com.android.server.inputmethod.InputMethodBindingController.-$$Nest$mclearCurMethodAndSessions(Unknown Source:0)
06-02 15:24:50.110  1824  1824 W InputMethodManagerService: 	at com.android.server.inputmethod.InputMethodBindingController$2.onServiceDisconnected(InputMethodBindingController.java:338)
06-02 15:24:50.110  1824  1824 W InputMethodManagerService: 	at android.app.LoadedApk$ServiceDispatcher.doDeath(LoadedApk.java:2208)
06-02 15:24:50.110  1824  1824 W InputMethodManagerService: 	at android.app.LoadedApk$ServiceDispatcher$RunConnection.run(LoadedApk.java:2223)
06-02 15:24:50.110  1824  1824 W InputMethodManagerService: 	at android.os.Handler.handleCallback(Handler.java:942)
06-02 15:24:50.110  1824  1824 W InputMethodManagerService: 	at android.os.Handler.dispatchMessage(Handler.java:99)
06-02 15:24:50.110  1824  1824 W InputMethodManagerService: 	at android.os.Looper.loopOnce(Looper.java:201)
06-02 15:24:50.110  1824  1824 W InputMethodManagerService: 	at android.os.Looper.loop(Looper.java:288)
06-02 15:24:50.110  1824  1824 W InputMethodManagerService: 	at com.android.server.SystemServer.run(SystemServer.java:972)
06-02 15:24:50.110  1824  1824 W InputMethodManagerService: 	at com.android.server.SystemServer.main(SystemServer.java:657)
06-02 15:24:50.110  1824  1824 W InputMethodManagerService: 	at java.lang.reflect.Method.invoke(Native Method)
06-02 15:24:50.110  1824  1824 W InputMethodManagerService: 	at com.android.internal.os.RuntimeInit$MethodAndArgsCaller.run(RuntimeInit.java:548)
06-02 15:24:50.110  1824  1824 W InputMethodManagerService: 	at com.android.internal.os.ZygoteInit.main(ZygoteInit.java:920)
06-02 15:24:50.111  1824  1824 W InputMethodManagerService: Session failed to close due to remote exception
06-02 15:24:50.111  1824  1824 W InputMethodManagerService: android.os.DeadObjectException
06-02 15:24:50.111  1824  1824 W InputMethodManagerService: 	at android.os.BinderProxy.transactNative(Native Method)
06-02 15:24:50.111  1824  1824 W InputMethodManagerService: 	at android.os.BinderProxy.transact(BinderProxy.java:584)
06-02 15:24:50.111  1824  1824 W InputMethodManagerService: 	at com.android.internal.view.IInputMethodSession$Stub$Proxy.finishSession(IInputMethodSession.java:358)
06-02 15:24:50.111  1824  1824 W InputMethodManagerService: 	at com.android.server.inputmethod.InputMethodManagerService.finishSessionLocked(InputMethodManagerService.java:3188)
